Archive member included to satisfy reference by file (symbol)

C:/ST/STM32CubeIDE_1.19.0/STM32CubeIDE/plugins/com.st.stm32cube.ide.mcu.externaltools.gnu-tools-for-stm32.13.3.rel1.win32_1.0.100.202509120712/tools/bin/../lib/gcc/arm-none-eabi/13.3.1/../../../../arm-none-eabi/lib/thumb/v6-m/nofp\libc_nano.a(libc_a-exit.o)
                              C:/ST/STM32CubeIDE_1.19.0/STM32CubeIDE/plugins/com.st.stm32cube.ide.mcu.externaltools.gnu-tools-for-stm32.13.3.rel1.win32_1.0.100.202509120712/tools/bin/../lib/gcc/arm-none-eabi/13.3.1/../../../../arm-none-eabi/lib/thumb/v6-m/nofp/crt0.o (exit)
C:/ST/STM32CubeIDE_1.19.0/STM32CubeIDE/plugins/com.st.stm32cube.ide.mcu.externaltools.gnu-tools-for-stm32.13.3.rel1.win32_1.0.100.202509120712/tools/bin/../lib/gcc/arm-none-eabi/13.3.1/../../../../arm-none-eabi/lib/thumb/v6-m/nofp\libc_nano.a(libc_a-findfp.o)
                              C:/ST/STM32CubeIDE_1.19.0/STM32CubeIDE/plugins/com.st.stm32cube.ide.mcu.externaltools.gnu-tools-for-stm32.13.3.rel1.win32_1.0.100.202509120712/tools/bin/../lib/gcc/arm-none-eabi/13.3.1/../../../../arm-none-eabi/lib/thumb/v6-m/nofp\libc_nano.a(libc_a-exit.o) (__stdio_exit_handler)
C:/ST/STM32CubeIDE_1.19.0/STM32CubeIDE/plugins/com.st.stm32cube.ide.mcu.externaltools.gnu-tools-for-stm32.13.3.rel1.win32_1.0.100.202509120712/tools/bin/../lib/gcc/arm-none-eabi/13.3.1/../../../../arm-none-eabi/lib/thumb/v6-m/nofp\libc_nano.a(libc_a-fwalk.o)
                              C:/ST/STM32CubeIDE_1.19.0/STM32CubeIDE/plugins/com.st.stm32cube.ide.mcu.externaltools.gnu-tools-for-stm32.13.3.rel1.win32_1.0.100.202509120712/tools/bin/../lib/gcc/arm-none-eabi/13.3.1/../../../../arm-none-eabi/lib/thumb/v6-m/nofp\libc_nano.a(libc_a-findfp.o) (_fwalk_sglue)
C:/ST/STM32CubeIDE_1.19.0/STM32CubeIDE/plugins/com.st.stm32cube.ide.mcu.externaltools.gnu-tools-for-stm32.13.3.rel1.win32_1.0.100.202509120712/tools/bin/../lib/gcc/arm-none-eabi/13.3.1/../../../../arm-none-eabi/lib/thumb/v6-m/nofp\libc_nano.a(libc_a-stdio.o)
                              C:/ST/STM32CubeIDE_1.19.0/STM32CubeIDE/plugins/com.st.stm32cube.ide.mcu.externaltools.gnu-tools-for-stm32.13.3.rel1.win32_1.0.100.202509120712/tools/bin/../lib/gcc/arm-none-eabi/13.3.1/../../../../arm-none-eabi/lib/thumb/v6-m/nofp\libc_nano.a(libc_a-findfp.o) (__sread)
C:/ST/STM32CubeIDE_1.19.0/STM32CubeIDE/plugins/com.st.stm32cube.ide.mcu.externaltools.gnu-tools-for-stm32.13.3.rel1.win32_1.0.100.202509120712/tools/bin/../lib/gcc/arm-none-eabi/13.3.1/../../../../arm-none-eabi/lib/thumb/v6-m/nofp\libc_nano.a(libc_a-memset.o)
                              C:/ST/STM32CubeIDE_1.19.0/STM32CubeIDE/plugins/com.st.stm32cube.ide.mcu.externaltools.gnu-tools-for-stm32.13.3.rel1.win32_1.0.100.202509120712/tools/bin/../lib/gcc/arm-none-eabi/13.3.1/../../../../arm-none-eabi/lib/thumb/v6-m/nofp/crt0.o (memset)
C:/ST/STM32CubeIDE_1.19.0/STM32CubeIDE/plugins/com.st.stm32cube.ide.mcu.externaltools.gnu-tools-for-stm32.13.3.rel1.win32_1.0.100.202509120712/tools/bin/../lib/gcc/arm-none-eabi/13.3.1/../../../../arm-none-eabi/lib/thumb/v6-m/nofp\libc_nano.a(libc_a-closer.o)
                              C:/ST/STM32CubeIDE_1.19.0/STM32CubeIDE/plugins/com.st.stm32cube.ide.mcu.externaltools.gnu-tools-for-stm32.13.3.rel1.win32_1.0.100.202509120712/tools/bin/../lib/gcc/arm-none-eabi/13.3.1/../../../../arm-none-eabi/lib/thumb/v6-m/nofp\libc_nano.a(libc_a-stdio.o) (_close_r)
C:/ST/STM32CubeIDE_1.19.0/STM32CubeIDE/plugins/com.st.stm32cube.ide.mcu.externaltools.gnu-tools-for-stm32.13.3.rel1.win32_1.0.100.202509120712/tools/bin/../lib/gcc/arm-none-eabi/13.3.1/../../../../arm-none-eabi/lib/thumb/v6-m/nofp\libc_nano.a(libc_a-reent.o)
                              C:/ST/STM32CubeIDE_1.19.0/STM32CubeIDE/plugins/com.st.stm32cube.ide.mcu.externaltools.gnu-tools-for-stm32.13.3.rel1.win32_1.0.100.202509120712/tools/bin/../lib/gcc/arm-none-eabi/13.3.1/../../../../arm-none-eabi/lib/thumb/v6-m/nofp\libc_nano.a(libc_a-closer.o) (errno)
C:/ST/STM32CubeIDE_1.19.0/STM32CubeIDE/plugins/com.st.stm32cube.ide.mcu.externaltools.gnu-tools-for-stm32.13.3.rel1.win32_1.0.100.202509120712/tools/bin/../lib/gcc/arm-none-eabi/13.3.1/../../../../arm-none-eabi/lib/thumb/v6-m/nofp\libc_nano.a(libc_a-impure.o)
                              C:/ST/STM32CubeIDE_1.19.0/STM32CubeIDE/plugins/com.st.stm32cube.ide.mcu.externaltools.gnu-tools-for-stm32.13.3.rel1.win32_1.0.100.202509120712/tools/bin/../lib/gcc/arm-none-eabi/13.3.1/../../../../arm-none-eabi/lib/thumb/v6-m/nofp\libc_nano.a(libc_a-reent.o) (_impure_ptr)
C:/ST/STM32CubeIDE_1.19.0/STM32CubeIDE/plugins/com.st.stm32cube.ide.mcu.externaltools.gnu-tools-for-stm32.13.3.rel1.win32_1.0.100.202509120712/tools/bin/../lib/gcc/arm-none-eabi/13.3.1/../../../../arm-none-eabi/lib/thumb/v6-m/nofp\libc_nano.a(libc_a-lseekr.o)
[...]
Memory Configuration

Name             Origin             Length             Attributes
RAM              0x20000000         0x00002000         xrw
FLASH            0x08000000         0x0000f800         xr
*default*        0x00000000         0xffffffff

Linker script and memory map

LOAD C:/ST/STM32CubeIDE_1.19.0/STM32CubeIDE/plugins/com.st.stm32cube.ide.mcu.externaltools.gnu-tools-for-stm32.13.3.rel1.win32_1.0.100.202509120712/tools/bin/../lib/gcc/arm-none-eabi/13.3.1/thumb/v6-m/nofp/crti.o
LOAD C:/ST/STM32CubeIDE_1.19.0/STM32CubeIDE/plugins/com.st.stm32cube.ide.mcu.externaltools.gnu-tools-for-stm32.13.3.rel1.win32_1.0.100.202509120712/tools/bin/../lib/gcc/arm-none-eabi/13.3.1/thumb/v6-m/nofp/crtbegin.o
LOAD C:/ST/STM32CubeIDE_1.19.0/STM32CubeIDE/plugins/com.st.stm32cube.ide.mcu.externaltools.gnu-tools-for-stm32.13.3.rel1.win32_1.0.100.202509120712/tools/bin/../lib/gcc/arm-none-eabi/13.3.1/../../../../arm-none-eabi/lib/thumb/v6-m/nofp/crt0.o
LOAD ./Core/Src/custom_callbacks.o
LOAD ./Core/Src/main.o
LOAD ./Core/Src/multiplexer.o
LOAD ./Core/Src/stm32g0xx_hal_msp.o
LOAD ./Core/Src/stm32g0xx_it.o
LOAD ./Core/Src/syscalls.o
LOAD ./Core/Src/sysmem.o
LOAD ./Core/Src/system_stm32g0xx.o
LOAD ./Core/Src/timers.o
LOAD ./Core/Startup/startup_stm32g031k8tx.o
LOAD ./Drivers/STM32G0xx_HAL_Driver/Src/stm32g0xx_hal.o
LOAD ./Drivers/STM32G0xx_HAL_Driver/Src/stm32g0xx_hal_cortex.o
LOAD ./Drivers/STM32G0xx_HAL_Driver/Src/stm32g0xx_hal_dma.o
LOAD ./Drivers/STM32G0xx_HAL_Driver/Src/stm32g0xx_hal_dma_ex.o
LOAD ./Drivers/STM32G0xx_HAL_Driver/Src/stm32g0xx_hal_exti.o
LOAD ./Drivers/STM32G0xx_HAL_Driver/Src/stm32g0xx_hal_flash.o
LOAD ./Drivers/STM32G0xx_HAL_Driver/Src/stm32g0xx_hal_flash_ex.o
LOAD ./Drivers/STM32G0xx_HAL_Driver/Src/stm32g0xx_hal_gpio.o
LOAD ./Drivers/STM32G0xx_HAL_Driver/Src/stm32g0xx_hal_lptim.o
LOAD ./Drivers/STM32G0xx_HAL_Driver/Src/stm32g0xx_hal_pwr.o
LOAD ./Drivers/STM32G0xx_HAL_Driver/Src/stm32g0xx_hal_pwr_ex.o
LOAD ./Drivers/STM32G0xx_HAL_Driver/Src/stm32g0xx_hal_rcc.o
LOAD ./Drivers/STM32G0xx_HAL_Driver/Src/stm32g0xx_hal_rcc_ex.o
LOAD ./Drivers/STM32G0xx_HAL_Driver/Src/stm32g0xx_hal_rtc.o
LOAD ./Drivers/STM32G0xx_HAL_Driver/Src/stm32g0xx_hal_rtc_ex.o
LOAD ./Drivers/STM32G0xx_HAL_Driver/Src/stm32g0xx_hal_tim.o
LOAD ./Drivers/STM32G0xx_HAL_Driver/Src/stm32g0xx_hal_tim_ex.o
LOAD ./Drivers/STM32G0xx_HAL_Driver/Src/stm32g0xx_hal_uart.o
LOAD ./Drivers/STM32G0xx_HAL_Driver/Src/stm32g0xx_hal_uart_ex.o
LOAD ./Drivers/STM32G0xx_HAL_Driver/Src/stm32g0xx_ll_rcc.o
START GROUP
LOAD C:/ST/STM32CubeIDE_1.19.0/STM32CubeIDE/plugins/com.st.stm32cube.ide.mcu.externaltools.gnu-tools-for-stm32.13.3.rel1.win32_1.0.100.202509120712/tools/bin/../lib/gcc/arm-none-eabi/13.3.1/../../../../arm-none-eabi/lib/thumb/v6-m/nofp\libc_nano.a
LOAD C:/ST/STM32CubeIDE_1.19.0/STM32CubeIDE/plugins/com.st.stm32cube.ide.mcu.externaltools.gnu-tools-for-stm32.13.3.rel1.win32_1.0.100.202509120712/tools/bin/../lib/gcc/arm-none-eabi/13.3.1/../../../../arm-none-eabi/lib/thumb/v6-m/nofp\libm.a
END GROUP
START GROUP
LOAD C:/ST/STM32CubeIDE_1.19.0/STM32CubeIDE/plugins/com.st.stm32cube.ide.mcu.externaltools.gnu-tools-for-stm32.13.3.rel1.win32_1.0.100.202509120712/tools/bin/../lib/gcc/arm-none-eabi/13.3.1/thumb/v6-m/nofp\libgcc.a
LOAD C:/ST/STM32CubeIDE_1.19.0/STM32CubeIDE/plugins/com.st.stm32cube.ide.mcu.externaltools.gnu-tools-for-stm32.13.3.rel1.win32_1.0.100.202509120712/tools/bin/../lib/gcc/arm-none-eabi/13.3.1/../../../../arm-none-eabi/lib/thumb/v6-m/nofp\libc_nano.a
END GROUP
START GROUP
LOAD C:/ST/STM32CubeIDE_1.19.0/STM32CubeIDE/plugins/com.st.stm32cube.ide.mcu.externaltools.gnu-tools-for-stm32.13.3.rel1.win32_1.0.100.202509120712/tools/bin/../lib/gcc/arm-none-eabi/13.3.1/thumb/v6-m/nofp\libgcc.a
LOAD C:/ST/STM32CubeIDE_1.19.0/STM32CubeIDE/plugins/com.st.stm32cube.ide.mcu.externaltools.gnu-tools-for-stm32.13.3.rel1.win32_1.0.100.202509120712/tools/bin/../lib/gcc/arm-none-eabi/13.3.1/../../../../arm-none-eabi/lib/thumb/v6-m/nofp\libc_nano.a
LOAD C:/ST/STM32CubeIDE_1.19.0/STM32CubeIDE/plugins/com.st.stm32cube.ide.mcu.externaltools.gnu-tools-for-stm32.13.3.rel1.win32_1.0.100.202509120712/tools/bin/../lib/gcc/arm-none-eabi/13.3.1/../../../../arm-none-eabi/lib/thumb/v6-m/nofp\libnosys.a
END GROUP
START GROUP
LOAD C:/ST/STM32CubeIDE_1.19.0/STM32CubeIDE/plugins/com.st.stm32cube.ide.mcu.externaltools.gnu-tools-for-stm32.13.3.rel1.win32_1.0.100.202509120712/tools/bin/../lib/gcc/arm-none-eabi/13.3.1/thumb/v6-m/nofp\libgcc.a
LOAD C:/ST/STM32CubeIDE_1.19.0/STM32CubeIDE/plugins/com.st.stm32cube.ide.mcu.externaltools.gnu-tools-for-stm32.13.3.rel1.win32_1.0.100.202509120712/tools/bin/../lib/gcc/arm-none-eabi/13.3.1/../../../../arm-none-eabi/lib/thumb/v6-m/nofp\libc_nano.a
LOAD C:/ST/STM32CubeIDE_1.19.0/STM32CubeIDE/plugins/com.st.stm32cube.ide.mcu.externaltools.gnu-tools-for-stm32.13.3.rel1.win32_1.0.100.202509120712/tools/bin/../lib/gcc/arm-none-eabi/13.3.1/../../../../arm-none-eabi/lib/thumb/v6-m/nofp\libnosys.a
END GROUP
LOAD C:/ST/STM32CubeIDE_1.19.0/STM32CubeIDE/plugins/com.st.stm32cube.ide.mcu.externaltools.gnu-tools-for-stm32.13.3.rel1.win32_1.0.100.202509120712/tools/bin/../lib/gcc/arm-none-eabi/13.3.1/thumb/v6-m/nofp/crtend.o
LOAD C:/ST/STM32CubeIDE_1.19.0/STM32CubeIDE/plugins/com.st.stm32cube.ide.mcu.externaltools.gnu-tools-for-stm32.13.3.rel1.win32_1.0.100.202509120712/tools/bin/../lib/gcc/arm-none-eabi/13.3.1/thumb/v6-m/nofp/crtn.o
                0x20002000                        _estack = (ORIGIN (RAM) + LENGTH (RAM))
                0x00000200                        _Min_Heap_Size = 0x200
                0x00000400                        _Min_Stack_Size = 0x400

.isr_vector     0x08000000       0xbc
                0x08000000                        . = ALIGN (0x4)
 *(.isr_vector)
 .isr_vector    0x08000000       0xbc ./Core/Startup/startup_stm32g031k8tx.o
                0x08000000                g_pfnVectors
                0x080000bc                        . = ALIGN (0x4)

.text           0x080000bc     0x49a8
                0x080000bc                        . = ALIGN (0x4)
 *(.text)
 .text          0x080000bc       0x48 C:/ST/STM32CubeIDE_1.19.0/STM32CubeIDE/plugins/com.st.stm32cube.ide.mcu.externaltools.gnu-tools-for-stm32.13.3.rel1.win32_1.0.100.202509120712/tools/bin/../lib/gcc/arm-none-eabi/13.3.1/thumb/v6-m/nofp/crtbegin.o
 .text          0x08000104       0x14 C:/ST/STM32CubeIDE_1.19.0/STM32CubeIDE/plugins/com.st.stm32cube.ide.mcu.externaltools.gnu-tools-for-stm32.13.3.rel1.win32_1.0.100.202509120712/tools/bin/../lib/gcc/arm-none-eabi/13.3.1/thumb/v6-m/nofp\libgcc.a(_thumb1_case_sqi.o)
                0x08000104                __gnu_thumb1_case_sqi
 .text          0x08000118       0x14 C:/ST/STM32CubeIDE_1.19.0/STM32CubeIDE/plugins/com.st.stm32cube.ide.mcu.externaltools.gnu-tools-for-stm32.13.3.rel1.win32_1.0.100.202509120712/tools/bin/../lib/gcc/arm-none-eabi/13.3.1/thumb/v6-m/nofp\libgcc.a(_thumb1_case_uqi.o)
                0x08000118                __gnu_thumb1_case_uqi
 .text          0x0800012c      0x114 C:/ST/STM32CubeIDE_1.19.0/STM32CubeIDE/plugins/com.st.stm32cube.ide.mcu.externaltools.gnu-tools-for-stm32.13.3.rel1.win32_1.0.100.202509120712/tools/bin/../lib/gcc/arm-none-eabi/13.3.1/thumb/v6-m/nofp\libgcc.a(_udivsi3.o)
                0x0800012c                __aeabi_uidiv
                0x0800012c                __udivsi3
                0x08000238                __aeabi_uidivmod
 .text          0x08000240        0x4 C:/ST/STM32CubeIDE_1.19.0/STM32CubeIDE/plugins/com.st.stm32cube.ide.mcu.externaltools.gnu-tools-for-stm32.13.3.rel1.win32_1.0.100.202509120712/tools/bin/../lib/gcc/arm-none-eabi/13.3.1/thumb/v6-m/nofp\libgcc.a(_dvmd_tls.o)
                0x08000240                __aeabi_idiv0
                0x08000240                __aeabi_ldiv0
 .text          0x08000244       0x40 C:/ST/STM32CubeIDE_1.19.0/STM32CubeIDE/plugins/com.st.stm32cube.ide.mcu.externaltools.gnu-tools-for-stm32.13.3.rel1.win32_1.0.100.202509120712/tools/bin/../lib/gcc/arm-none-eabi/13.3.1/thumb/v6-m/nofp\libgcc.a(_aeabi_uldivmod.o)
                0x08000244                __aeabi_uldivmod
 .text          0x08000284      0x198 C:/ST/STM32CubeIDE_1.19.0/STM32CubeIDE/plugins/com.st.stm32cube.ide.mcu.externaltools.gnu-tools-for-stm32.13.3.rel1.win32_1.0.100.202509120712/tools/bin/../lib/gcc/arm-none-eabi/13.3.1/thumb/v6-m/nofp\libgcc.a(_udivmoddi4.o)
                0x08000284                __udivmoddi4
 .text          0x0800041c       0x18 C:/ST/STM32CubeIDE_1.19.0/STM32CubeIDE/plugins/com.st.stm32cube.ide.mcu.externaltools.gnu-tools-for-stm32.13.3.rel1.win32_1.0.100.202509120712/tools/bin/../lib/gcc/arm-none-eabi/13.3.1/thumb/v6-m/nofp\libgcc.a(_clzdi2.o)
                0x0800041c                __clzdi2
 .text          0x08000434       0x3c C:/ST/STM32CubeIDE_1.19.0/STM32CubeIDE/plugins/com.st.stm32cube.ide.mcu.externaltools.gnu-tools-for-stm32.13.3.rel1.win32_1.0.100.202509120712/tools/bin/../lib/gcc/arm-none-eabi/13.3.1/thumb/v6-m/nofp\libgcc.a(_clzsi2.o)
                0x08000434                __clzsi2
 *(.text*)
 .text.TIM17_Multiplexer_Sequencer_Callback
                0x08000470      0x35c ./Core/Src/custom_callbacks.o
                0x08000470                TIM17_Multiplexer_Sequencer_Callback
 .text.TIM16_Anti_Cathode_Poisoning_Callback
                0x080007cc       0xa0 ./Core/Src/custom_callbacks.o
                0x080007cc                TIM16_Anti_Cathode_Poisoning_Callback
 .text.TIM14_Valve_Blink_Callback
                0x0800086c       0x18 ./Core/Src/custom_callbacks.o
                0x0800086c                TIM14_Valve_Blink_Callback
 .text.LPTIM1_Rotary_Encoder_Switch_Callback
                0x08000884      0x2b8 ./Core/Src/custom_callbacks.o
                0x08000884                LPTIM1_Rotary_Encoder_Switch_Callback
 .text.HAL_GPIO_EXTI_Rising_Callback
                0x08000b3c        0xe ./Core/Src/custom_callbacks.o
                0x08000b3c                HAL_GPIO_EXTI_Rising_Callback
 *fill*         0x08000b4a        0x2 
 .text.Alarm_Callback
                0x08000b4c        0xc ./Core/Src/custom_callbacks.o
                0x08000b4c                Alarm_Callback
 .text.RTC_Time_Init
                0x08000b58       0x40 ./Core/Src/main.o
                0x08000b58                RTC_Time_Init
 .text.SystemClock_Config
                0x08000b98       0x90 ./Core/Src/main.o
                0x08000b98                SystemClock_Config
 .text.startup.main
                0x08000c28      0x834 ./Core/Src/main.o
                0x08000c28                main
 .text.Error_Handler
                0x0800145c        0x4 ./Core/Src/main.o
                0x0800145c                Error_Handler
 .text.Write_Digit_to_Valve
                0x08001460       0x5c ./Core/Src/multiplexer.o
                0x08001460                Write_Digit_to_Valve
 .text.Turn_All_Valves_Off
                0x080014bc       0x28 ./Core/Src/multiplexer.o
                0x080014bc                Turn_All_Valves_Off
 .text.Start_Multiplexer_Timer
                0x080014e4       0x24 ./Core/Src/multiplexer.o
                0x080014e4                Start_Multiplexer_Timer
 .text.Start_Anti_Cathode_Poisoning_Timer
                0x08001508       0x24 ./Core/Src/multiplexer.o
                0x08001508                Start_Anti_Cathode_Poisoning_Timer
 .text.Start_Adjust_Time_Slash_Alarm_Set_Mode_Timer
                0x0800152c       0x24 ./Core/Src/multiplexer.o
                0x0800152c                Start_Adjust_Time_Slash_Alarm_Set_Mode_Timer
 .text.Stop_Adjust_Time_Slash_Alarm_Set_Mode_Timer
                0x08001550       0x1c ./Core/Src/multiplexer.o
                0x08001550                Stop_Adjust_Time_Slash_Alarm_Set_Mode_Timer
 .text.Master_Init
                0x0800156c       0x42 ./Core/Src/multiplexer.o
                0x0800156c                Master_Init
 .text.Set_System_Mode_and_Store_Previous_Mode
                0x080015ae        0xc ./Core/Src/multiplexer.o
                0x080015ae                Set_System_Mode_and_Store_Previous_Mode
 *fill*         0x080015ba        0x2 
 .text.Toggle_HV_Power_Supply
                0x080015bc       0x1c ./Core/Src/multiplexer.o
                0x080015bc                Toggle_HV_Power_Supply
 .text.Get_RTC_Time
                0x080015d8       0x28 ./Core/Src/multiplexer.o
                0x080015d8                Get_RTC_Time
 .text.Check_Rotary_Encoder_Switch_State
                0x08001600       0x5c ./Core/Src/multiplexer.o
                0x08001600                Check_Rotary_Encoder_Switch_State
 .text.Set_Fault_LED_ON
                0x0800165c       0x20 ./Core/Src/multiplexer.o
                0x0800165c                Set_Fault_LED_ON
 .text.Set_Alarm
                0x0800167c       0x4c ./Core/Src/multiplexer.o
                0x0800167c                Set_Alarm
 .text.Clear_Alarm
                0x080016c8       0x34 ./Core/Src/multiplexer.o
                0x080016c8                Clear_Alarm
 .text.Set_Adjust_Time_LED_ON
                0x080016fc       0x20 ./Core/Src/multiplexer.o
                0x080016fc                Set_Adjust_Time_LED_ON
 .text.Set_Adjust_Time_LED_OFF
                0x0800171c       0x14 ./Core/Src/multiplexer.o
                0x0800171c                Set_Adjust_Time_LED_OFF
 .text.Set_Alarm_Set_LEDs_ON
                0x08001730       0x30 ./Core/Src/multiplexer.o
                0x08001730                Set_Alarm_Set_LEDs_ON
 .text.Set_Alarm_Set_LEDs_OFF
                0x08001760        0x8 ./Core/Src/multiplexer.o
                0x08001760                Set_Alarm_Set_LEDs_OFF
 .text.Initialise_Rotary_Encoder_LEDs
                0x08001768       0x2c ./Core/Src/multiplexer.o
                0x08001768                Initialise_Rotary_Encoder_LEDs
 .text.Initialise_Valve_LEDs
                0x08001794       0x38 ./Core/Src/multiplexer.o
                0x08001794                Initialise_Valve_LEDs
 .text.Sound_Alarm
                0x080017cc       0x74 ./Core/Src/multiplexer.o
                0x080017cc                Sound_Alarm
 .text.HAL_MspInit
                0x08001840       0x30 ./Core/Src/stm32g0xx_hal_msp.o
                0x08001840                HAL_MspInit
 .text.HAL_RTC_MspInit
                0x08001870       0x5c ./Core/Src/stm32g0xx_hal_msp.o
                0x08001870                HAL_RTC_MspInit
 .text.HAL_RTC_MspDeInit
                0x080018cc       0x2c ./Core/Src/stm32g0xx_hal_msp.o
                0x080018cc                HAL_RTC_MspDeInit
 .text.HAL_TIM_Base_MspInit
                0x080018f8       0xf4 ./Core/Src/stm32g0xx_hal_msp.o
                0x080018f8                HAL_TIM_Base_MspInit
 .text.HAL_TIM_Encoder_MspInit
                0x080019ec       0x58 ./Core/Src/stm32g0xx_hal_msp.o
                0x080019ec                HAL_TIM_Encoder_MspInit
 .text.HAL_TIM_MspPostInit
                0x08001a44       0xa4 ./Core/Src/stm32g0xx_hal_msp.o
                0x08001a44                HAL_TIM_MspPostInit
 .text.HAL_UART_MspInit
                0x08001ae8       0x60 ./Core/Src/stm32g0xx_hal_msp.o
                0x08001ae8                HAL_UART_MspInit
 .text.HAL_LPTIM_MspInit
                0x08001b48       0xcc ./Core/Src/stm32g0xx_hal_msp.o
                0x08001b48                HAL_LPTIM_MspInit
 .text.NMI_Handler
                0x08001c14        0x2 ./Core/Src/stm32g0xx_it.o
                0x08001c14                NMI_Handler
 .text.HardFault_Handler
                0x08001c16        0x2 ./Core/Src/stm32g0xx_it.o
                0x08001c16                HardFault_Handler
 .text.SVC_Handler
                0x08001c18        0x2 ./Core/Src/stm32g0xx_it.o
                0x08001c18                SVC_Handler
 .text.PendSV_Handler
                0x08001c1a        0x2 ./Core/Src/stm32g0xx_it.o
                0x08001c1a                PendSV_Handler
 .text.SysTick_Handler
                0x08001c1c        0x8 ./Core/Src/stm32g0xx_it.o
                0x08001c1c                SysTick_Handler
 .text.EXTI0_1_IRQHandler
                0x08001c24        0xa ./Core/Src/stm32g0xx_it.o
                0x08001c24                EXTI0_1_IRQHandler
 .text.EXTI4_15_IRQHandler
                0x08001c2e        0xc ./Core/Src/stm32g0xx_it.o
                0x08001c2e                EXTI4_15_IRQHandler
 *fill*         0x08001c3a        0x2 
 .text.TIM14_IRQHandler
                0x08001c3c       0x10 ./Core/Src/stm32g0xx_it.o
                0x08001c3c                TIM14_IRQHandler
 .text.TIM16_IRQHandler
                0x08001c4c       0x10 ./Core/Src/stm32g0xx_it.o
                0x08001c4c                TIM16_IRQHandler
 .text.TIM17_IRQHandler
                0x08001c5c       0x10 ./Core/Src/stm32g0xx_it.o
                0x08001c5c                TIM17_IRQHandler
 .text.RTC_TAMP_IRQHandler
                0x08001c6c       0x10 ./Core/Src/stm32g0xx_it.o
                0x08001c6c                RTC_TAMP_IRQHandler
 .text.LPTIM1_IRQHandler
                0x08001c7c       0x10 ./Core/Src/stm32g0xx_it.o
                0x08001c7c                LPTIM1_IRQHandler
 .text.SystemInit
                0x08001c8c        0x2 ./Core/Src/system_stm32g0xx.o
                0x08001c8c                SystemInit
 .text.Start_OC_TIM
                0x08001c8e       0x12 ./Core/Src/timers.o
                0x08001c8e                Start_OC_TIM
 .text.Stop_OC_TIM
                0x08001ca0       0x12 ./Core/Src/timers.o
                0x08001ca0                Stop_OC_TIM
 *fill*         0x08001cb2        0x2 
 .text.Reset_Handler
                0x08001cb4       0x50 ./Core/Startup/startup_stm32g031k8tx.o
                0x08001cb4                Reset_Handler
 .text.Default_Handler
                0x08001d04        0x2 ./Core/Startup/startup_stm32g031k8tx.o
                0x08001d04                TIM1_CC_IRQHandler
                0x08001d04                PVD_IRQHandler
                0x08001d04                I2C1_IRQHandler
                0x08001d04                LPTIM2_IRQHandler
                0x08001d04                SPI1_IRQHandler
                0x08001d04                DMA1_Ch4_5_DMAMUX1_OVR_IRQHandler
                0x08001d04                EXTI2_3_IRQHandler
                0x08001d04                ADC1_IRQHandler
                0x08001d04                I2C2_IRQHandler
                0x08001d04                TIM3_IRQHandler
                0x08001d04                RCC_IRQHandler
                0x08001d04                DMA1_Channel1_IRQHandler
                0x08001d04                Default_Handler
                0x08001d04                SPI2_IRQHandler
                0x08001d04                WWDG_IRQHandler
                0x08001d04                LPUART1_IRQHandler
                0x08001d04                TIM2_IRQHandler
                0x08001d04                DMA1_Channel2_3_IRQHandler
                0x08001d04                USART2_IRQHandler
                0x08001d04                FLASH_IRQHandler
                0x08001d04                USART1_IRQHandler
                0x08001d04                TIM1_BRK_UP_TRG_COM_IRQHandler
 *fill*         0x08001d06        0x2 
 .text.HAL_InitTick
                0x08001d08       0x50 ./Drivers/STM32G0xx_HAL_Driver/Src/stm32g0xx_hal.o
                0x08001d08                HAL_InitTick
 .text.HAL_Init
                0x08001d58       0x28 ./Drivers/STM32G0xx_HAL_Driver/Src/stm32g0xx_hal.o
                0x08001d58                HAL_Init
 .text.HAL_IncTick
                0x08001d80       0x18 ./Drivers/STM32G0xx_HAL_Driver/Src/stm32g0xx_hal.o
                0x08001d80                HAL_IncTick
 .text.HAL_GetTick
                0x08001d98        0xc ./Drivers/STM32G0xx_HAL_Driver/Src/stm32g0xx_hal.o
                0x08001d98                HAL_GetTick
 .text.HAL_Delay
                0x08001da4       0x24 ./Drivers/STM32G0xx_HAL_Driver/Src/stm32g0xx_hal.o
                0x08001da4                HAL_Delay
 .text.HAL_NVIC_SetPriority
                0x08001dc8       0x54 ./Drivers/STM32G0xx_HAL_Driver/Src/stm32g0xx_hal_cortex.o
                0x08001dc8                HAL_NVIC_SetPriority
 .text.HAL_NVIC_EnableIRQ
                0x08001e1c       0x18 ./Drivers/STM32G0xx_HAL_Driver/Src/stm32g0xx_hal_cortex.o
                0x08001e1c                HAL_NVIC_EnableIRQ
 .text.HAL_SYSTICK_Config
                0x08001e34       0x34 ./Drivers/STM32G0xx_HAL_Driver/Src/stm32g0xx_hal_cortex.o
                0x08001e34                HAL_SYSTICK_Config
 .text.HAL_GPIO_Init
                0x08001e68      0x164 ./Drivers/STM32G0xx_HAL_Driver/Src/stm32g0xx_hal_gpio.o
                0x08001e68                HAL_GPIO_Init
 .text.HAL_GPIO_ReadPin
                0x08001fcc        0xc ./Drivers/STM32G0xx_HAL_Driver/Src/stm32g0xx_hal_gpio.o
                0x08001fcc                HAL_GPIO_ReadPin
 .text.HAL_GPIO_WritePin
                0x08001fd8        0xc ./Drivers/STM32G0xx_HAL_Driver/Src/stm32g0xx_hal_gpio.o
                0x08001fd8                HAL_GPIO_WritePin
 .text.HAL_GPIO_EXTI_IRQHandler
                0x08001fe4       0x18 ./Drivers/STM32G0xx_HAL_Driver/Src/stm32g0xx_hal_gpio.o
                0x08001fe4                HAL_GPIO_EXTI_IRQHandler
 .text.LPTIM_WaitForFlag
                0x08001ffc       0x3c ./Drivers/STM32G0xx_HAL_Driver/Src/stm32g0xx_hal_lptim.o
 .text.HAL_LPTIM_DirectionDownCallback
                0x08002038        0x2 ./Drivers/STM32G0xx_HAL_Driver/Src/stm32g0xx_hal_lptim.o
                0x08002038                HAL_LPTIM_DirectionDownCallback
 .text.HAL_LPTIM_CompareMatchCallback
                0x0800203a        0x2 ./Drivers/STM32G0xx_HAL_Driver/Src/stm32g0xx_hal_lptim.o
                0x0800203a                HAL_LPTIM_CompareMatchCallback
 .text.HAL_LPTIM_AutoReloadMatchCallback
                0x0800203c        0x2 ./Drivers/STM32G0xx_HAL_Driver/Src/stm32g0xx_hal_lptim.o
                0x0800203c                HAL_LPTIM_AutoReloadMatchCallback
 .text.HAL_LPTIM_TriggerCallback
                0x0800203e        0x2 ./Drivers/STM32G0xx_HAL_Driver/Src/stm32g0xx_hal_lptim.o
                0x0800203e                HAL_LPTIM_TriggerCallback
 .text.HAL_LPTIM_CompareWriteCallback
                0x08002040        0x2 ./Drivers/STM32G0xx_HAL_Driver/Src/stm32g0xx_hal_lptim.o
                0x08002040                HAL_LPTIM_CompareWriteCallback
 .text.HAL_LPTIM_AutoReloadWriteCallback
                0x08002042        0x2 ./Drivers/STM32G0xx_HAL_Driver/Src/stm32g0xx_hal_lptim.o
                0x08002042                HAL_LPTIM_AutoReloadWriteCallback
 .text.HAL_LPTIM_DirectionUpCallback
                0x08002044        0x2 ./Drivers/STM32G0xx_HAL_Driver/Src/stm32g0xx_hal_lptim.o
                0x08002044                HAL_LPTIM_DirectionUpCallback
 *fill*         0x08002046        0x2 
 .text.HAL_LPTIM_Init
                0x08002048      0x108 ./Drivers/STM32G0xx_HAL_Driver/Src/stm32g0xx_hal_lptim.o
                0x08002048                HAL_LPTIM_Init
 .text.HAL_LPTIM_IRQHandler
                0x08002150       0xac ./Drivers/STM32G0xx_HAL_Driver/Src/stm32g0xx_hal_lptim.o
                0x08002150                HAL_LPTIM_IRQHandler
 .text.HAL_LPTIM_RegisterCallback
                0x080021fc       0x60 ./Drivers/STM32G0xx_HAL_Driver/Src/stm32g0xx_hal_lptim.o
                0x080021fc                HAL_LPTIM_RegisterCallback
 .text.LPTIM_Disable
                0x0800225c      0x144 ./Drivers/STM32G0xx_HAL_Driver/Src/stm32g0xx_hal_lptim.o
                0x0800225c                LPTIM_Disable
 .text.HAL_LPTIM_SetOnce_Start_IT
                0x080023a0       0xa0 ./Drivers/STM32G0xx_HAL_Driver/Src/stm32g0xx_hal_lptim.o
                0x080023a0                HAL_LPTIM_SetOnce_Start_IT
 .text.HAL_PWR_EnableBkUpAccess
                0x08002440       0x14 ./Drivers/STM32G0xx_HAL_Driver/Src/stm32g0xx_hal_pwr.o
                0x08002440                HAL_PWR_EnableBkUpAccess
 .text.HAL_PWREx_ControlVoltageScaling
                0x08002454       0x58 ./Drivers/STM32G0xx_HAL_Driver/Src/stm32g0xx_hal_pwr_ex.o
                0x08002454                HAL_PWREx_ControlVoltageScaling
 .text.HAL_RCC_OscConfig
                0x080024ac      0x448 ./Drivers/STM32G0xx_HAL_Driver/Src/stm32g0xx_hal_rcc.o
                0x080024ac                HAL_RCC_OscConfig
 .text.HAL_RCC_GetSysClockFreq
                0x080028f4       0x88 ./Drivers/STM32G0xx_HAL_Driver/Src/stm32g0xx_hal_rcc.o
                0x080028f4                HAL_RCC_GetSysClockFreq
 .text.HAL_RCC_ClockConfig
                0x0800297c      0x154 ./Drivers/STM32G0xx_HAL_Driver/Src/stm32g0xx_hal_rcc.o
                0x0800297c                HAL_RCC_ClockConfig
 .text.HAL_RCC_GetPCLK1Freq
                0x08002ad0       0x28 ./Drivers/STM32G0xx_HAL_Driver/Src/stm32g0xx_hal_rcc.o
                0x08002ad0                HAL_RCC_GetPCLK1Freq
 .text.HAL_RCCEx_PeriphCLKConfig
                0x08002af8      0x1c0 ./Drivers/STM32G0xx_HAL_Driver/Src/stm32g0xx_hal_rcc_ex.o
                0x08002af8                HAL_RCCEx_PeriphCLKConfig
 .text.HAL_RTC_AlarmAEventCallback
                0x08002cb8        0x2 ./Drivers/STM32G0xx_HAL_Driver/Src/stm32g0xx_hal_rtc.o
                0x08002cb8                HAL_RTC_AlarmAEventCallback
 .text.HAL_RTC_RegisterCallback
                0x08002cba       0x84 ./Drivers/STM32G0xx_HAL_Driver/Src/stm32g0xx_hal_rtc.o
                0x08002cba                HAL_RTC_RegisterCallback
 *fill*         0x08002d3e        0x2 
 .text.HAL_RTC_DeactivateAlarm
                0x08002d40       0xc0 ./Drivers/STM32G0xx_HAL_Driver/Src/stm32g0xx_hal_rtc.o
                0x08002d40                HAL_RTC_DeactivateAlarm
 .text.HAL_RTC_AlarmIRQHandler
                0x08002e00       0x42 ./Drivers/STM32G0xx_HAL_Driver/Src/stm32g0xx_hal_rtc.o
                0x08002e00                HAL_RTC_AlarmIRQHandler
 *fill*         0x08002e42        0x2 
 .text.HAL_RTC_WaitForSynchro
                0x08002e44       0x34 ./Drivers/STM32G0xx_HAL_Driver/Src/stm32g0xx_hal_rtc.o
                0x08002e44                HAL_RTC_WaitForSynchro
 .text.RTC_EnterInitMode
                0x08002e78       0x50 ./Drivers/STM32G0xx_HAL_Driver/Src/stm32g0xx_hal_rtc.o
                0x08002e78                RTC_EnterInitMode
 .text.RTC_ExitInitMode
                0x08002ec8       0x48 ./Drivers/STM32G0xx_HAL_Driver/Src/stm32g0xx_hal_rtc.o
                0x08002ec8                RTC_ExitInitMode
 .text.HAL_RTC_Init
                0x08002f10      0x118 ./Drivers/STM32G0xx_HAL_Driver/Src/stm32g0xx_hal_rtc.o
                0x08002f10                HAL_RTC_Init
 .text.RTC_ByteToBcd2
                0x08003028       0x16 ./Drivers/STM32G0xx_HAL_Driver/Src/stm32g0xx_hal_rtc.o
                0x08003028                RTC_ByteToBcd2
 *fill*         0x0800303e        0x2 
 .text.HAL_RTC_SetTime
                0x08003040       0xd4 ./Drivers/STM32G0xx_HAL_Driver/Src/stm32g0xx_hal_rtc.o
                0x08003040                HAL_RTC_SetTime
 .text.HAL_RTC_SetDate
                0x08003114       0xa8 ./Drivers/STM32G0xx_HAL_Driver/Src/stm32g0xx_hal_rtc.o
                0x08003114                HAL_RTC_SetDate
 .text.HAL_RTC_SetAlarm_IT
                0x080031bc      0x190 ./Drivers/STM32G0xx_HAL_Driver/Src/stm32g0xx_hal_rtc.o
                0x080031bc                HAL_RTC_SetAlarm_IT
 .text.RTC_Bcd2ToByte
                0x0800334c       0x12 ./Drivers/STM32G0xx_HAL_Driver/Src/stm32g0xx_hal_rtc.o
                0x0800334c                RTC_Bcd2ToByte
 *fill*         0x0800335e        0x2 
 .text.HAL_RTC_GetTime
                0x08003360       0x50 ./Drivers/STM32G0xx_HAL_Driver/Src/stm32g0xx_hal_rtc.o
                0x08003360                HAL_RTC_GetTime
 .text.HAL_RTC_GetDate
                0x080033b0       0x44 ./Drivers/STM32G0xx_HAL_Driver/Src/stm32g0xx_hal_rtc.o
                0x080033b0                HAL_RTC_GetDate
 .text.HAL_RTCEx_TimeStampEventCallback
                0x080033f4        0x2 ./Drivers/STM32G0xx_HAL_Driver/Src/stm32g0xx_hal_rtc_ex.o
                0x080033f4                HAL_RTCEx_TimeStampEventCallback
 .text.HAL_RTCEx_WakeUpTimerEventCallback
                0x080033f6        0x2 ./Drivers/STM32G0xx_HAL_Driver/Src/stm32g0xx_hal_rtc_ex.o
                0x080033f6                HAL_RTCEx_WakeUpTimerEventCallback
 .text.HAL_RTCEx_SetSmoothCalib
                0x080033f8       0x84 ./Drivers/STM32G0xx_HAL_Driver/Src/stm32g0xx_hal_rtc_ex.o
                0x080033f8                HAL_RTCEx_SetSmoothCalib
 .text.HAL_RTCEx_AlarmBEventCallback
                0x0800347c        0x2 ./Drivers/STM32G0xx_HAL_Driver/Src/stm32g0xx_hal_rtc_ex.o
                0x0800347c                HAL_RTCEx_AlarmBEventCallback
 .text.HAL_RTCEx_Tamper1EventCallback
                0x0800347e        0x2 ./Drivers/STM32G0xx_HAL_Driver/Src/stm32g0xx_hal_rtc_ex.o
                0x0800347e                HAL_RTCEx_Tamper1EventCallback
 .text.HAL_RTCEx_Tamper2EventCallback
                0x08003480        0x2 ./Drivers/STM32G0xx_HAL_Driver/Src/stm32g0xx_hal_rtc_ex.o
                0x08003480                HAL_RTCEx_Tamper2EventCallback
 .text.HAL_RTCEx_InternalTamper3EventCallback
                0x08003482        0x2 ./Drivers/STM32G0xx_HAL_Driver/Src/stm32g0xx_hal_rtc_ex.o
                0x08003482                HAL_RTCEx_InternalTamper3EventCallback
 .text.HAL_RTCEx_InternalTamper4EventCallback
                0x08003484        0x2 ./Drivers/STM32G0xx_HAL_Driver/Src/stm32g0xx_hal_rtc_ex.o
                0x08003484                HAL_RTCEx_InternalTamper4EventCallback
 .text.HAL_RTCEx_InternalTamper5EventCallback
                0x08003486        0x2 ./Drivers/STM32G0xx_HAL_Driver/Src/stm32g0xx_hal_rtc_ex.o
                0x08003486                HAL_RTCEx_InternalTamper5EventCallback
 .text.HAL_RTCEx_InternalTamper6EventCallback
                0x08003488        0x2 ./Drivers/STM32G0xx_HAL_Driver/Src/stm32g0xx_hal_rtc_ex.o
                0x08003488                HAL_RTCEx_InternalTamper6EventCallback
 *fill*         0x0800348a        0x2 
 .text.TIM_OC1_SetConfig
                0x0800348c       0x6c ./Drivers/STM32G0xx_HAL_Driver/Src/stm32g0xx_hal_tim.o
 .text.TIM_OC3_SetConfig
                0x080034f8       0x84 ./Drivers/STM32G0xx_HAL_Driver/Src/stm32g0xx_hal_tim.o
 .text.TIM_OC4_SetConfig
                0x0800357c       0x68 ./Drivers/STM32G0xx_HAL_Driver/Src/stm32g0xx_hal_tim.o
 .text.TIM_OC5_SetConfig
                0x080035e4       0x60 ./Drivers/STM32G0xx_HAL_Driver/Src/stm32g0xx_hal_tim.o
 .text.TIM_OC6_SetConfig
                0x08003644       0x68 ./Drivers/STM32G0xx_HAL_Driver/Src/stm32g0xx_hal_tim.o
 .text.HAL_TIM_OC_MspInit
                0x080036ac        0x2 ./Drivers/STM32G0xx_HAL_Driver/Src/stm32g0xx_hal_tim.o
                0x080036ac                HAL_TIM_OC_MspInit
 .text.HAL_TIM_PWM_MspInit
                0x080036ae        0x2 ./Drivers/STM32G0xx_HAL_Driver/Src/stm32g0xx_hal_tim.o
                0x080036ae                HAL_TIM_PWM_MspInit
 .text.HAL_TIM_PeriodElapsedCallback
                0x080036b0        0x2 ./Drivers/STM32G0xx_HAL_Driver/Src/stm32g0xx_hal_tim.o
                0x080036b0                HAL_TIM_PeriodElapsedCallback
 .text.HAL_TIM_PeriodElapsedHalfCpltCallback
                0x080036b2        0x2 ./Drivers/STM32G0xx_HAL_Driver/Src/stm32g0xx_hal_tim.o
                0x080036b2                HAL_TIM_PeriodElapsedHalfCpltCallback
 .text.HAL_TIM_OC_DelayElapsedCallback
                0x080036b4        0x2 ./Drivers/STM32G0xx_HAL_Driver/Src/stm32g0xx_hal_tim.o
                0x080036b4                HAL_TIM_OC_DelayElapsedCallback
 .text.HAL_TIM_IC_CaptureCallback
                0x080036b6        0x2 ./Drivers/STM32G0xx_HAL_Driver/Src/stm32g0xx_hal_tim.o
                0x080036b6                HAL_TIM_IC_CaptureCallback
 .text.HAL_TIM_IC_CaptureHalfCpltCallback
                0x080036b8        0x2 ./Drivers/STM32G0xx_HAL_Driver/Src/stm32g0xx_hal_tim.o
                0x080036b8                HAL_TIM_IC_CaptureHalfCpltCallback
 .text.HAL_TIM_PWM_PulseFinishedCallback
                0x080036ba        0x2 ./Drivers/STM32G0xx_HAL_Driver/Src/stm32g0xx_hal_tim.o
                0x080036ba                HAL_TIM_PWM_PulseFinishedCallback
 .text.HAL_TIM_PWM_PulseFinishedHalfCpltCallback
                0x080036bc        0x2 ./Drivers/STM32G0xx_HAL_Driver/Src/stm32g0xx_hal_tim.o
                0x080036bc                HAL_TIM_PWM_PulseFinishedHalfCpltCallback
 .text.HAL_TIM_TriggerCallback
                0x080036be        0x2 ./Drivers/STM32G0xx_HAL_Driver/Src/stm32g0xx_hal_tim.o
                0x080036be                HAL_TIM_TriggerCallback
 .text.HAL_TIM_TriggerHalfCpltCallback
                0x080036c0        0x2 ./Drivers/STM32G0xx_HAL_Driver/Src/stm32g0xx_hal_tim.o
                0x080036c0                HAL_TIM_TriggerHalfCpltCallback
 .text.HAL_TIM_ErrorCallback
                0x080036c2        0x2 ./Drivers/STM32G0xx_HAL_Driver/Src/stm32g0xx_hal_tim.o
                0x080036c2                HAL_TIM_ErrorCallback
 .text.HAL_TIM_Base_Start
                0x080036c4       0x58 ./Drivers/STM32G0xx_HAL_Driver/Src/stm32g0xx_hal_tim.o
                0x080036c4                HAL_TIM_Base_Start
 .text.HAL_TIM_Encoder_Start
                0x0800371c       0xc0 ./Drivers/STM32G0xx_HAL_Driver/Src/stm32g0xx_hal_tim.o
                0x0800371c                HAL_TIM_Encoder_Start
 .text.HAL_TIM_IRQHandler
                0x080037dc      0x18c ./Drivers/STM32G0xx_HAL_Driver/Src/stm32g0xx_hal_tim.o
                0x080037dc                HAL_TIM_IRQHandler
 .text.HAL_TIM_RegisterCallback
                0x08003968       0xce ./Drivers/STM32G0xx_HAL_Driver/Src/stm32g0xx_hal_tim.o
                0x08003968                HAL_TIM_RegisterCallback
 *fill*         0x08003a36        0x2 
 .text.TIM_Base_SetConfig
                0x08003a38       0x8c ./Drivers/STM32G0xx_HAL_Driver/Src/stm32g0xx_hal_tim.o
                0x08003a38                TIM_Base_SetConfig
 .text.TIM_OC2_SetConfig
                0x08003ac4       0x78 ./Drivers/STM32G0xx_HAL_Driver/Src/stm32g0xx_hal_tim.o
                0x08003ac4                TIM_OC2_SetConfig
 .text.HAL_TIM_OC_ConfigChannel
                0x08003b3c       0x64 ./Drivers/STM32G0xx_HAL_Driver/Src/stm32g0xx_hal_tim.o
                0x08003b3c                HAL_TIM_OC_ConfigChannel
 .text.HAL_TIM_PWM_ConfigChannel
                0x08003ba0      0x10c ./Drivers/STM32G0xx_HAL_Driver/Src/stm32g0xx_hal_tim.o
                0x08003ba0                HAL_TIM_PWM_ConfigChannel
 .text.TIM_ETR_SetConfig
                0x08003cac       0x18 ./Drivers/STM32G0xx_HAL_Driver/Src/stm32g0xx_hal_tim.o
                0x08003cac                TIM_ETR_SetConfig
 .text.HAL_TIM_ConfigClockSource
                0x08003cc4      0x130 ./Drivers/STM32G0xx_HAL_Driver/Src/stm32g0xx_hal_tim.o
                0x08003cc4                HAL_TIM_ConfigClockSource
 .text.TIM_CCxChannelCmd
                0x08003df4       0x1a ./Drivers/STM32G0xx_HAL_Driver/Src/stm32g0xx_hal_tim.o
                0x08003df4                TIM_CCxChannelCmd
 *fill*         0x08003e0e        0x2 
 .text.HAL_TIM_OC_Start
                0x08003e10       0xf8 ./Drivers/STM32G0xx_HAL_Driver/Src/stm32g0xx_hal_tim.o
                0x08003e10                HAL_TIM_OC_Start
 .text.HAL_TIM_PWM_Start
                0x08003f08        0x8 ./Drivers/STM32G0xx_HAL_Driver/Src/stm32g0xx_hal_tim.o
                0x08003f08                HAL_TIM_PWM_Start
 .text.HAL_TIM_OC_Start_IT
                0x08003f10      0x110 ./Drivers/STM32G0xx_HAL_Driver/Src/stm32g0xx_hal_tim.o
                0x08003f10                HAL_TIM_OC_Start_IT
 .text.HAL_TIM_OC_Stop_IT
                0x08004020       0xbc ./Drivers/STM32G0xx_HAL_Driver/Src/stm32g0xx_hal_tim.o
                0x08004020                HAL_TIM_OC_Stop_IT
 .text.TIM_ResetCallback
                0x080040dc       0x7c ./Drivers/STM32G0xx_HAL_Driver/Src/stm32g0xx_hal_tim.o
                0x080040dc                TIM_ResetCallback
 .text.HAL_TIM_Base_Init
                0x08004158       0x68 ./Drivers/STM32G0xx_HAL_Driver/Src/stm32g0xx_hal_tim.o
                0x08004158                HAL_TIM_Base_Init
 .text.HAL_TIM_OC_Init
                0x080041c0       0x68 ./Drivers/STM32G0xx_HAL_Driver/Src/stm32g0xx_hal_tim.o
                0x080041c0                HAL_TIM_OC_Init
 .text.HAL_TIM_PWM_Init
                0x08004228       0x68 ./Drivers/STM32G0xx_HAL_Driver/Src/stm32g0xx_hal_tim.o
                0x08004228                HAL_TIM_PWM_Init
 .text.HAL_TIM_Encoder_Init
                0x08004290       0xc0 ./Drivers/STM32G0xx_HAL_Driver/Src/stm32g0xx_hal_tim.o
                0x08004290                HAL_TIM_Encoder_Init
 .text.HAL_TIMEx_MasterConfigSynchronization
                0x08004350       0x68 ./Drivers/STM32G0xx_HAL_Driver/Src/stm32g0xx_hal_tim_ex.o
                0x08004350                HAL_TIMEx_MasterConfigSynchronization
 .text.HAL_TIMEx_ConfigBreakDeadTime
                0x080043b8       0xbc ./Drivers/STM32G0xx_HAL_Driver/Src/stm32g0xx_hal_tim_ex.o
                0x080043b8                HAL_TIMEx_ConfigBreakDeadTime
 .text.HAL_TIMEx_CommutCallback
                0x08004474        0x2 ./Drivers/STM32G0xx_HAL_Driver/Src/stm32g0xx_hal_tim_ex.o
                0x08004474                HAL_TIMEx_CommutCallback
 .text.HAL_TIMEx_CommutHalfCpltCallback
                0x08004476        0x2 ./Drivers/STM32G0xx_HAL_Driver/Src/stm32g0xx_hal_tim_ex.o
                0x08004476                HAL_TIMEx_CommutHalfCpltCallback
 .text.HAL_TIMEx_BreakCallback
                0x08004478        0x2 ./Drivers/STM32G0xx_HAL_Driver/Src/stm32g0xx_hal_tim_ex.o
                0x08004478                HAL_TIMEx_BreakCallback
 .text.HAL_TIMEx_Break2Callback
                0x0800447a        0x2 ./Drivers/STM32G0xx_HAL_Driver/Src/stm32g0xx_hal_tim_ex.o
                0x0800447a                HAL_TIMEx_Break2Callback
 .text.HAL_UARTEx_RxEventCallback
                0x0800447c        0x2 ./Drivers/STM32G0xx_HAL_Driver/Src/stm32g0xx_hal_uart.o
                0x0800447c                HAL_UARTEx_RxEventCallback
 *fill*         0x0800447e        0x2 
 .text.UART_EndRxTransfer
                0x08004480       0x64 ./Drivers/STM32G0xx_HAL_Driver/Src/stm32g0xx_hal_uart.o
 .text.HAL_UART_AbortReceiveCpltCallback
                0x080044e4        0x2 ./Drivers/STM32G0xx_HAL_Driver/Src/stm32g0xx_hal_uart.o
                0x080044e4                HAL_UART_AbortReceiveCpltCallback
 .text.HAL_UART_TxCpltCallback
                0x080044e6        0x2 ./Drivers/STM32G0xx_HAL_Driver/Src/stm32g0xx_hal_uart.o
                0x080044e6                HAL_UART_TxCpltCallback
 .text.HAL_UART_TxHalfCpltCallback
                0x080044e8        0x2 ./Drivers/STM32G0xx_HAL_Driver/Src/stm32g0xx_hal_uart.o
                0x080044e8                HAL_UART_TxHalfCpltCallback
 .text.HAL_UART_RxCpltCallback
                0x080044ea        0x2 ./Drivers/STM32G0xx_HAL_Driver/Src/stm32g0xx_hal_uart.o
                0x080044ea                HAL_UART_RxCpltCallback
 .text.HAL_UART_RxHalfCpltCallback
                0x080044ec        0x2 ./Drivers/STM32G0xx_HAL_Driver/Src/stm32g0xx_hal_uart.o
                0x080044ec                HAL_UART_RxHalfCpltCallback
 .text.HAL_UART_ErrorCallback
                0x080044ee        0x2 ./Drivers/STM32G0xx_HAL_Driver/Src/stm32g0xx_hal_uart.o
                0x080044ee                HAL_UART_ErrorCallback
 .text.HAL_UART_AbortCpltCallback
                0x080044f0        0x2 ./Drivers/STM32G0xx_HAL_Driver/Src/stm32g0xx_hal_uart.o
                0x080044f0                HAL_UART_AbortCpltCallback
 .text.HAL_UART_AbortTransmitCpltCallback
                0x080044f2        0x2 ./Drivers/STM32G0xx_HAL_Driver/Src/stm32g0xx_hal_uart.o
                0x080044f2                HAL_UART_AbortTransmitCpltCallback
 .text.UART_InitCallbacksToDefault
                0x080044f4       0x68 ./Drivers/STM32G0xx_HAL_Driver/Src/stm32g0xx_hal_uart.o
                0x080044f4                UART_InitCallbacksToDefault
 .text.UART_SetConfig
                0x0800455c      0x1e4 ./Drivers/STM32G0xx_HAL_Driver/Src/stm32g0xx_hal_uart.o
                0x0800455c                UART_SetConfig
 .text.UART_AdvFeatureConfig
                0x08004740       0xd0 ./Drivers/STM32G0xx_HAL_Driver/Src/stm32g0xx_hal_uart.o
                0x08004740                UART_AdvFeatureConfig
 .text.UART_WaitOnFlagUntilTimeout
                0x08004810       0x92 ./Drivers/STM32G0xx_HAL_Driver/Src/stm32g0xx_hal_uart.o
                0x08004810                UART_WaitOnFlagUntilTimeout
 *fill*         0x080048a2        0x2 
 .text.UART_CheckIdleState
                0x080048a4       0xc8 ./Drivers/STM32G0xx_HAL_Driver/Src/stm32g0xx_hal_uart.o
                0x080048a4                UART_CheckIdleState
 .text.HAL_UART_Init
                0x0800496c       0x80 ./Drivers/STM32G0xx_HAL_Driver/Src/stm32g0xx_hal_uart.o
                0x0800496c                HAL_UART_Init
 .text.HAL_UARTEx_WakeupCallback
                0x080049ec        0x2 ./Drivers/STM32G0xx_HAL_Driver/Src/stm32g0xx_hal_uart_ex.o
                0x080049ec                HAL_UARTEx_WakeupCallback
 .text.HAL_UARTEx_RxFifoFullCallback
                0x080049ee        0x2 ./Drivers/STM32G0xx_HAL_Driver/Src/stm32g0xx_hal_uart_ex.o
                0x080049ee                HAL_UARTEx_RxFifoFullCallback
 .text.HAL_UARTEx_TxFifoEmptyCallback
                0x080049f0        0x2 ./Drivers/STM32G0xx_HAL_Driver/Src/stm32g0xx_hal_uart_ex.o
                0x080049f0                HAL_UARTEx_TxFifoEmptyCallback
 .text.memset   0x080049f2       0x10 C:/ST/STM32CubeIDE_1.19.0/STM32CubeIDE/plugins/com.st.stm32cube.ide.mcu.externaltools.gnu-tools-for-stm32.13.3.rel1.win32_1.0.100.202509120712/tools/bin/../lib/gcc/arm-none-eabi/13.3.1/../../../../arm-none-eabi/lib/thumb/v6-m/nofp\libc_nano.a(libc_a-memset.o)
                0x080049f2                memset
 *fill*         0x08004a02        0x2 
 .text.__libc_init_array
                0x08004a04       0x48 C:/ST/STM32CubeIDE_1.19.0/STM32CubeIDE/plugins/com.st.stm32cube.ide.mcu.externaltools.gnu-tools-for-stm32.13.3.rel1.win32_1.0.100.202509120712/tools/bin/../lib/gcc/arm-none-eabi/13.3.1/../../../../arm-none-eabi/lib/thumb/v6-m/nofp\libc_nano.a(libc_a-init.o)
                0x08004a04                __libc_init_array
 *(.glue_7)
 .glue_7        0x08004a4c        0x0 linker stubs
 *(.glue_7t)
 .glue_7t       0x08004a4c        0x0 linker stubs
 *(.eh_frame)
 .eh_frame      0x08004a4c        0x0 C:/ST/STM32CubeIDE_1.19.0/STM32CubeIDE/plugins/com.st.stm32cube.ide.mcu.externaltools.gnu-tools-for-stm32.13.3.rel1.win32_1.0.100.202509120712/tools/bin/../lib/gcc/arm-none-eabi/13.3.1/thumb/v6-m/nofp/crtbegin.o
 *(.init)
 .init          0x08004a4c        0x4 C:/ST/STM32CubeIDE_1.19.0/STM32CubeIDE/plugins/com.st.stm32cube.ide.mcu.externaltools.gnu-tools-for-stm32.13.3.rel1.win32_1.0.100.202509120712/tools/bin/../lib/gcc/arm-none-eabi/13.3.1/thumb/v6-m/nofp/crti.o
                0x08004a4c                _init
 .init          0x08004a50        0x8 C:/ST/STM32CubeIDE_1.19.0/STM32CubeIDE/plugins/com.st.stm32cube.ide.mcu.externaltools.gnu-tools-for-stm32.13.3.rel1.win32_1.0.100.202509120712/tools/bin/../lib/gcc/arm-none-eabi/13.3.1/thumb/v6-m/nofp/crtn.o
 *(.fini)
 .fini          0x08004a58        0x4 C:/ST/STM32CubeIDE_1.19.0/STM32CubeIDE/plugins/com.st.stm32cube.ide.mcu.externaltools.gnu-tools-for-stm32.13.3.rel1.win32_1.0.100.202509120712/tools/bin/../lib/gcc/arm-none-eabi/13.3.1/thumb/v6-m/nofp/crti.o
                0x08004a58                _fini
 .fini          0x08004a5c        0x8 C:/ST/STM32CubeIDE_1.19.0/STM32CubeIDE/plugins/com.st.stm32cube.ide.mcu.externaltools.gnu-tools-for-stm32.13.3.rel1.win32_1.0.100.202509120712/tools/bin/../lib/gcc/arm-none-eabi/13.3.1/thumb/v6-m/nofp/crtn.o
                0x08004a64                        . = ALIGN (0x4)
                0x08004a64                        _etext = .

.vfp11_veneer   0x08004a64        0x0
 .vfp11_veneer  0x08004a64        0x0 linker stubs

.v4_bx          0x08004a64        0x0
 .v4_bx         0x08004a64        0x0 linker stubs

.iplt           0x08004a64        0x0
 .iplt          0x08004a64        0x0 C:/ST/STM32CubeIDE_1.19.0/STM32CubeIDE/plugins/com.st.stm32cube.ide.mcu.externaltools.gnu-tools-for-stm32.13.3.rel1.win32_1.0.100.202509120712/tools/bin/../lib/gcc/arm-none-eabi/13.3.1/thumb/v6-m/nofp/crtbegin.o

.rodata         0x08004a64      0x278
                0x08004a64                        . = ALIGN (0x4)
 *(.rodata)
 *(.rodata*)
 .rodata.triangle_wavetable
                0x08004a64      0x200 ./Core/Src/multiplexer.o
                0x08004a64                triangle_wavetable
 .rodata.APBPrescTable
                0x08004c64       0x20 ./Core/Src/system_stm32g0xx.o
                0x08004c64                APBPrescTable
 .rodata.AHBPrescTable
                0x08004c84       0x40 ./Core/Src/system_stm32g0xx.o
                0x08004c84                AHBPrescTable
 .rodata.UARTPrescTable
                0x08004cc4       0x18 ./Drivers/STM32G0xx_HAL_Driver/Src/stm32g0xx_hal_uart.o
                0x08004cc4                UARTPrescTable
                0x08004cdc                        . = ALIGN (0x4)

.ARM.extab      0x08004cdc        0x0
                0x08004cdc                        . = ALIGN (0x4)
 *(.ARM.extab* .gnu.linkonce.armextab.*)
                0x08004cdc                        . = ALIGN (0x4)

.ARM            0x08004cdc        0x8
                0x08004cdc                        . = ALIGN (0x4)
                0x08004cdc                        __exidx_start = .
 *(.ARM.exidx*)
 .ARM.exidx     0x08004cdc        0x8 C:/ST/STM32CubeIDE_1.19.0/STM32CubeIDE/plugins/com.st.stm32cube.ide.mcu.externaltools.gnu-tools-for-stm32.13.3.rel1.win32_1.0.100.202509120712/tools/bin/../lib/gcc/arm-none-eabi/13.3.1/thumb/v6-m/nofp\libgcc.a(_udivmoddi4.o)
                0x08004ce4                        __exidx_end = .
                0x08004ce4                        . = ALIGN (0x4)

.preinit_array  0x08004ce4        0x0
                0x08004ce4                        . = ALIGN (0x4)
                0x08004ce4                        PROVIDE (__preinit_array_start = .)
 *(.preinit_array*)
                0x08004ce4                        PROVIDE (__preinit_array_end = .)
                0x08004ce4                        . = ALIGN (0x4)

.init_array     0x08004ce4        0x4
                0x08004ce4                        . = ALIGN (0x4)
                0x08004ce4                        PROVIDE (__init_array_start = .)
 *(SORT_BY_NAME(.init_array.*))
 *(.init_array*)
 .init_array    0x08004ce4        0x4 C:/ST/STM32CubeIDE_1.19.0/STM32CubeIDE/plugins/com.st.stm32cube.ide.mcu.externaltools.gnu-tools-for-stm32.13.3.rel1.win32_1.0.100.202509120712/tools/bin/../lib/gcc/arm-none-eabi/13.3.1/thumb/v6-m/nofp/crtbegin.o
                0x08004ce8                        PROVIDE (__init_array_end = .)
                0x08004ce8                        . = ALIGN (0x4)

.fini_array     0x08004ce8        0x4
                0x08004ce8                        . = ALIGN (0x4)
                [!provide]                        PROVIDE (__fini_array_start = .)
 *(SORT_BY_NAME(.fini_array.*))
 *(.fini_array*)
 .fini_array    0x08004ce8        0x4 C:/ST/STM32CubeIDE_1.19.0/STM32CubeIDE/plugins/com.st.stm32cube.ide.mcu.externaltools.gnu-tools-for-stm32.13.3.rel1.win32_1.0.100.202509120712/tools/bin/../lib/gcc/arm-none-eabi/13.3.1/thumb/v6-m/nofp/crtbegin.o
                [!provide]                        PROVIDE (__fini_array_end = .)
                0x08004cec                        . = ALIGN (0x4)
                0x08004cec                        _sidata = LOADADDR (.data)

.rel.dyn        0x08004cec        0x0
 .rel.iplt      0x08004cec        0x0 C:/ST/STM32CubeIDE_1.19.0/STM32CubeIDE/plugins/com.st.stm32cube.ide.mcu.externaltools.gnu-tools-for-stm32.13.3.rel1.win32_1.0.100.202509120712/tools/bin/../lib/gcc/arm-none-eabi/13.3.1/thumb/v6-m/nofp/crtbegin.o

.data           0x20000000       0x4c load address 0x08004cec
                0x20000000                        . = ALIGN (0x4)
                0x20000000                        _sdata = .
 *(.data)
 *(.data*)
 .data.rotary_encoder_switch_state_counter.1
                0x20000000        0x1 ./Core/Src/multiplexer.o
 *fill*         0x20000001        0x1 
 .data.BCD_Pins
                0x20000002        0x8 ./Core/Src/multiplexer.o
                0x20000002                BCD_Pins
 *fill*         0x2000000a        0x2 
 .data.BCD_Registers
                0x2000000c       0x10 ./Core/Src/multiplexer.o
                0x2000000c                BCD_Registers
 .data.Valve_Anode_Pins
                0x2000001c        0xc ./Core/Src/multiplexer.o
                0x2000001c                Valve_Anode_Pins
 .data.Valve_Anode_Registers
                0x20000028       0x18 ./Core/Src/multiplexer.o
                0x20000028                Valve_Anode_Registers
 .data.SystemCoreClock
                0x20000040        0x4 ./Core/Src/system_stm32g0xx.o
                0x20000040                SystemCoreClock
 .data.uwTickFreq
                0x20000044        0x1 ./Drivers/STM32G0xx_HAL_Driver/Src/stm32g0xx_hal.o
                0x20000044                uwTickFreq
 *fill*         0x20000045        0x3 
 .data.uwTickPrio
                0x20000048        0x4 ./Drivers/STM32G0xx_HAL_Driver/Src/stm32g0xx_hal.o
                0x20000048                uwTickPrio
 *(.RamFunc)
 *(.RamFunc*)
                0x2000004c                        . = ALIGN (0x4)
                0x2000004c                        _edata = .

.igot.plt       0x2000004c        0x0 load address 0x08004d38
 .igot.plt      0x2000004c        0x0 C:/ST/STM32CubeIDE_1.19.0/STM32CubeIDE/plugins/com.st.stm32cube.ide.mcu.externaltools.gnu-tools-for-stm32.13.3.rel1.win32_1.0.100.202509120712/tools/bin/../lib/gcc/arm-none-eabi/13.3.1/thumb/v6-m/nofp/crtbegin.o
                0x2000004c                        . = ALIGN (0x4)

.bss            0x20000050      0x694 load address 0x08004d38
                0x20000050                        _sbss = .
                0x20000050                        __bss_start__ = _sbss
 *(.bss)
 .bss           0x20000050       0x1c C:/ST/STM32CubeIDE_1.19.0/STM32CubeIDE/plugins/com.st.stm32cube.ide.mcu.externaltools.gnu-tools-for-stm32.13.3.rel1.win32_1.0.100.202509120712/tools/bin/../lib/gcc/arm-none-eabi/13.3.1/thumb/v6-m/nofp/crtbegin.o
 *(.bss*)
 *fill*         0x2000006c        0x4 
 .bss.depressed_num.0
                0x20000070        0x8 ./Core/Src/custom_callbacks.o
 .bss.alarm_set_mode_is_active.1
                0x20000078        0x1 ./Core/Src/custom_callbacks.o
 .bss.time_adjust_mode_is_active.2
                0x20000079        0x1 ./Core/Src/custom_callbacks.o
 .bss.counter.3
                0x2000007a        0x2 ./Core/Src/custom_callbacks.o
 .bss.valve.4   0x2000007c        0x1 ./Core/Src/custom_callbacks.o
 *fill*         0x2000007d        0x3 
 .bss.master    0x20000080       0x70 ./Core/Src/main.o
                0x20000080                master
 .bss.huart2    0x200000f0       0xcc ./Core/Src/main.o
                0x200000f0                huart2
 .bss.hlptim1   0x200001bc       0x5c ./Core/Src/main.o
                0x200001bc                hlptim1
 .bss.htim17    0x20000218       0xbc ./Core/Src/main.o
                0x20000218                htim17
 .bss.htim16    0x200002d4       0xbc ./Core/Src/main.o
                0x200002d4                htim16
 .bss.htim14    0x20000390       0xbc ./Core/Src/main.o
                0x20000390                htim14
 .bss.htim3     0x2000044c       0xbc ./Core/Src/main.o
                0x2000044c                htim3
 .bss.htim2     0x20000508       0xbc ./Core/Src/main.o
                0x20000508                htim2
 .bss.htim1     0x200005c4       0xbc ./Core/Src/main.o
                0x200005c4                htim1
 .bss.hrtc      0x20000680       0x5c ./Core/Src/main.o
                0x20000680                hrtc
 .bss.extend_rising_edge.0
                0x200006dc        0x1 ./Core/Src/multiplexer.o
 *fill*         0x200006dd        0x3 
 .bss.uwTick    0x200006e0        0x4 ./Drivers/STM32G0xx_HAL_Driver/Src/stm32g0xx_hal.o
                0x200006e0                uwTick
 *(COMMON)
                0x200006e4                        . = ALIGN (0x4)
                0x200006e4                        _ebss = .
                0x200006e4                        __bss_end__ = _ebss

._user_heap_stack
                0x200006e4      0x604 load address 0x08004d38
                0x200006e8                        . = ALIGN (0x8)
 *fill*         0x200006e4        0x4 
                [!provide]                        PROVIDE (end = .)
                0x200006e8                        PROVIDE (_end = .)
                0x200008e8                        . = (. + _Min_Heap_Size)
 *fill*         0x200006e8      0x200 
                0x20000ce8                        . = (. + _Min_Stack_Size)
 *fill*         0x200008e8      0x400 
                0x20000ce8                        . = ALIGN (0x8)

/DISCARD/
 libc.a(*)
 libm.a(*)
 libgcc.a(*)

.ARM.attributes
                0x00000000       0x28
 *(.ARM.attributes)
 .ARM.attributes
                0x00000000       0x1e C:/ST/STM32CubeIDE_1.19.0/STM32CubeIDE/plugins/com.st.stm32cube.ide.mcu.externaltools.gnu-tools-for-stm32.13.3.rel1.win32_1.0.100.202509120712/tools/bin/../lib/gcc/arm-none-eabi/13.3.1/thumb/v6-m/nofp/crti.o
 .ARM.attributes
                0x0000001e       0x2c C:/ST/STM32CubeIDE_1.19.0/STM32CubeIDE/plugins/com.st.stm32cube.ide.mcu.externaltools.gnu-tools-for-stm32.13.3.rel1.win32_1.0.100.202509120712/tools/bin/../lib/gcc/arm-none-eabi/13.3.1/thumb/v6-m/nofp/crtbegin.o
 .ARM.attributes
                0x0000004a       0x2c ./Core/Src/custom_callbacks.o
 .ARM.attributes
                0x00000076       0x2c ./Core/Src/main.o
 .ARM.attributes
                0x000000a2       0x2c ./Core/Src/multiplexer.o
 .ARM.attributes
                0x000000ce       0x2c ./Core/Src/stm32g0xx_hal_msp.o
 .ARM.attributes
                0x000000fa       0x2c ./Core/Src/stm32g0xx_it.o
 .ARM.attributes
                0x00000126       0x2c ./Core/Src/system_stm32g0xx.o
 .ARM.attributes
                0x00000152       0x2c ./Core/Src/timers.o
 .ARM.attributes
                0x0000017e       0x22 ./Core/Startup/startup_stm32g031k8tx.o
 .ARM.attributes
                0x000001a0       0x2c ./Drivers/STM32G0xx_HAL_Driver/Src/stm32g0xx_hal.o
 .ARM.attributes
                0x000001cc       0x2c ./Drivers/STM32G0xx_HAL_Driver/Src/stm32g0xx_hal_cortex.o
 .ARM.attributes
                0x000001f8       0x2c ./Drivers/STM32G0xx_HAL_Driver/Src/stm32g0xx_hal_gpio.o
 .ARM.attributes
                0x00000224       0x2c ./Drivers/STM32G0xx_HAL_Driver/Src/stm32g0xx_hal_lptim.o
 .ARM.attributes
                0x00000250       0x2c ./Drivers/STM32G0xx_HAL_Driver/Src/stm32g0xx_hal_pwr.o
 .ARM.attributes
                0x0000027c       0x2c ./Drivers/STM32G0xx_HAL_Driver/Src/stm32g0xx_hal_pwr_ex.o
 .ARM.attributes
                0x000002a8       0x2c ./Drivers/STM32G0xx_HAL_Driver/Src/stm32g0xx_hal_rcc.o
 .ARM.attributes
                0x000002d4       0x2c ./Drivers/STM32G0xx_HAL_Driver/Src/stm32g0xx_hal_rcc_ex.o
 .ARM.attributes
                0x00000300       0x2c ./Drivers/STM32G0xx_HAL_Driver/Src/stm32g0xx_hal_rtc.o
 .ARM.attributes
                0x0000032c       0x2c ./Drivers/STM32G0xx_HAL_Driver/Src/stm32g0xx_hal_rtc_ex.o
 .ARM.attributes
                0x00000358       0x2c ./Drivers/STM32G0xx_HAL_Driver/Src/stm32g0xx_hal_tim.o
 .ARM.attributes
                0x00000384       0x2c ./Drivers/STM32G0xx_HAL_Driver/Src/stm32g0xx_hal_tim_ex.o
 .ARM.attributes
                0x000003b0       0x2c ./Drivers/STM32G0xx_HAL_Driver/Src/stm32g0xx_hal_uart.o
 .ARM.attributes
                0x000003dc       0x2c ./Drivers/STM32G0xx_HAL_Driver/Src/stm32g0xx_hal_uart_ex.o
 .ARM.attributes
                0x00000408       0x2c C:/ST/STM32CubeIDE_1.19.0/STM32CubeIDE/plugins/com.st.stm32cube.ide.mcu.externaltools.gnu-tools-for-stm32.13.3.rel1.win32_1.0.100.202509120712/tools/bin/../lib/gcc/arm-none-eabi/13.3.1/../../../../arm-none-eabi/lib/thumb/v6-m/nofp\libc_nano.a(libc_a-memset.o)
 .ARM.attributes
                0x00000434       0x2c C:/ST/STM32CubeIDE_1.19.0/STM32CubeIDE/plugins/com.st.stm32cube.ide.mcu.externaltools.gnu-tools-for-stm32.13.3.rel1.win32_1.0.100.202509120712/tools/bin/../lib/gcc/arm-none-eabi/13.3.1/../../../../arm-none-eabi/lib/thumb/v6-m/nofp\libc_nano.a(libc_a-init.o)
 .ARM.attributes
                0x00000460       0x1e C:/ST/STM32CubeIDE_1.19.0/STM32CubeIDE/plugins/com.st.stm32cube.ide.mcu.externaltools.gnu-tools-for-stm32.13.3.rel1.win32_1.0.100.202509120712/tools/bin/../lib/gcc/arm-none-eabi/13.3.1/thumb/v6-m/nofp\libgcc.a(_thumb1_case_sqi.o)
 .ARM.attributes
                0x0000047e       0x1e C:/ST/STM32CubeIDE_1.19.0/STM32CubeIDE/plugins/com.st.stm32cube.ide.mcu.externaltools.gnu-tools-for-stm32.13.3.rel1.win32_1.0.100.202509120712/tools/bin/../lib/gcc/arm-none-eabi/13.3.1/thumb/v6-m/nofp\libgcc.a(_thumb1_case_uqi.o)
 .ARM.attributes
                0x0000049c       0x1e C:/ST/STM32CubeIDE_1.19.0/STM32CubeIDE/plugins/com.st.stm32cube.ide.mcu.externaltools.gnu-tools-for-stm32.13.3.rel1.win32_1.0.100.202509120712/tools/bin/../lib/gcc/arm-none-eabi/13.3.1/thumb/v6-m/nofp\libgcc.a(_udivsi3.o)
 .ARM.attributes
                0x000004ba       0x1e C:/ST/STM32CubeIDE_1.19.0/STM32CubeIDE/plugins/com.st.stm32cube.ide.mcu.externaltools.gnu-tools-for-stm32.13.3.rel1.win32_1.0.100.202509120712/tools/bin/../lib/gcc/arm-none-eabi/13.3.1/thumb/v6-m/nofp\libgcc.a(_dvmd_tls.o)
 .ARM.attributes
                0x000004d8       0x1e C:/ST/STM32CubeIDE_1.19.0/STM32CubeIDE/plugins/com.st.stm32cube.ide.mcu.externaltools.gnu-tools-for-stm32.13.3.rel1.win32_1.0.100.202509120712/tools/bin/../lib/gcc/arm-none-eabi/13.3.1/thumb/v6-m/nofp\libgcc.a(_aeabi_uldivmod.o)
 .ARM.attributes
                0x000004f6       0x2c C:/ST/STM32CubeIDE_1.19.0/STM32CubeIDE/plugins/com.st.stm32cube.ide.mcu.externaltools.gnu-tools-for-stm32.13.3.rel1.win32_1.0.100.202509120712/tools/bin/../lib/gcc/arm-none-eabi/13.3.1/thumb/v6-m/nofp\libgcc.a(_udivmoddi4.o)
 .ARM.attributes
                0x00000522       0x1e C:/ST/STM32CubeIDE_1.19.0/STM32CubeIDE/plugins/com.st.stm32cube.ide.mcu.externaltools.gnu-tools-for-stm32.13.3.rel1.win32_1.0.100.202509120712/tools/bin/../lib/gcc/arm-none-eabi/13.3.1/thumb/v6-m/nofp\libgcc.a(_clzdi2.o)
 .ARM.attributes
                0x00000540       0x1e C:/ST/STM32CubeIDE_1.19.0/STM32CubeIDE/plugins/com.st.stm32cube.ide.mcu.externaltools.gnu-tools-for-stm32.13.3.rel1.win32_1.0.100.202509120712/tools/bin/../lib/gcc/arm-none-eabi/13.3.1/thumb/v6-m/nofp\libgcc.a(_clzsi2.o)
 .ARM.attributes
                0x0000055e       0x1e C:/ST/STM32CubeIDE_1.19.0/STM32CubeIDE/plugins/com.st.stm32cube.ide.mcu.externaltools.gnu-tools-for-stm32.13.3.rel1.win32_1.0.100.202509120712/tools/bin/../lib/gcc/arm-none-eabi/13.3.1/thumb/v6-m/nofp/crtn.o
OUTPUT(Nixie-Valve-Clock-CubeMX-PWM-LEDs.elf elf32-littlearm)
LOAD linker stubs
LOAD C:/ST/STM32CubeIDE_1.19.0/STM32CubeIDE/plugins/com.st.stm32cube.ide.mcu.externaltools.gnu-tools-for-stm32.13.3.rel1.win32_1.0.100.202509120712/tools/bin/../lib/gcc/arm-none-eabi/13.3.1/../../../../arm-none-eabi/lib/thumb/v6-m/nofp\libc.a
LOAD C:/ST/STM32CubeIDE_1.19.0/STM32CubeIDE/plugins/com.st.stm32cube.ide.mcu.externaltools.gnu-tools-for-stm32.13.3.rel1.win32_1.0.100.202509120712/tools/bin/../lib/gcc/arm-none-eabi/13.3.1/../../../../arm-none-eabi/lib/thumb/v6-m/nofp\libm.a
LOAD C:/ST/STM32CubeIDE_1.19.0/STM32CubeIDE/plugins/com.st.stm32cube.ide.mcu.externaltools.gnu-tools-for-stm32.13.3.rel1.win32_1.0.100.202509120712/tools/bin/../lib/gcc/arm-none-eabi/13.3.1/thumb/v6-m/nofp\libgcc.a

.comment        0x00000000       0x43
 .comment       0x00000000       0x43 ./Core/Src/custom_callbacks.o
                                 0x44 (size before relaxing)
 .comment       0x00000043        0x0 ./Core/Src/main.o
                                 0x44 (size before relaxing)
 .comment       0x00000043        0x0 ./Core/Src/multiplexer.o
                                 0x44 (size before relaxing)
 .comment       0x00000043        0x0 ./Core/Src/stm32g0xx_hal_msp.o
                                 0x44 (size before relaxing)
 .comment       0x00000043        0x0 ./Core/Src/stm32g0xx_it.o
                                 0x44 (size before relaxing)
 .comment       0x00000043        0x0 ./Core/Src/system_stm32g0xx.o
                                 0x44 (size before relaxing)
 .comment       0x00000043        0x0 ./Core/Src/timers.o
                                 0x44 (size before relaxing)
 .comment       0x00000043        0x0 ./Drivers/STM32G0xx_HAL_Driver/Src/stm32g0xx_hal.o
                                 0x44 (size before relaxing)
 .comment       0x00000043        0x0 ./Drivers/STM32G0xx_HAL_Driver/Src/stm32g0xx_hal_cortex.o
                                 0x44 (size before relaxing)
 .comment       0x00000043        0x0 ./Drivers/STM32G0xx_HAL_Driver/Src/stm32g0xx_hal_gpio.o
                                 0x44 (size before relaxing)
 .comment       0x00000043        0x0 ./Drivers/STM32G0xx_HAL_Driver/Src/stm32g0xx_hal_lptim.o
                                 0x44 (size before relaxing)
 .comment       0x00000043        0x0 ./Drivers/STM32G0xx_HAL_Driver/Src/stm32g0xx_hal_pwr.o
                                 0x44 (size before relaxing)
 .comment       0x00000043        0x0 ./Drivers/STM32G0xx_HAL_Driver/Src/stm32g0xx_hal_pwr_ex.o
                                 0x44 (size before relaxing)
 .comment       0x00000043        0x0 ./Drivers/STM32G0xx_HAL_Driver/Src/stm32g0xx_hal_rcc.o
                                 0x44 (size before relaxing)
 .comment       0x00000043        0x0 ./Drivers/STM32G0xx_HAL_Driver/Src/stm32g0xx_hal_rcc_ex.o
                                 0x44 (size before relaxing)
 .comment       0x00000043        0x0 ./Drivers/STM32G0xx_HAL_Driver/Src/stm32g0xx_hal_rtc.o
                                 0x44 (size before relaxing)
 .comment       0x00000043        0x0 ./Drivers/STM32G0xx_HAL_Driver/Src/stm32g0xx_hal_rtc_ex.o
                                 0x44 (size before relaxing)
 .comment       0x00000043        0x0 ./Drivers/STM32G0xx_HAL_Driver/Src/stm32g0xx_hal_tim.o
                                 0x44 (size before relaxing)
 .comment       0x00000043        0x0 ./Drivers/STM32G0xx_HAL_Driver/Src/stm32g0xx_hal_tim_ex.o
                                 0x44 (size before relaxing)
 .comment       0x00000043        0x0 ./Drivers/STM32G0xx_HAL_Driver/Src/stm32g0xx_hal_uart.o
                                 0x44 (size before relaxing)
 .comment       0x00000043        0x0 ./Drivers/STM32G0xx_HAL_Driver/Src/stm32g0xx_hal_uart_ex.o
                                 0x44 (size before relaxing)

.debug_frame    0x00000000       0xa8
 .debug_frame   0x00000000       0x20 C:/ST/STM32CubeIDE_1.19.0/STM32CubeIDE/plugins/com.st.stm32cube.ide.mcu.externaltools.gnu-tools-for-stm32.13.3.rel1.win32_1.0.100.202509120712/tools/bin/../lib/gcc/arm-none-eabi/13.3.1/../../../../arm-none-eabi/lib/thumb/v6-m/nofp\libc_nano.a(libc_a-memset.o)
 .debug_frame   0x00000020       0x2c C:/ST/STM32CubeIDE_1.19.0/STM32CubeIDE/plugins/com.st.stm32cube.ide.mcu.externaltools.gnu-tools-for-stm32.13.3.rel1.win32_1.0.100.202509120712/tools/bin/../lib/gcc/arm-none-eabi/13.3.1/../../../../arm-none-eabi/lib/thumb/v6-m/nofp\libc_nano.a(libc_a-init.o)
 .debug_frame   0x0000004c       0x20 C:/ST/STM32CubeIDE_1.19.0/STM32CubeIDE/plugins/com.st.stm32cube.ide.mcu.externaltools.gnu-tools-for-stm32.13.3.rel1.win32_1.0.100.202509120712/tools/bin/../lib/gcc/arm-none-eabi/13.3.1/thumb/v6-m/nofp\libgcc.a(_udivsi3.o)
 .debug_frame   0x0000006c       0x3c C:/ST/STM32CubeIDE_1.19.0/STM32CubeIDE/plugins/com.st.stm32cube.ide.mcu.externaltools.gnu-tools-for-stm32.13.3.rel1.win32_1.0.100.202509120712/tools/bin/../lib/gcc/arm-none-eabi/13.3.1/thumb/v6-m/nofp\libgcc.a(_udivmoddi4.o)
