Archive member included to satisfy reference by file (symbol)

C:/ST/STM32CubeIDE_1.19.0/STM32CubeIDE/plugins/com.st.stm32cube.ide.mcu.externaltools.gnu-tools-for-stm32.13.3.rel1.win32_1.0.100.202509120712/tools/bin/../lib/gcc/arm-none-eabi/13.3.1/../../../../arm-none-eabi/lib/thumb/v6-m/nofp\libc_nano.a(libc_a-exit.o)
                              C:/ST/STM32CubeIDE_1.19.0/STM32CubeIDE/plugins/com.st.stm32cube.ide.mcu.externaltools.gnu-tools-for-stm32.13.3.rel1.win32_1.0.100.202509120712/tools/bin/../lib/gcc/arm-none-eabi/13.3.1/../../../../arm-none-eabi/lib/thumb/v6-m/nofp/crt0.o (exit)
C:/ST/STM32CubeIDE_1.19.0/STM32CubeIDE/plugins/com.st.stm32cube.ide.mcu.externaltools.gnu-tools-for-stm32.13.3.rel1.win32_1.0.100.202509120712/tools/bin/../lib/gcc/arm-none-eabi/13.3.1/../../../../arm-none-eabi/lib/thumb/v6-m/nofp\libc_nano.a(libc_a-findfp.o)
                              C:/ST/STM32CubeIDE_1.19.0/STM32CubeIDE/plugins/com.st.stm32cube.ide.mcu.externaltools.gnu-tools-for-stm32.13.3.rel1.win32_1.0.100.202509120712/tools/bin/../lib/gcc/arm-none-eabi/13.3.1/../../../../arm-none-eabi/lib/thumb/v6-m/nofp\libc_nano.a(libc_a-exit.o) (__stdio_exit_handler)
C:/ST/STM32CubeIDE_1.19.0/STM32CubeIDE/plugins/com.st.stm32cube.ide.mcu.externaltools.gnu-tools-for-stm32.13.3.rel1.win32_1.0.100.202509120712/tools/bin/../lib/gcc/arm-none-eabi/13.3.1/../../../../arm-none-eabi/lib/thumb/v6-m/nofp\libc_nano.a(libc_a-fwalk.o)
                              C:/ST/STM32CubeIDE_1.19.0/STM32CubeIDE/plugins/com.st.stm32cube.ide.mcu.externaltools.gnu-tools-for-stm32.13.3.rel1.win32_1.0.100.202509120712/tools/bin/../lib/gcc/arm-none-eabi/13.3.1/../../../../arm-none-eabi/lib/thumb/v6-m/nofp\libc_nano.a(libc_a-findfp.o) (_fwalk_sglue)
C:/ST/STM32CubeIDE_1.19.0/STM32CubeIDE/plugins/com.st.stm32cube.ide.mcu.externaltools.gnu-tools-for-stm32.13.3.rel1.win32_1.0.100.202509120712/tools/bin/../lib/gcc/arm-none-eabi/13.3.1/../../../../arm-none-eabi/lib/thumb/v6-m/nofp\libc_nano.a(libc_a-stdio.o)
                              C:/ST/STM32CubeIDE_1.19.0/STM32CubeIDE/plugins/com.st.stm32cube.ide.mcu.externaltools.gnu-tools-for-stm32.13.3.rel1.win32_1.0.100.202509120712/tools/bin/../lib/gcc/arm-none-eabi/13.3.1/../../../../arm-none-eabi/lib/thumb/v6-m/nofp\libc_nano.a(libc_a-findfp.o) (__sread)
C:/ST/STM32CubeIDE_1.19.0/STM32CubeIDE/plugins/com.st.stm32cube.ide.mcu.externaltools.gnu-tools-for-stm32.13.3.rel1.win32_1.0.100.202509120712/tools/bin/../lib/gcc/arm-none-eabi/13.3.1/../../../../arm-none-eabi/lib/thumb/v6-m/nofp\libc_nano.a(libc_a-memset.o)
                              C:/ST/STM32CubeIDE_1.19.0/STM32CubeIDE/plugins/com.st.stm32cube.ide.mcu.externaltools.gnu-tools-for-stm32.13.3.rel1.win32_1.0.100.202509120712/tools/bin/../lib/gcc/arm-none-eabi/13.3.1/../../../../arm-none-eabi/lib/thumb/v6-m/nofp/crt0.o (memset)
C:/ST/STM32CubeIDE_1.19.0/STM32CubeIDE/plugins/com.st.stm32cube.ide.mcu.externaltools.gnu-tools-for-stm32.13.3.rel1.win32_1.0.100.202509120712/tools/bin/../lib/gcc/arm-none-eabi/13.3.1/../../../../arm-none-eabi/lib/thumb/v6-m/nofp\libc_nano.a(libc_a-closer.o)
                              C:/ST/STM32CubeIDE_1.19.0/STM32CubeIDE/plugins/com.st.stm32cube.ide.mcu.externaltools.gnu-tools-for-stm32.13.3.rel1.win32_1.0.100.202509120712/tools/bin/../lib/gcc/arm-none-eabi/13.3.1/../../../../arm-none-eabi/lib/thumb/v6-m/nofp\libc_nano.a(libc_a-stdio.o) (_close_r)
C:/ST/STM32CubeIDE_1.19.0/STM32CubeIDE/plugins/com.st.stm32cube.ide.mcu.externaltools.gnu-tools-for-stm32.13.3.rel1.win32_1.0.100.202509120712/tools/bin/../lib/gcc/arm-none-eabi/13.3.1/../../../../arm-none-eabi/lib/thumb/v6-m/nofp\libc_nano.a(libc_a-reent.o)
                              C:/ST/STM32CubeIDE_1.19.0/STM32CubeIDE/plugins/com.st.stm32cube.ide.mcu.externaltools.gnu-tools-for-stm32.13.3.rel1.win32_1.0.100.202509120712/tools/bin/../lib/gcc/arm-none-eabi/13.3.1/../../../../arm-none-eabi/lib/thumb/v6-m/nofp\libc_nano.a(libc_a-closer.o) (errno)
C:/ST/STM32CubeIDE_1.19.0/STM32CubeIDE/plugins/com.st.stm32cube.ide.mcu.externaltools.gnu-tools-for-stm32.13.3.rel1.win32_1.0.100.202509120712/tools/bin/../lib/gcc/arm-none-eabi/13.3.1/../../../../arm-none-eabi/lib/thumb/v6-m/nofp\libc_nano.a(libc_a-impure.o)
                              C:/ST/STM32CubeIDE_1.19.0/STM32CubeIDE/plugins/com.st.stm32cube.ide.mcu.externaltools.gnu-tools-for-stm32.13.3.rel1.win32_1.0.100.202509120712/tools/bin/../lib/gcc/arm-none-eabi/13.3.1/../../../../arm-none-eabi/lib/thumb/v6-m/nofp\libc_nano.a(libc_a-reent.o) (_impure_ptr)
C:/ST/STM32CubeIDE_1.19.0/STM32CubeIDE/plugins/com.st.stm32cube.ide.mcu.externaltools.gnu-tools-for-stm32.13.3.rel1.win32_1.0.100.202509120712/tools/bin/../lib/gcc/arm-none-eabi/13.3.1/../../../../arm-none-eabi/lib/thumb/v6-m/nofp\libc_nano.a(libc_a-lseekr.o)
[...]
Memory Configuration

Name             Origin             Length             Attributes
RAM              0x20000000         0x00002000         xrw
FLASH            0x08000000         0x0000f800         xr
*default*        0x00000000         0xffffffff

Linker script and memory map

LOAD C:/ST/STM32CubeIDE_1.19.0/STM32CubeIDE/plugins/com.st.stm32cube.ide.mcu.externaltools.gnu-tools-for-stm32.13.3.rel1.win32_1.0.100.202509120712/tools/bin/../lib/gcc/arm-none-eabi/13.3.1/thumb/v6-m/nofp/crti.o
LOAD C:/ST/STM32CubeIDE_1.19.0/STM32CubeIDE/plugins/com.st.stm32cube.ide.mcu.externaltools.gnu-tools-for-stm32.13.3.rel1.win32_1.0.100.202509120712/tools/bin/../lib/gcc/arm-none-eabi/13.3.1/thumb/v6-m/nofp/crtbegin.o
LOAD C:/ST/STM32CubeIDE_1.19.0/STM32CubeIDE/plugins/com.st.stm32cube.ide.mcu.externaltools.gnu-tools-for-stm32.13.3.rel1.win32_1.0.100.202509120712/tools/bin/../lib/gcc/arm-none-eabi/13.3.1/../../../../arm-none-eabi/lib/thumb/v6-m/nofp/crt0.o
LOAD ./Core/Src/custom_callbacks.o
LOAD ./Core/Src/main.o
LOAD ./Core/Src/multiplexer.o
LOAD ./Core/Src/stm32g0xx_hal_msp.o
LOAD ./Core/Src/stm32g0xx_it.o
LOAD ./Core/Src/syscalls.o
LOAD ./Core/Src/sysmem.o
LOAD ./Core/Src/system_stm32g0xx.o
LOAD ./Core/Src/timers.o
LOAD ./Core/Startup/startup_stm32g031k8tx.o
LOAD ./Drivers/STM32G0xx_HAL_Driver/Src/stm32g0xx_hal.o
LOAD ./Drivers/STM32G0xx_HAL_Driver/Src/stm32g0xx_hal_cortex.o
LOAD ./Drivers/STM32G0xx_HAL_Driver/Src/stm32g0xx_hal_dma.o
LOAD ./Drivers/STM32G0xx_HAL_Driver/Src/stm32g0xx_hal_dma_ex.o
LOAD ./Drivers/STM32G0xx_HAL_Driver/Src/stm32g0xx_hal_exti.o
LOAD ./Drivers/STM32G0xx_HAL_Driver/Src/stm32g0xx_hal_flash.o
LOAD ./Drivers/STM32G0xx_HAL_Driver/Src/stm32g0xx_hal_flash_ex.o
LOAD ./Drivers/STM32G0xx_HAL_Driver/Src/stm32g0xx_hal_gpio.o
LOAD ./Drivers/STM32G0xx_HAL_Driver/Src/stm32g0xx_hal_pwr.o
LOAD ./Drivers/STM32G0xx_HAL_Driver/Src/stm32g0xx_hal_pwr_ex.o
LOAD ./Drivers/STM32G0xx_HAL_Driver/Src/stm32g0xx_hal_rcc.o
LOAD ./Drivers/STM32G0xx_HAL_Driver/Src/stm32g0xx_hal_rcc_ex.o
LOAD ./Drivers/STM32G0xx_HAL_Driver/Src/stm32g0xx_hal_rtc.o
LOAD ./Drivers/STM32G0xx_HAL_Driver/Src/stm32g0xx_hal_rtc_ex.o
LOAD ./Drivers/STM32G0xx_HAL_Driver/Src/stm32g0xx_hal_tim.o
LOAD ./Drivers/STM32G0xx_HAL_Driver/Src/stm32g0xx_hal_tim_ex.o
LOAD ./Drivers/STM32G0xx_HAL_Driver/Src/stm32g0xx_hal_uart.o
LOAD ./Drivers/STM32G0xx_HAL_Driver/Src/stm32g0xx_hal_uart_ex.o
LOAD ./Drivers/STM32G0xx_HAL_Driver/Src/stm32g0xx_ll_rcc.o
START GROUP
LOAD C:/ST/STM32CubeIDE_1.19.0/STM32CubeIDE/plugins/com.st.stm32cube.ide.mcu.externaltools.gnu-tools-for-stm32.13.3.rel1.win32_1.0.100.202509120712/tools/bin/../lib/gcc/arm-none-eabi/13.3.1/../../../../arm-none-eabi/lib/thumb/v6-m/nofp\libc_nano.a
LOAD C:/ST/STM32CubeIDE_1.19.0/STM32CubeIDE/plugins/com.st.stm32cube.ide.mcu.externaltools.gnu-tools-for-stm32.13.3.rel1.win32_1.0.100.202509120712/tools/bin/../lib/gcc/arm-none-eabi/13.3.1/../../../../arm-none-eabi/lib/thumb/v6-m/nofp\libm.a
END GROUP
START GROUP
LOAD C:/ST/STM32CubeIDE_1.19.0/STM32CubeIDE/plugins/com.st.stm32cube.ide.mcu.externaltools.gnu-tools-for-stm32.13.3.rel1.win32_1.0.100.202509120712/tools/bin/../lib/gcc/arm-none-eabi/13.3.1/thumb/v6-m/nofp\libgcc.a
LOAD C:/ST/STM32CubeIDE_1.19.0/STM32CubeIDE/plugins/com.st.stm32cube.ide.mcu.externaltools.gnu-tools-for-stm32.13.3.rel1.win32_1.0.100.202509120712/tools/bin/../lib/gcc/arm-none-eabi/13.3.1/../../../../arm-none-eabi/lib/thumb/v6-m/nofp\libc_nano.a
END GROUP
START GROUP
LOAD C:/ST/STM32CubeIDE_1.19.0/STM32CubeIDE/plugins/com.st.stm32cube.ide.mcu.externaltools.gnu-tools-for-stm32.13.3.rel1.win32_1.0.100.202509120712/tools/bin/../lib/gcc/arm-none-eabi/13.3.1/thumb/v6-m/nofp\libgcc.a
LOAD C:/ST/STM32CubeIDE_1.19.0/STM32CubeIDE/plugins/com.st.stm32cube.ide.mcu.externaltools.gnu-tools-for-stm32.13.3.rel1.win32_1.0.100.202509120712/tools/bin/../lib/gcc/arm-none-eabi/13.3.1/../../../../arm-none-eabi/lib/thumb/v6-m/nofp\libc_nano.a
LOAD C:/ST/STM32CubeIDE_1.19.0/STM32CubeIDE/plugins/com.st.stm32cube.ide.mcu.externaltools.gnu-tools-for-stm32.13.3.rel1.win32_1.0.100.202509120712/tools/bin/../lib/gcc/arm-none-eabi/13.3.1/../../../../arm-none-eabi/lib/thumb/v6-m/nofp\libnosys.a
END GROUP
START GROUP
LOAD C:/ST/STM32CubeIDE_1.19.0/STM32CubeIDE/plugins/com.st.stm32cube.ide.mcu.externaltools.gnu-tools-for-stm32.13.3.rel1.win32_1.0.100.202509120712/tools/bin/../lib/gcc/arm-none-eabi/13.3.1/thumb/v6-m/nofp\libgcc.a
LOAD C:/ST/STM32CubeIDE_1.19.0/STM32CubeIDE/plugins/com.st.stm32cube.ide.mcu.externaltools.gnu-tools-for-stm32.13.3.rel1.win32_1.0.100.202509120712/tools/bin/../lib/gcc/arm-none-eabi/13.3.1/../../../../arm-none-eabi/lib/thumb/v6-m/nofp\libc_nano.a
LOAD C:/ST/STM32CubeIDE_1.19.0/STM32CubeIDE/plugins/com.st.stm32cube.ide.mcu.externaltools.gnu-tools-for-stm32.13.3.rel1.win32_1.0.100.202509120712/tools/bin/../lib/gcc/arm-none-eabi/13.3.1/../../../../arm-none-eabi/lib/thumb/v6-m/nofp\libnosys.a
END GROUP
LOAD C:/ST/STM32CubeIDE_1.19.0/STM32CubeIDE/plugins/com.st.stm32cube.ide.mcu.externaltools.gnu-tools-for-stm32.13.3.rel1.win32_1.0.100.202509120712/tools/bin/../lib/gcc/arm-none-eabi/13.3.1/thumb/v6-m/nofp/crtend.o
LOAD C:/ST/STM32CubeIDE_1.19.0/STM32CubeIDE/plugins/com.st.stm32cube.ide.mcu.externaltools.gnu-tools-for-stm32.13.3.rel1.win32_1.0.100.202509120712/tools/bin/../lib/gcc/arm-none-eabi/13.3.1/thumb/v6-m/nofp/crtn.o
                0x20002000                        _estack = (ORIGIN (RAM) + LENGTH (RAM))
                0x00000200                        _Min_Heap_Size = 0x200
                0x00000400                        _Min_Stack_Size = 0x400

.isr_vector     0x08000000       0xbc
                0x08000000                        . = ALIGN (0x4)
 *(.isr_vector)
 .isr_vector    0x08000000       0xbc ./Core/Startup/startup_stm32g031k8tx.o
                0x08000000                g_pfnVectors
                0x080000bc                        . = ALIGN (0x4)

.text           0x080000c0     0x51a0
                0x080000c0                        . = ALIGN (0x4)
 *(.text)
 .text          0x080000c0       0x48 C:/ST/STM32CubeIDE_1.19.0/STM32CubeIDE/plugins/com.st.stm32cube.ide.mcu.externaltools.gnu-tools-for-stm32.13.3.rel1.win32_1.0.100.202509120712/tools/bin/../lib/gcc/arm-none-eabi/13.3.1/thumb/v6-m/nofp/crtbegin.o
 .text          0x08000108      0x114 C:/ST/STM32CubeIDE_1.19.0/STM32CubeIDE/plugins/com.st.stm32cube.ide.mcu.externaltools.gnu-tools-for-stm32.13.3.rel1.win32_1.0.100.202509120712/tools/bin/../lib/gcc/arm-none-eabi/13.3.1/thumb/v6-m/nofp\libgcc.a(_udivsi3.o)
                0x08000108                __aeabi_uidiv
                0x08000108                __udivsi3
                0x08000214                __aeabi_uidivmod
 .text          0x0800021c        0x4 C:/ST/STM32CubeIDE_1.19.0/STM32CubeIDE/plugins/com.st.stm32cube.ide.mcu.externaltools.gnu-tools-for-stm32.13.3.rel1.win32_1.0.100.202509120712/tools/bin/../lib/gcc/arm-none-eabi/13.3.1/thumb/v6-m/nofp\libgcc.a(_dvmd_tls.o)
                0x0800021c                __aeabi_idiv0
                0x0800021c                __aeabi_ldiv0
 .text          0x08000220       0x40 C:/ST/STM32CubeIDE_1.19.0/STM32CubeIDE/plugins/com.st.stm32cube.ide.mcu.externaltools.gnu-tools-for-stm32.13.3.rel1.win32_1.0.100.202509120712/tools/bin/../lib/gcc/arm-none-eabi/13.3.1/thumb/v6-m/nofp\libgcc.a(_aeabi_uldivmod.o)
                0x08000220                __aeabi_uldivmod
 .text          0x08000260      0x198 C:/ST/STM32CubeIDE_1.19.0/STM32CubeIDE/plugins/com.st.stm32cube.ide.mcu.externaltools.gnu-tools-for-stm32.13.3.rel1.win32_1.0.100.202509120712/tools/bin/../lib/gcc/arm-none-eabi/13.3.1/thumb/v6-m/nofp\libgcc.a(_udivmoddi4.o)
                0x08000260                __udivmoddi4
 .text          0x080003f8       0x18 C:/ST/STM32CubeIDE_1.19.0/STM32CubeIDE/plugins/com.st.stm32cube.ide.mcu.externaltools.gnu-tools-for-stm32.13.3.rel1.win32_1.0.100.202509120712/tools/bin/../lib/gcc/arm-none-eabi/13.3.1/thumb/v6-m/nofp\libgcc.a(_clzdi2.o)
                0x080003f8                __clzdi2
 .text          0x08000410       0x3c C:/ST/STM32CubeIDE_1.19.0/STM32CubeIDE/plugins/com.st.stm32cube.ide.mcu.externaltools.gnu-tools-for-stm32.13.3.rel1.win32_1.0.100.202509120712/tools/bin/../lib/gcc/arm-none-eabi/13.3.1/thumb/v6-m/nofp\libgcc.a(_clzsi2.o)
                0x08000410                __clzsi2
 *(.text*)
 .text.TIM1_CH1_Valve_LED_0_Callback
                0x0800044c       0x10 ./Core/Src/custom_callbacks.o
                0x0800044c                TIM1_CH1_Valve_LED_0_Callback
 .text.TIM1_CH2_Valve_LED_1_Callback
                0x0800045c       0x10 ./Core/Src/custom_callbacks.o
                0x0800045c                TIM1_CH2_Valve_LED_1_Callback
 .text.TIM1_CH3_Valve_LED_2_Callback
                0x0800046c       0x10 ./Core/Src/custom_callbacks.o
                0x0800046c                TIM1_CH3_Valve_LED_2_Callback
 .text.main     0x0800047c       0xd0 ./Core/Src/main.o
                0x0800047c                main
 .text.RTC_Time_Init
                0x0800054c       0x78 ./Core/Src/main.o
                0x0800054c                RTC_Time_Init
 .text.SystemClock_Config
                0x080005c4       0xd8 ./Core/Src/main.o
                0x080005c4                SystemClock_Config
 .text.MX_RTC_Init
                0x0800069c       0x5c ./Core/Src/main.o
 .text.MX_TIM1_Init
                0x080006f8      0x1c8 ./Core/Src/main.o
 .text.MX_TIM2_Init
                0x080008c0       0xc4 ./Core/Src/main.o
 .text.MX_TIM3_Init
                0x08000984      0x114 ./Core/Src/main.o
 .text.MX_TIM14_Init
                0x08000a98       0xa0 ./Core/Src/main.o
 .text.MX_TIM16_Init
                0x08000b38      0x10c ./Core/Src/main.o
 .text.MX_TIM17_Init
                0x08000c44      0x10c ./Core/Src/main.o
 .text.MX_USART2_UART_Init
                0x08000d50       0x68 ./Core/Src/main.o
 .text.MX_GPIO_Init
                0x08000db8      0x184 ./Core/Src/main.o
 .text.Error_Handler
                0x08000f3c        0xc ./Core/Src/main.o
                0x08000f3c                Error_Handler
 .text.Start_Multiplexer_Timer
                0x08000f48       0x44 ./Core/Src/multiplexer.o
                0x08000f48                Start_Multiplexer_Timer
 .text.Start_Anti_Cathode_Poisoning_Timer
                0x08000f8c       0x44 ./Core/Src/multiplexer.o
                0x08000f8c                Start_Anti_Cathode_Poisoning_Timer
 .text.Master_Init
                0x08000fd0       0x42 ./Core/Src/multiplexer.o
                0x08000fd0                Master_Init
 *fill*         0x08001012        0x2 
 .text.Toggle_HV_Power_Supply
                0x08001014       0x44 ./Core/Src/multiplexer.o
                0x08001014                Toggle_HV_Power_Supply
 .text.Read_Time_From_Flash
                0x08001058       0x6c ./Core/Src/multiplexer.o
                0x08001058                Read_Time_From_Flash
 .text.HAL_MspInit
                0x080010c4       0x48 ./Core/Src/stm32g0xx_hal_msp.o
                0x080010c4                HAL_MspInit
 .text.HAL_RTC_MspInit
                0x0800110c       0x7c ./Core/Src/stm32g0xx_hal_msp.o
                0x0800110c                HAL_RTC_MspInit
 .text.HAL_TIM_Base_MspInit
                0x08001188      0x148 ./Core/Src/stm32g0xx_hal_msp.o
                0x08001188                HAL_TIM_Base_MspInit
 .text.HAL_TIM_Encoder_MspInit
                0x080012d0       0x90 ./Core/Src/stm32g0xx_hal_msp.o
                0x080012d0                HAL_TIM_Encoder_MspInit
 .text.HAL_TIM_MspPostInit
                0x08001360      0x11c ./Core/Src/stm32g0xx_hal_msp.o
                0x08001360                HAL_TIM_MspPostInit
 .text.HAL_UART_MspInit
                0x0800147c       0x94 ./Core/Src/stm32g0xx_hal_msp.o
                0x0800147c                HAL_UART_MspInit
 .text.NMI_Handler
                0x08001510        0x8 ./Core/Src/stm32g0xx_it.o
                0x08001510                NMI_Handler
 .text.HardFault_Handler
                0x08001518        0x8 ./Core/Src/stm32g0xx_it.o
                0x08001518                HardFault_Handler
 .text.SVC_Handler
                0x08001520        0xa ./Core/Src/stm32g0xx_it.o
                0x08001520                SVC_Handler
 .text.PendSV_Handler
                0x0800152a        0xa ./Core/Src/stm32g0xx_it.o
                0x0800152a                PendSV_Handler
 .text.EXTI0_1_IRQHandler
                0x08001534       0x10 ./Core/Src/stm32g0xx_it.o
                0x08001534                EXTI0_1_IRQHandler
 .text.EXTI4_15_IRQHandler
                0x08001544       0x14 ./Core/Src/stm32g0xx_it.o
                0x08001544                EXTI4_15_IRQHandler
 .text.TIM14_IRQHandler
                0x08001558       0x18 ./Core/Src/stm32g0xx_it.o
                0x08001558                TIM14_IRQHandler
 .text.SystemInit
                0x08001570        0xa ./Core/Src/system_stm32g0xx.o
                0x08001570                SystemInit
 .text.Start_OC_TIM
                0x0800157a       0x38 ./Core/Src/timers.o
                0x0800157a                Start_OC_TIM
 *fill*         0x080015b2        0x2 
 .text.Reset_Handler
                0x080015b4       0x50 ./Core/Startup/startup_stm32g031k8tx.o
                0x080015b4                Reset_Handler
 .text.Default_Handler
                0x08001604        0x2 ./Core/Startup/startup_stm32g031k8tx.o
                0x08001604                TIM1_CC_IRQHandler
                0x08001604                PVD_IRQHandler
                0x08001604                I2C1_IRQHandler
                0x08001604                LPTIM2_IRQHandler
                0x08001604                RTC_TAMP_IRQHandler
                0x08001604                SPI1_IRQHandler
                0x08001604                DMA1_Ch4_5_DMAMUX1_OVR_IRQHandler
                0x08001604                EXTI2_3_IRQHandler
                0x08001604                ADC1_IRQHandler
                0x08001604                I2C2_IRQHandler
                0x08001604                TIM3_IRQHandler
                0x08001604                RCC_IRQHandler
                0x08001604                DMA1_Channel1_IRQHandler
                0x08001604                Default_Handler
                0x08001604                SPI2_IRQHandler
                0x08001604                WWDG_IRQHandler
                0x08001604                LPUART1_IRQHandler
                0x08001604                TIM2_IRQHandler
                0x08001604                DMA1_Channel2_3_IRQHandler
                0x08001604                USART2_IRQHandler
                0x08001604                FLASH_IRQHandler
                0x08001604                USART1_IRQHandler
                0x08001604                TIM1_BRK_UP_TRG_COM_IRQHandler
                0x08001604                LPTIM1_IRQHandler
 *fill*         0x08001606        0x2 
 .text.HAL_Init
                0x08001608       0x40 ./Drivers/STM32G0xx_HAL_Driver/Src/stm32g0xx_hal.o
                0x08001608                HAL_Init
 .text.HAL_InitTick
                0x08001648       0x94 ./Drivers/STM32G0xx_HAL_Driver/Src/stm32g0xx_hal.o
                0x08001648                HAL_InitTick
 .text.HAL_GetTick
                0x080016dc       0x14 ./Drivers/STM32G0xx_HAL_Driver/Src/stm32g0xx_hal.o
                0x080016dc                HAL_GetTick
 .text.__NVIC_EnableIRQ
                0x080016f0       0x34 ./Drivers/STM32G0xx_HAL_Driver/Src/stm32g0xx_hal_cortex.o
 .text.__NVIC_SetPriority
                0x08001724       0xdc ./Drivers/STM32G0xx_HAL_Driver/Src/stm32g0xx_hal_cortex.o
 .text.SysTick_Config
                0x08001800       0x48 ./Drivers/STM32G0xx_HAL_Driver/Src/stm32g0xx_hal_cortex.o
 .text.HAL_NVIC_SetPriority
                0x08001848       0x2a ./Drivers/STM32G0xx_HAL_Driver/Src/stm32g0xx_hal_cortex.o
                0x08001848                HAL_NVIC_SetPriority
 .text.HAL_NVIC_EnableIRQ
                0x08001872       0x20 ./Drivers/STM32G0xx_HAL_Driver/Src/stm32g0xx_hal_cortex.o
                0x08001872                HAL_NVIC_EnableIRQ
 .text.HAL_SYSTICK_Config
                0x08001892       0x1a ./Drivers/STM32G0xx_HAL_Driver/Src/stm32g0xx_hal_cortex.o
                0x08001892                HAL_SYSTICK_Config
 .text.FLASH_WaitForLastOperation
                0x080018ac       0x9c ./Drivers/STM32G0xx_HAL_Driver/Src/stm32g0xx_hal_flash.o
                0x080018ac                FLASH_WaitForLastOperation
 .text.FLASH_Program_DoubleWord
                0x08001948       0x40 ./Drivers/STM32G0xx_HAL_Driver/Src/stm32g0xx_hal_flash.o
 .text.FLASH_MassErase
                0x08001988       0x28 ./Drivers/STM32G0xx_HAL_Driver/Src/stm32g0xx_hal_flash_ex.o
 .text.FLASH_PageErase
                0x080019b0       0x38 ./Drivers/STM32G0xx_HAL_Driver/Src/stm32g0xx_hal_flash_ex.o
                0x080019b0                FLASH_PageErase
 .text.HAL_GPIO_Init
                0x080019e8      0x2c8 ./Drivers/STM32G0xx_HAL_Driver/Src/stm32g0xx_hal_gpio.o
                0x080019e8                HAL_GPIO_Init
 .text.HAL_GPIO_EXTI_IRQHandler
                0x08001cb0       0x54 ./Drivers/STM32G0xx_HAL_Driver/Src/stm32g0xx_hal_gpio.o
                0x08001cb0                HAL_GPIO_EXTI_IRQHandler
 .text.HAL_GPIO_EXTI_Rising_Callback
                0x08001d04       0x14 ./Drivers/STM32G0xx_HAL_Driver/Src/stm32g0xx_hal_gpio.o
                0x08001d04                HAL_GPIO_EXTI_Rising_Callback
 .text.HAL_GPIO_EXTI_Falling_Callback
                0x08001d18       0x14 ./Drivers/STM32G0xx_HAL_Driver/Src/stm32g0xx_hal_gpio.o
                0x08001d18                HAL_GPIO_EXTI_Falling_Callback
 .text.HAL_PWR_EnableBkUpAccess
                0x08001d2c       0x1c ./Drivers/STM32G0xx_HAL_Driver/Src/stm32g0xx_hal_pwr.o
                0x08001d2c                HAL_PWR_EnableBkUpAccess
 .text.HAL_PWREx_ControlVoltageScaling
                0x08001d48       0x80 ./Drivers/STM32G0xx_HAL_Driver/Src/stm32g0xx_hal_pwr_ex.o
                0x08001d48                HAL_PWREx_ControlVoltageScaling
 .text.LL_RCC_GetAPB1Prescaler
                0x08001dc8       0x18 ./Drivers/STM32G0xx_HAL_Driver/Src/stm32g0xx_hal_rcc.o
 .text.HAL_RCC_OscConfig
                0x08001de0      0x634 ./Drivers/STM32G0xx_HAL_Driver/Src/stm32g0xx_hal_rcc.o
                0x08001de0                HAL_RCC_OscConfig
 .text.HAL_RCC_ClockConfig
                0x08002414      0x210 ./Drivers/STM32G0xx_HAL_Driver/Src/stm32g0xx_hal_rcc.o
                0x08002414                HAL_RCC_ClockConfig
 .text.HAL_RCC_GetSysClockFreq
                0x08002624      0x104 ./Drivers/STM32G0xx_HAL_Driver/Src/stm32g0xx_hal_rcc.o
                0x08002624                HAL_RCC_GetSysClockFreq
 .text.HAL_RCC_GetHCLKFreq
                0x08002728       0x14 ./Drivers/STM32G0xx_HAL_Driver/Src/stm32g0xx_hal_rcc.o
                0x08002728                HAL_RCC_GetHCLKFreq
 .text.HAL_RCC_GetPCLK1Freq
                0x0800273c       0x2c ./Drivers/STM32G0xx_HAL_Driver/Src/stm32g0xx_hal_rcc.o
                0x0800273c                HAL_RCC_GetPCLK1Freq
 .text.HAL_RCCEx_PeriphCLKConfig
                0x08002768      0x2f4 ./Drivers/STM32G0xx_HAL_Driver/Src/stm32g0xx_hal_rcc_ex.o
                0x08002768                HAL_RCCEx_PeriphCLKConfig
 .text.HAL_RTC_Init
                0x08002a5c      0x144 ./Drivers/STM32G0xx_HAL_Driver/Src/stm32g0xx_hal_rtc.o
                0x08002a5c                HAL_RTC_Init
 .text.HAL_RTC_SetTime
                0x08002ba0      0x150 ./Drivers/STM32G0xx_HAL_Driver/Src/stm32g0xx_hal_rtc.o
                0x08002ba0                HAL_RTC_SetTime
 .text.HAL_RTC_SetDate
                0x08002cf0      0x124 ./Drivers/STM32G0xx_HAL_Driver/Src/stm32g0xx_hal_rtc.o
                0x08002cf0                HAL_RTC_SetDate
 .text.HAL_RTC_WaitForSynchro
                0x08002e14       0x4c ./Drivers/STM32G0xx_HAL_Driver/Src/stm32g0xx_hal_rtc.o
                0x08002e14                HAL_RTC_WaitForSynchro
 .text.RTC_EnterInitMode
                0x08002e60       0x84 ./Drivers/STM32G0xx_HAL_Driver/Src/stm32g0xx_hal_rtc.o
                0x08002e60                RTC_EnterInitMode
 .text.RTC_ExitInitMode
                0x08002ee4       0x88 ./Drivers/STM32G0xx_HAL_Driver/Src/stm32g0xx_hal_rtc.o
                0x08002ee4                RTC_ExitInitMode
 .text.RTC_ByteToBcd2
                0x08002f6c       0x50 ./Drivers/STM32G0xx_HAL_Driver/Src/stm32g0xx_hal_rtc.o
                0x08002f6c                RTC_ByteToBcd2
 .text.HAL_TIM_Base_Init
                0x08002fbc       0xcc ./Drivers/STM32G0xx_HAL_Driver/Src/stm32g0xx_hal_tim.o
                0x08002fbc                HAL_TIM_Base_Init
 .text.HAL_TIM_OC_Init
                0x08003088       0xcc ./Drivers/STM32G0xx_HAL_Driver/Src/stm32g0xx_hal_tim.o
                0x08003088                HAL_TIM_OC_Init
 .text.HAL_TIM_OC_MspInit
                0x08003154       0x10 ./Drivers/STM32G0xx_HAL_Driver/Src/stm32g0xx_hal_tim.o
                0x08003154                HAL_TIM_OC_MspInit
 .text.HAL_TIM_OC_Start_IT
                0x08003164      0x248 ./Drivers/STM32G0xx_HAL_Driver/Src/stm32g0xx_hal_tim.o
                0x08003164                HAL_TIM_OC_Start_IT
 .text.HAL_TIM_PWM_Init
                0x080033ac       0xcc ./Drivers/STM32G0xx_HAL_Driver/Src/stm32g0xx_hal_tim.o
                0x080033ac                HAL_TIM_PWM_Init
 .text.HAL_TIM_PWM_MspInit
                0x08003478       0x10 ./Drivers/STM32G0xx_HAL_Driver/Src/stm32g0xx_hal_tim.o
                0x08003478                HAL_TIM_PWM_MspInit
 .text.HAL_TIM_Encoder_Init
                0x08003488      0x16c ./Drivers/STM32G0xx_HAL_Driver/Src/stm32g0xx_hal_tim.o
                0x08003488                HAL_TIM_Encoder_Init
 .text.HAL_TIM_OC_ConfigChannel
                0x080035f4       0xc0 ./Drivers/STM32G0xx_HAL_Driver/Src/stm32g0xx_hal_tim.o
                0x080035f4                HAL_TIM_OC_ConfigChannel
 .text.HAL_TIM_PWM_ConfigChannel
                0x080036b4      0x200 ./Drivers/STM32G0xx_HAL_Driver/Src/stm32g0xx_hal_tim.o
                0x080036b4                HAL_TIM_PWM_ConfigChannel
 .text.HAL_TIM_ConfigClockSource
                0x080038b4      0x1ac ./Drivers/STM32G0xx_HAL_Driver/Src/stm32g0xx_hal_tim.o
                0x080038b4                HAL_TIM_ConfigClockSource
 .text.HAL_TIM_PeriodElapsedCallback
                0x08003a60       0x10 ./Drivers/STM32G0xx_HAL_Driver/Src/stm32g0xx_hal_tim.o
                0x08003a60                HAL_TIM_PeriodElapsedCallback
 .text.HAL_TIM_PeriodElapsedHalfCpltCallback
                0x08003a70       0x10 ./Drivers/STM32G0xx_HAL_Driver/Src/stm32g0xx_hal_tim.o
                0x08003a70                HAL_TIM_PeriodElapsedHalfCpltCallback
 .text.HAL_TIM_OC_DelayElapsedCallback
                0x08003a80       0x10 ./Drivers/STM32G0xx_HAL_Driver/Src/stm32g0xx_hal_tim.o
                0x08003a80                HAL_TIM_OC_DelayElapsedCallback
 .text.HAL_TIM_IC_CaptureCallback
                0x08003a90       0x10 ./Drivers/STM32G0xx_HAL_Driver/Src/stm32g0xx_hal_tim.o
                0x08003a90                HAL_TIM_IC_CaptureCallback
 .text.HAL_TIM_IC_CaptureHalfCpltCallback
                0x08003aa0       0x10 ./Drivers/STM32G0xx_HAL_Driver/Src/stm32g0xx_hal_tim.o
                0x08003aa0                HAL_TIM_IC_CaptureHalfCpltCallback
 .text.HAL_TIM_PWM_PulseFinishedCallback
                0x08003ab0       0x10 ./Drivers/STM32G0xx_HAL_Driver/Src/stm32g0xx_hal_tim.o
                0x08003ab0                HAL_TIM_PWM_PulseFinishedCallback
 .text.HAL_TIM_PWM_PulseFinishedHalfCpltCallback
                0x08003ac0       0x10 ./Drivers/STM32G0xx_HAL_Driver/Src/stm32g0xx_hal_tim.o
                0x08003ac0                HAL_TIM_PWM_PulseFinishedHalfCpltCallback
 .text.HAL_TIM_TriggerCallback
                0x08003ad0       0x10 ./Drivers/STM32G0xx_HAL_Driver/Src/stm32g0xx_hal_tim.o
                0x08003ad0                HAL_TIM_TriggerCallback
 .text.HAL_TIM_TriggerHalfCpltCallback
                0x08003ae0       0x10 ./Drivers/STM32G0xx_HAL_Driver/Src/stm32g0xx_hal_tim.o
                0x08003ae0                HAL_TIM_TriggerHalfCpltCallback
 .text.HAL_TIM_ErrorCallback
                0x08003af0       0x10 ./Drivers/STM32G0xx_HAL_Driver/Src/stm32g0xx_hal_tim.o
                0x08003af0                HAL_TIM_ErrorCallback
 .text.HAL_TIM_RegisterCallback
                0x08003b00      0x20c ./Drivers/STM32G0xx_HAL_Driver/Src/stm32g0xx_hal_tim.o
                0x08003b00                HAL_TIM_RegisterCallback
 .text.TIM_Base_SetConfig
                0x08003d0c      0x108 ./Drivers/STM32G0xx_HAL_Driver/Src/stm32g0xx_hal_tim.o
                0x08003d0c                TIM_Base_SetConfig
 .text.TIM_OC1_SetConfig
                0x08003e14      0x100 ./Drivers/STM32G0xx_HAL_Driver/Src/stm32g0xx_hal_tim.o
 .text.TIM_OC2_SetConfig
                0x08003f14       0xfc ./Drivers/STM32G0xx_HAL_Driver/Src/stm32g0xx_hal_tim.o
                0x08003f14                TIM_OC2_SetConfig
 .text.TIM_OC3_SetConfig
                0x08004010      0x104 ./Drivers/STM32G0xx_HAL_Driver/Src/stm32g0xx_hal_tim.o
 .text.TIM_OC4_SetConfig
                0x08004114       0xc8 ./Drivers/STM32G0xx_HAL_Driver/Src/stm32g0xx_hal_tim.o
 .text.TIM_OC5_SetConfig
                0x080041dc       0xb4 ./Drivers/STM32G0xx_HAL_Driver/Src/stm32g0xx_hal_tim.o
 .text.TIM_OC6_SetConfig
                0x08004290       0xbc ./Drivers/STM32G0xx_HAL_Driver/Src/stm32g0xx_hal_tim.o
 .text.TIM_TI1_ConfigInputStage
                0x0800434c       0x5c ./Drivers/STM32G0xx_HAL_Driver/Src/stm32g0xx_hal_tim.o
 .text.TIM_TI2_ConfigInputStage
                0x080043a8       0x64 ./Drivers/STM32G0xx_HAL_Driver/Src/stm32g0xx_hal_tim.o
 .text.TIM_ITRx_SetConfig
                0x0800440c       0x38 ./Drivers/STM32G0xx_HAL_Driver/Src/stm32g0xx_hal_tim.o
 .text.TIM_ETR_SetConfig
                0x08004444       0x40 ./Drivers/STM32G0xx_HAL_Driver/Src/stm32g0xx_hal_tim.o
                0x08004444                TIM_ETR_SetConfig
 .text.TIM_CCxChannelCmd
                0x08004484       0x46 ./Drivers/STM32G0xx_HAL_Driver/Src/stm32g0xx_hal_tim.o
                0x08004484                TIM_CCxChannelCmd
 *fill*         0x080044ca        0x2 
 .text.TIM_ResetCallback
                0x080044cc       0xb8 ./Drivers/STM32G0xx_HAL_Driver/Src/stm32g0xx_hal_tim.o
                0x080044cc                TIM_ResetCallback
 .text.HAL_TIMEx_MasterConfigSynchronization
                0x08004584       0xd0 ./Drivers/STM32G0xx_HAL_Driver/Src/stm32g0xx_hal_tim_ex.o
                0x08004584                HAL_TIMEx_MasterConfigSynchronization
 .text.HAL_TIMEx_ConfigBreakDeadTime
                0x08004654      0x138 ./Drivers/STM32G0xx_HAL_Driver/Src/stm32g0xx_hal_tim_ex.o
                0x08004654                HAL_TIMEx_ConfigBreakDeadTime
 .text.HAL_TIMEx_CommutCallback
                0x0800478c       0x10 ./Drivers/STM32G0xx_HAL_Driver/Src/stm32g0xx_hal_tim_ex.o
                0x0800478c                HAL_TIMEx_CommutCallback
 .text.HAL_TIMEx_CommutHalfCpltCallback
                0x0800479c       0x10 ./Drivers/STM32G0xx_HAL_Driver/Src/stm32g0xx_hal_tim_ex.o
                0x0800479c                HAL_TIMEx_CommutHalfCpltCallback
 .text.HAL_TIMEx_BreakCallback
                0x080047ac       0x10 ./Drivers/STM32G0xx_HAL_Driver/Src/stm32g0xx_hal_tim_ex.o
                0x080047ac                HAL_TIMEx_BreakCallback
 .text.HAL_TIMEx_Break2Callback
                0x080047bc       0x10 ./Drivers/STM32G0xx_HAL_Driver/Src/stm32g0xx_hal_tim_ex.o
                0x080047bc                HAL_TIMEx_Break2Callback
 .text.HAL_UART_Init
                0x080047cc       0xac ./Drivers/STM32G0xx_HAL_Driver/Src/stm32g0xx_hal_uart.o
                0x080047cc                HAL_UART_Init
 .text.UART_SetConfig
                0x08004878      0x4f0 ./Drivers/STM32G0xx_HAL_Driver/Src/stm32g0xx_hal_uart.o
                0x08004878                UART_SetConfig
 .text.UART_AdvFeatureConfig
                0x08004d68      0x168 ./Drivers/STM32G0xx_HAL_Driver/Src/stm32g0xx_hal_uart.o
                0x08004d68                UART_AdvFeatureConfig
 .text.UART_CheckIdleState
                0x08004ed0      0x154 ./Drivers/STM32G0xx_HAL_Driver/Src/stm32g0xx_hal_uart.o
                0x08004ed0                UART_CheckIdleState
 .text.UART_WaitOnFlagUntilTimeout
                0x08005024       0xde ./Drivers/STM32G0xx_HAL_Driver/Src/stm32g0xx_hal_uart.o
                0x08005024                UART_WaitOnFlagUntilTimeout
 *fill*         0x08005102        0x2 
 .text.UART_EndRxTransfer
                0x08005104       0xcc ./Drivers/STM32G0xx_HAL_Driver/Src/stm32g0xx_hal_uart.o
 .text.memset   0x080051d0       0x10 C:/ST/STM32CubeIDE_1.19.0/STM32CubeIDE/plugins/com.st.stm32cube.ide.mcu.externaltools.gnu-tools-for-stm32.13.3.rel1.win32_1.0.100.202509120712/tools/bin/../lib/gcc/arm-none-eabi/13.3.1/../../../../arm-none-eabi/lib/thumb/v6-m/nofp\libc_nano.a(libc_a-memset.o)
                0x080051d0                memset
 .text.__libc_init_array
                0x080051e0       0x48 C:/ST/STM32CubeIDE_1.19.0/STM32CubeIDE/plugins/com.st.stm32cube.ide.mcu.externaltools.gnu-tools-for-stm32.13.3.rel1.win32_1.0.100.202509120712/tools/bin/../lib/gcc/arm-none-eabi/13.3.1/../../../../arm-none-eabi/lib/thumb/v6-m/nofp\libc_nano.a(libc_a-init.o)
                0x080051e0                __libc_init_array
 *(.glue_7)
 .glue_7        0x08005228        0x0 linker stubs
 *(.glue_7t)
 .glue_7t       0x08005228        0x0 linker stubs
 *(.eh_frame)
 .eh_frame      0x08005228        0x0 C:/ST/STM32CubeIDE_1.19.0/STM32CubeIDE/plugins/com.st.stm32cube.ide.mcu.externaltools.gnu-tools-for-stm32.13.3.rel1.win32_1.0.100.202509120712/tools/bin/../lib/gcc/arm-none-eabi/13.3.1/thumb/v6-m/nofp/crtbegin.o
 *(.init)
 .init          0x08005228        0x4 C:/ST/STM32CubeIDE_1.19.0/STM32CubeIDE/plugins/com.st.stm32cube.ide.mcu.externaltools.gnu-tools-for-stm32.13.3.rel1.win32_1.0.100.202509120712/tools/bin/../lib/gcc/arm-none-eabi/13.3.1/thumb/v6-m/nofp/crti.o
                0x08005228                _init
 .init          0x0800522c        0x8 C:/ST/STM32CubeIDE_1.19.0/STM32CubeIDE/plugins/com.st.stm32cube.ide.mcu.externaltools.gnu-tools-for-stm32.13.3.rel1.win32_1.0.100.202509120712/tools/bin/../lib/gcc/arm-none-eabi/13.3.1/thumb/v6-m/nofp/crtn.o
 *(.fini)
 .fini          0x08005234        0x4 C:/ST/STM32CubeIDE_1.19.0/STM32CubeIDE/plugins/com.st.stm32cube.ide.mcu.externaltools.gnu-tools-for-stm32.13.3.rel1.win32_1.0.100.202509120712/tools/bin/../lib/gcc/arm-none-eabi/13.3.1/thumb/v6-m/nofp/crti.o
                0x08005234                _fini
 .fini          0x08005238        0x8 C:/ST/STM32CubeIDE_1.19.0/STM32CubeIDE/plugins/com.st.stm32cube.ide.mcu.externaltools.gnu-tools-for-stm32.13.3.rel1.win32_1.0.100.202509120712/tools/bin/../lib/gcc/arm-none-eabi/13.3.1/thumb/v6-m/nofp/crtn.o
 .fini.__stub   0x08005240       0x20 linker stubs
                0x08005260                        . = ALIGN (0x4)
                0x08005260                        _etext = .

.vfp11_veneer   0x08005260        0x0
 .vfp11_veneer  0x08005260        0x0 linker stubs

.v4_bx          0x08005260        0x0
 .v4_bx         0x08005260        0x0 linker stubs

.iplt           0x08005260        0x0
 .iplt          0x08005260        0x0 C:/ST/STM32CubeIDE_1.19.0/STM32CubeIDE/plugins/com.st.stm32cube.ide.mcu.externaltools.gnu-tools-for-stm32.13.3.rel1.win32_1.0.100.202509120712/tools/bin/../lib/gcc/arm-none-eabi/13.3.1/thumb/v6-m/nofp/crtbegin.o

.rodata         0x08005260      0x1d8
                0x08005260                        . = ALIGN (0x4)
 *(.rodata)
 .rodata        0x08005260       0x10 ./Core/Src/multiplexer.o
 *(.rodata*)
 .rodata.AHBPrescTable
                0x08005270       0x40 ./Core/Src/system_stm32g0xx.o
                0x08005270                AHBPrescTable
 .rodata.APBPrescTable
                0x080052b0       0x20 ./Core/Src/system_stm32g0xx.o
                0x080052b0                APBPrescTable
 .rodata.HAL_TIM_OC_ConfigChannel
                0x080052d0       0x54 ./Drivers/STM32G0xx_HAL_Driver/Src/stm32g0xx_hal_tim.o
 .rodata.HAL_TIM_PWM_ConfigChannel
                0x08005324       0x54 ./Drivers/STM32G0xx_HAL_Driver/Src/stm32g0xx_hal_tim.o
 .rodata.HAL_TIM_RegisterCallback
                0x08005378       0xa8 ./Drivers/STM32G0xx_HAL_Driver/Src/stm32g0xx_hal_tim.o
 .rodata.UARTPrescTable
                0x08005420       0x18 ./Drivers/STM32G0xx_HAL_Driver/Src/stm32g0xx_hal_uart.o
                0x08005420                UARTPrescTable
                0x08005438                        . = ALIGN (0x4)

.ARM.extab      0x08005438        0x0
                0x08005438                        . = ALIGN (0x4)
 *(.ARM.extab* .gnu.linkonce.armextab.*)
                0x08005438                        . = ALIGN (0x4)

.ARM            0x08005438        0x8
                0x08005438                        . = ALIGN (0x4)
                0x08005438                        __exidx_start = .
 *(.ARM.exidx*)
 .ARM.exidx     0x08005438        0x8 C:/ST/STM32CubeIDE_1.19.0/STM32CubeIDE/plugins/com.st.stm32cube.ide.mcu.externaltools.gnu-tools-for-stm32.13.3.rel1.win32_1.0.100.202509120712/tools/bin/../lib/gcc/arm-none-eabi/13.3.1/thumb/v6-m/nofp\libgcc.a(_udivmoddi4.o)
                0x08005440                        __exidx_end = .
                0x08005440                        . = ALIGN (0x4)

.preinit_array  0x08005440        0x0
                0x08005440                        . = ALIGN (0x4)
                0x08005440                        PROVIDE (__preinit_array_start = .)
 *(.preinit_array*)
                0x08005440                        PROVIDE (__preinit_array_end = .)
                0x08005440                        . = ALIGN (0x4)

.init_array     0x08005440        0x4
                0x08005440                        . = ALIGN (0x4)
                0x08005440                        PROVIDE (__init_array_start = .)
 *(SORT_BY_NAME(.init_array.*))
 *(.init_array*)
 .init_array    0x08005440        0x4 C:/ST/STM32CubeIDE_1.19.0/STM32CubeIDE/plugins/com.st.stm32cube.ide.mcu.externaltools.gnu-tools-for-stm32.13.3.rel1.win32_1.0.100.202509120712/tools/bin/../lib/gcc/arm-none-eabi/13.3.1/thumb/v6-m/nofp/crtbegin.o
                0x08005444                        PROVIDE (__init_array_end = .)
                0x08005444                        . = ALIGN (0x4)

.fini_array     0x08005444        0x4
                0x08005444                        . = ALIGN (0x4)
                [!provide]                        PROVIDE (__fini_array_start = .)
 *(SORT_BY_NAME(.fini_array.*))
 *(.fini_array*)
 .fini_array    0x08005444        0x4 C:/ST/STM32CubeIDE_1.19.0/STM32CubeIDE/plugins/com.st.stm32cube.ide.mcu.externaltools.gnu-tools-for-stm32.13.3.rel1.win32_1.0.100.202509120712/tools/bin/../lib/gcc/arm-none-eabi/13.3.1/thumb/v6-m/nofp/crtbegin.o
                [!provide]                        PROVIDE (__fini_array_end = .)
                0x08005448                        . = ALIGN (0x4)
                0x08005448                        _sidata = LOADADDR (.data)

.rel.dyn        0x08005448        0x0
 .rel.iplt      0x08005448        0x0 C:/ST/STM32CubeIDE_1.19.0/STM32CubeIDE/plugins/com.st.stm32cube.ide.mcu.externaltools.gnu-tools-for-stm32.13.3.rel1.win32_1.0.100.202509120712/tools/bin/../lib/gcc/arm-none-eabi/13.3.1/thumb/v6-m/nofp/crtbegin.o

.data           0x20000000     0x10f0 load address 0x08005448
                0x20000000                        . = ALIGN (0x4)
                0x20000000                        _sdata = .
 *(.data)
 *(.data*)
 .data.Valve_Anode_Registers
                0x20000000       0x18 ./Core/Src/multiplexer.o
                0x20000000                Valve_Anode_Registers
 .data.Valve_Anode_Pins
                0x20000018        0xc ./Core/Src/multiplexer.o
                0x20000018                Valve_Anode_Pins
 .data.BCD_Registers
                0x20000024       0x10 ./Core/Src/multiplexer.o
                0x20000024                BCD_Registers
 .data.BCD_Pins
                0x20000034        0x8 ./Core/Src/multiplexer.o
                0x20000034                BCD_Pins
 .data.SystemCoreClock
                0x2000003c        0x4 ./Core/Src/system_stm32g0xx.o
                0x2000003c                SystemCoreClock
 .data.uwTickPrio
                0x20000040        0x4 ./Drivers/STM32G0xx_HAL_Driver/Src/stm32g0xx_hal.o
                0x20000040                uwTickPrio
 .data.uwTickFreq
                0x20000044        0x1 ./Drivers/STM32G0xx_HAL_Driver/Src/stm32g0xx_hal.o
                0x20000044                uwTickFreq
 *(.RamFunc)
 *fill*         0x20000045        0x3 
 .RamFunc       0x20000048      0x690 ./Core/Src/custom_callbacks.o
                0x20000048                TIM17_Multiplexer_Sequencer_Callback
                0x20000580                TIM16_Anti_Cathode_Poisoning_Callback
                0x200006ac                TIM14_Time_Adjust_Valve_Blink_Callback
 .RamFunc       0x200006d8      0x268 ./Core/Src/multiplexer.o
                0x200006d8                Write_Digit_to_Valve
                0x200007bc                Set_System_Mode_and_Store_Previous_Mode
                0x200007e6                Turn_Valve_Off
                0x20000820                Get_RTC_Time
                0x20000850                Write_Time_In_Flash
                0x200008ac                Pack_Time_Into_Doubleword
 .RamFunc       0x20000940       0x3c ./Core/Src/stm32g0xx_it.o
                0x20000940                SysTick_Handler
                0x2000094e                TIM16_IRQHandler
                0x20000964                TIM17_IRQHandler
 .RamFunc       0x2000097c       0x6c ./Drivers/STM32G0xx_HAL_Driver/Src/stm32g0xx_hal.o
                0x2000097c                HAL_IncTick
                0x200009a0                HAL_Delay
 .RamFunc       0x200009e8      0x1b0 ./Drivers/STM32G0xx_HAL_Driver/Src/stm32g0xx_hal_flash.o
                0x200009e8                HAL_FLASH_Program
                0x20000a84                HAL_FLASH_Unlock
                0x20000acc                HAL_FLASH_Lock
 .RamFunc       0x20000b98       0xe8 ./Drivers/STM32G0xx_HAL_Driver/Src/stm32g0xx_hal_flash_ex.o
                0x20000b98                HAL_FLASHEx_Erase
 .RamFunc       0x20000c80       0x3a ./Drivers/STM32G0xx_HAL_Driver/Src/stm32g0xx_hal_gpio.o
                0x20000c80                HAL_GPIO_WritePin
 *fill*         0x20000cba        0x2 
 .RamFunc       0x20000cbc      0x190 ./Drivers/STM32G0xx_HAL_Driver/Src/stm32g0xx_hal_rtc.o
                0x20000cbc                HAL_RTC_GetTime
                0x20000d74                HAL_RTC_GetDate
                0x20000e10                RTC_Bcd2ToByte
 .RamFunc       0x20000e4c      0x254 ./Drivers/STM32G0xx_HAL_Driver/Src/stm32g0xx_hal_tim.o
                0x20000e4c                HAL_TIM_IRQHandler
 .RamFunc.__stub
                0x200010a0       0x50 linker stubs
 *(.RamFunc*)
                0x200010f0                        . = ALIGN (0x4)
                0x200010f0                        _edata = .

.igot.plt       0x200010f0        0x0 load address 0x08006538
 .igot.plt      0x200010f0        0x0 C:/ST/STM32CubeIDE_1.19.0/STM32CubeIDE/plugins/com.st.stm32cube.ide.mcu.externaltools.gnu-tools-for-stm32.13.3.rel1.win32_1.0.100.202509120712/tools/bin/../lib/gcc/arm-none-eabi/13.3.1/thumb/v6-m/nofp/crtbegin.o
                0x200010f0                        . = ALIGN (0x4)

.bss            0x200010f0      0x5b4 load address 0x08006538
                0x200010f0                        _sbss = .
                0x200010f0                        __bss_start__ = _sbss
 *(.bss)
 .bss           0x200010f0       0x1c C:/ST/STM32CubeIDE_1.19.0/STM32CubeIDE/plugins/com.st.stm32cube.ide.mcu.externaltools.gnu-tools-for-stm32.13.3.rel1.win32_1.0.100.202509120712/tools/bin/../lib/gcc/arm-none-eabi/13.3.1/thumb/v6-m/nofp/crtbegin.o
 *(.bss*)
 .bss.valve.0   0x2000110c        0x1 ./Core/Src/custom_callbacks.o
 *fill*         0x2000110d        0x3 
 .bss.hrtc      0x20001110       0x2c ./Core/Src/main.o
                0x20001110                hrtc
 .bss.htim1     0x2000113c       0xbc ./Core/Src/main.o
                0x2000113c                htim1
 .bss.htim2     0x200011f8       0xbc ./Core/Src/main.o
                0x200011f8                htim2
 .bss.htim3     0x200012b4       0xbc ./Core/Src/main.o
                0x200012b4                htim3
 .bss.htim14    0x20001370       0xbc ./Core/Src/main.o
                0x20001370                htim14
 .bss.htim16    0x2000142c       0xbc ./Core/Src/main.o
                0x2000142c                htim16
 .bss.htim17    0x200014e8       0xbc ./Core/Src/main.o
                0x200014e8                htim17
 .bss.huart2    0x200015a4       0x94 ./Core/Src/main.o
                0x200015a4                huart2
 .bss.master    0x20001638       0x4c ./Core/Src/main.o
                0x20001638                master
 .bss.uwTick    0x20001684        0x4 ./Drivers/STM32G0xx_HAL_Driver/Src/stm32g0xx_hal.o
                0x20001684                uwTick
 .bss.pFlash    0x20001688       0x1c ./Drivers/STM32G0xx_HAL_Driver/Src/stm32g0xx_hal_flash.o
                0x20001688                pFlash
 *(COMMON)
                0x200016a4                        . = ALIGN (0x4)
                0x200016a4                        _ebss = .
                0x200016a4                        __bss_end__ = _ebss

._user_heap_stack
                0x200016a4      0x604 load address 0x08006538
                0x200016a8                        . = ALIGN (0x8)
 *fill*         0x200016a4        0x4 
                [!provide]                        PROVIDE (end = .)
                0x200016a8                        PROVIDE (_end = .)
                0x200018a8                        . = (. + _Min_Heap_Size)
 *fill*         0x200016a8      0x200 
                0x20001ca8                        . = (. + _Min_Stack_Size)
 *fill*         0x200018a8      0x400 
                0x20001ca8                        . = ALIGN (0x8)

/DISCARD/
 libc.a(*)
 libm.a(*)
 libgcc.a(*)

.ARM.attributes
                0x00000000       0x28
 *(.ARM.attributes)
 .ARM.attributes
                0x00000000       0x1e C:/ST/STM32CubeIDE_1.19.0/STM32CubeIDE/plugins/com.st.stm32cube.ide.mcu.externaltools.gnu-tools-for-stm32.13.3.rel1.win32_1.0.100.202509120712/tools/bin/../lib/gcc/arm-none-eabi/13.3.1/thumb/v6-m/nofp/crti.o
 .ARM.attributes
                0x0000001e       0x2c C:/ST/STM32CubeIDE_1.19.0/STM32CubeIDE/plugins/com.st.stm32cube.ide.mcu.externaltools.gnu-tools-for-stm32.13.3.rel1.win32_1.0.100.202509120712/tools/bin/../lib/gcc/arm-none-eabi/13.3.1/thumb/v6-m/nofp/crtbegin.o
 .ARM.attributes
                0x0000004a       0x2c ./Core/Src/custom_callbacks.o
 .ARM.attributes
                0x00000076       0x2c ./Core/Src/main.o
 .ARM.attributes
                0x000000a2       0x2c ./Core/Src/multiplexer.o
 .ARM.attributes
                0x000000ce       0x2c ./Core/Src/stm32g0xx_hal_msp.o
 .ARM.attributes
                0x000000fa       0x2c ./Core/Src/stm32g0xx_it.o
 .ARM.attributes
                0x00000126       0x2c ./Core/Src/system_stm32g0xx.o
 .ARM.attributes
                0x00000152       0x2c ./Core/Src/timers.o
 .ARM.attributes
                0x0000017e       0x22 ./Core/Startup/startup_stm32g031k8tx.o
 .ARM.attributes
                0x000001a0       0x2c ./Drivers/STM32G0xx_HAL_Driver/Src/stm32g0xx_hal.o
 .ARM.attributes
                0x000001cc       0x2c ./Drivers/STM32G0xx_HAL_Driver/Src/stm32g0xx_hal_cortex.o
 .ARM.attributes
                0x000001f8       0x2c ./Drivers/STM32G0xx_HAL_Driver/Src/stm32g0xx_hal_flash.o
 .ARM.attributes
                0x00000224       0x2c ./Drivers/STM32G0xx_HAL_Driver/Src/stm32g0xx_hal_flash_ex.o
 .ARM.attributes
                0x00000250       0x2c ./Drivers/STM32G0xx_HAL_Driver/Src/stm32g0xx_hal_gpio.o
 .ARM.attributes
                0x0000027c       0x2c ./Drivers/STM32G0xx_HAL_Driver/Src/stm32g0xx_hal_pwr.o
 .ARM.attributes
                0x000002a8       0x2c ./Drivers/STM32G0xx_HAL_Driver/Src/stm32g0xx_hal_pwr_ex.o
 .ARM.attributes
                0x000002d4       0x2c ./Drivers/STM32G0xx_HAL_Driver/Src/stm32g0xx_hal_rcc.o
 .ARM.attributes
                0x00000300       0x2c ./Drivers/STM32G0xx_HAL_Driver/Src/stm32g0xx_hal_rcc_ex.o
 .ARM.attributes
                0x0000032c       0x2c ./Drivers/STM32G0xx_HAL_Driver/Src/stm32g0xx_hal_rtc.o
 .ARM.attributes
                0x00000358       0x2c ./Drivers/STM32G0xx_HAL_Driver/Src/stm32g0xx_hal_tim.o
 .ARM.attributes
                0x00000384       0x2c ./Drivers/STM32G0xx_HAL_Driver/Src/stm32g0xx_hal_tim_ex.o
 .ARM.attributes
                0x000003b0       0x2c ./Drivers/STM32G0xx_HAL_Driver/Src/stm32g0xx_hal_uart.o
 .ARM.attributes
                0x000003dc       0x2c C:/ST/STM32CubeIDE_1.19.0/STM32CubeIDE/plugins/com.st.stm32cube.ide.mcu.externaltools.gnu-tools-for-stm32.13.3.rel1.win32_1.0.100.202509120712/tools/bin/../lib/gcc/arm-none-eabi/13.3.1/../../../../arm-none-eabi/lib/thumb/v6-m/nofp\libc_nano.a(libc_a-memset.o)
 .ARM.attributes
                0x00000408       0x2c C:/ST/STM32CubeIDE_1.19.0/STM32CubeIDE/plugins/com.st.stm32cube.ide.mcu.externaltools.gnu-tools-for-stm32.13.3.rel1.win32_1.0.100.202509120712/tools/bin/../lib/gcc/arm-none-eabi/13.3.1/../../../../arm-none-eabi/lib/thumb/v6-m/nofp\libc_nano.a(libc_a-init.o)
 .ARM.attributes
                0x00000434       0x1e C:/ST/STM32CubeIDE_1.19.0/STM32CubeIDE/plugins/com.st.stm32cube.ide.mcu.externaltools.gnu-tools-for-stm32.13.3.rel1.win32_1.0.100.202509120712/tools/bin/../lib/gcc/arm-none-eabi/13.3.1/thumb/v6-m/nofp\libgcc.a(_udivsi3.o)
 .ARM.attributes
                0x00000452       0x1e C:/ST/STM32CubeIDE_1.19.0/STM32CubeIDE/plugins/com.st.stm32cube.ide.mcu.externaltools.gnu-tools-for-stm32.13.3.rel1.win32_1.0.100.202509120712/tools/bin/../lib/gcc/arm-none-eabi/13.3.1/thumb/v6-m/nofp\libgcc.a(_dvmd_tls.o)
 .ARM.attributes
                0x00000470       0x1e C:/ST/STM32CubeIDE_1.19.0/STM32CubeIDE/plugins/com.st.stm32cube.ide.mcu.externaltools.gnu-tools-for-stm32.13.3.rel1.win32_1.0.100.202509120712/tools/bin/../lib/gcc/arm-none-eabi/13.3.1/thumb/v6-m/nofp\libgcc.a(_aeabi_uldivmod.o)
 .ARM.attributes
                0x0000048e       0x2c C:/ST/STM32CubeIDE_1.19.0/STM32CubeIDE/plugins/com.st.stm32cube.ide.mcu.externaltools.gnu-tools-for-stm32.13.3.rel1.win32_1.0.100.202509120712/tools/bin/../lib/gcc/arm-none-eabi/13.3.1/thumb/v6-m/nofp\libgcc.a(_udivmoddi4.o)
 .ARM.attributes
                0x000004ba       0x1e C:/ST/STM32CubeIDE_1.19.0/STM32CubeIDE/plugins/com.st.stm32cube.ide.mcu.externaltools.gnu-tools-for-stm32.13.3.rel1.win32_1.0.100.202509120712/tools/bin/../lib/gcc/arm-none-eabi/13.3.1/thumb/v6-m/nofp\libgcc.a(_clzdi2.o)
 .ARM.attributes
                0x000004d8       0x1e C:/ST/STM32CubeIDE_1.19.0/STM32CubeIDE/plugins/com.st.stm32cube.ide.mcu.externaltools.gnu-tools-for-stm32.13.3.rel1.win32_1.0.100.202509120712/tools/bin/../lib/gcc/arm-none-eabi/13.3.1/thumb/v6-m/nofp\libgcc.a(_clzsi2.o)
 .ARM.attributes
                0x000004f6       0x1e C:/ST/STM32CubeIDE_1.19.0/STM32CubeIDE/plugins/com.st.stm32cube.ide.mcu.externaltools.gnu-tools-for-stm32.13.3.rel1.win32_1.0.100.202509120712/tools/bin/../lib/gcc/arm-none-eabi/13.3.1/thumb/v6-m/nofp/crtn.o
OUTPUT(Nixie-Valve-Clock-CubeMX-PWM-LEDs.elf elf32-littlearm)
LOAD linker stubs
LOAD C:/ST/STM32CubeIDE_1.19.0/STM32CubeIDE/plugins/com.st.stm32cube.ide.mcu.externaltools.gnu-tools-for-stm32.13.3.rel1.win32_1.0.100.202509120712/tools/bin/../lib/gcc/arm-none-eabi/13.3.1/../../../../arm-none-eabi/lib/thumb/v6-m/nofp\libc.a
LOAD C:/ST/STM32CubeIDE_1.19.0/STM32CubeIDE/plugins/com.st.stm32cube.ide.mcu.externaltools.gnu-tools-for-stm32.13.3.rel1.win32_1.0.100.202509120712/tools/bin/../lib/gcc/arm-none-eabi/13.3.1/../../../../arm-none-eabi/lib/thumb/v6-m/nofp\libm.a
LOAD C:/ST/STM32CubeIDE_1.19.0/STM32CubeIDE/plugins/com.st.stm32cube.ide.mcu.externaltools.gnu-tools-for-stm32.13.3.rel1.win32_1.0.100.202509120712/tools/bin/../lib/gcc/arm-none-eabi/13.3.1/thumb/v6-m/nofp\libgcc.a

.debug_info     0x00000000    0x1570b
 .debug_info    0x00000000      0xe29 ./Core/Src/custom_callbacks.o
 .debug_info    0x00000e29     0x210c ./Core/Src/main.o
 .debug_info    0x00002f35     0x13db ./Core/Src/multiplexer.o
 .debug_info    0x00004310     0x16ec ./Core/Src/stm32g0xx_hal_msp.o
 .debug_info    0x000059fc      0x9f9 ./Core/Src/stm32g0xx_it.o
 .debug_info    0x000063f5      0x316 ./Core/Src/system_stm32g0xx.o
 .debug_info    0x0000670b      0x9e0 ./Core/Src/timers.o
 .debug_info    0x000070eb       0x30 ./Core/Startup/startup_stm32g031k8tx.o
 .debug_info    0x0000711b      0xa31 ./Drivers/STM32G0xx_HAL_Driver/Src/stm32g0xx_hal.o
 .debug_info    0x00007b4c      0x8c7 ./Drivers/STM32G0xx_HAL_Driver/Src/stm32g0xx_hal_cortex.o
 .debug_info    0x00008413      0x670 ./Drivers/STM32G0xx_HAL_Driver/Src/stm32g0xx_hal_flash.o
 .debug_info    0x00008a83      0x917 ./Drivers/STM32G0xx_HAL_Driver/Src/stm32g0xx_hal_flash_ex.o
 .debug_info    0x0000939a      0x59a ./Drivers/STM32G0xx_HAL_Driver/Src/stm32g0xx_hal_gpio.o
 .debug_info    0x00009934      0x5aa ./Drivers/STM32G0xx_HAL_Driver/Src/stm32g0xx_hal_pwr.o
 .debug_info    0x00009ede      0x77d ./Drivers/STM32G0xx_HAL_Driver/Src/stm32g0xx_hal_pwr_ex.o
 .debug_info    0x0000a65b      0xb1b ./Drivers/STM32G0xx_HAL_Driver/Src/stm32g0xx_hal_rcc.o
 .debug_info    0x0000b176      0x75b ./Drivers/STM32G0xx_HAL_Driver/Src/stm32g0xx_hal_rcc_ex.o
 .debug_info    0x0000b8d1      0xc8a ./Drivers/STM32G0xx_HAL_Driver/Src/stm32g0xx_hal_rtc.o
 .debug_info    0x0000c55b     0x2f27 ./Drivers/STM32G0xx_HAL_Driver/Src/stm32g0xx_hal_tim.o
 .debug_info    0x0000f482     0x1a49 ./Drivers/STM32G0xx_HAL_Driver/Src/stm32g0xx_hal_tim_ex.o
 .debug_info    0x00010ecb     0x4840 ./Drivers/STM32G0xx_HAL_Driver/Src/stm32g0xx_hal_uart.o

.debug_abbrev   0x00000000     0x2f07
 .debug_abbrev  0x00000000      0x238 ./Core/Src/custom_callbacks.o
 .debug_abbrev  0x00000238      0x31b ./Core/Src/main.o
 .debug_abbrev  0x00000553      0x293 ./Core/Src/multiplexer.o
 .debug_abbrev  0x000007e6      0x275 ./Core/Src/stm32g0xx_hal_msp.o
 .debug_abbrev  0x00000a5b      0x1e0 ./Core/Src/stm32g0xx_it.o
 .debug_abbrev  0x00000c3b      0x119 ./Core/Src/system_stm32g0xx.o
 .debug_abbrev  0x00000d54      0x1f6 ./Core/Src/timers.o
 .debug_abbrev  0x00000f4a       0x24 ./Core/Startup/startup_stm32g031k8tx.o
 .debug_abbrev  0x00000f6e      0x29c ./Drivers/STM32G0xx_HAL_Driver/Src/stm32g0xx_hal.o
 .debug_abbrev  0x0000120a      0x2ab ./Drivers/STM32G0xx_HAL_Driver/Src/stm32g0xx_hal_cortex.o
 .debug_abbrev  0x000014b5      0x2f5 ./Drivers/STM32G0xx_HAL_Driver/Src/stm32g0xx_hal_flash.o
 .debug_abbrev  0x000017aa      0x261 ./Drivers/STM32G0xx_HAL_Driver/Src/stm32g0xx_hal_flash_ex.o
 .debug_abbrev  0x00001a0b      0x1dc ./Drivers/STM32G0xx_HAL_Driver/Src/stm32g0xx_hal_gpio.o
 .debug_abbrev  0x00001be7      0x172 ./Drivers/STM32G0xx_HAL_Driver/Src/stm32g0xx_hal_pwr.o
 .debug_abbrev  0x00001d59      0x237 ./Drivers/STM32G0xx_HAL_Driver/Src/stm32g0xx_hal_pwr_ex.o
 .debug_abbrev  0x00001f90      0x2a9 ./Drivers/STM32G0xx_HAL_Driver/Src/stm32g0xx_hal_rcc.o
 .debug_abbrev  0x00002239      0x229 ./Drivers/STM32G0xx_HAL_Driver/Src/stm32g0xx_hal_rcc_ex.o
 .debug_abbrev  0x00002462      0x21c ./Drivers/STM32G0xx_HAL_Driver/Src/stm32g0xx_hal_rtc.o
 .debug_abbrev  0x0000267e      0x2a8 ./Drivers/STM32G0xx_HAL_Driver/Src/stm32g0xx_hal_tim.o
 .debug_abbrev  0x00002926      0x2bc ./Drivers/STM32G0xx_HAL_Driver/Src/stm32g0xx_hal_tim_ex.o
 .debug_abbrev  0x00002be2      0x325 ./Drivers/STM32G0xx_HAL_Driver/Src/stm32g0xx_hal_uart.o

.debug_aranges  0x00000000     0x1158
 .debug_aranges
                0x00000000       0x48 ./Core/Src/custom_callbacks.o
 .debug_aranges
                0x00000048       0x80 ./Core/Src/main.o
 .debug_aranges
                0x000000c8       0x78 ./Core/Src/multiplexer.o
 .debug_aranges
                0x00000140       0x68 ./Core/Src/stm32g0xx_hal_msp.o
 .debug_aranges
                0x000001a8       0x68 ./Core/Src/stm32g0xx_it.o
 .debug_aranges
                0x00000210       0x28 ./Core/Src/system_stm32g0xx.o
 .debug_aranges
                0x00000238       0x28 ./Core/Src/timers.o
 .debug_aranges
                0x00000260       0x28 ./Core/Startup/startup_stm32g031k8tx.o
 .debug_aranges
                0x00000288      0x128 ./Drivers/STM32G0xx_HAL_Driver/Src/stm32g0xx_hal.o
 .debug_aranges
                0x000003b0       0xe8 ./Drivers/STM32G0xx_HAL_Driver/Src/stm32g0xx_hal_cortex.o
 .debug_aranges
                0x00000498       0x88 ./Drivers/STM32G0xx_HAL_Driver/Src/stm32g0xx_hal_flash.o
 .debug_aranges
                0x00000520       0xd0 ./Drivers/STM32G0xx_HAL_Driver/Src/stm32g0xx_hal_flash_ex.o
 .debug_aranges
                0x000005f0       0x60 ./Drivers/STM32G0xx_HAL_Driver/Src/stm32g0xx_hal_gpio.o
 .debug_aranges
                0x00000650       0x78 ./Drivers/STM32G0xx_HAL_Driver/Src/stm32g0xx_hal_pwr.o
 .debug_aranges
                0x000006c8       0xf0 ./Drivers/STM32G0xx_HAL_Driver/Src/stm32g0xx_hal_pwr_ex.o
 .debug_aranges
                0x000007b8       0xa0 ./Drivers/STM32G0xx_HAL_Driver/Src/stm32g0xx_hal_rcc.o
 .debug_aranges
                0x00000858       0x40 ./Drivers/STM32G0xx_HAL_Driver/Src/stm32g0xx_hal_rcc_ex.o
 .debug_aranges
                0x00000898       0xe8 ./Drivers/STM32G0xx_HAL_Driver/Src/stm32g0xx_hal_rtc.o
 .debug_aranges
                0x00000980      0x3f8 ./Drivers/STM32G0xx_HAL_Driver/Src/stm32g0xx_hal_tim.o
 .debug_aranges
                0x00000d78      0x198 ./Drivers/STM32G0xx_HAL_Driver/Src/stm32g0xx_hal_tim_ex.o
 .debug_aranges
                0x00000f10      0x248 ./Drivers/STM32G0xx_HAL_Driver/Src/stm32g0xx_hal_uart.o

.debug_rnglists
                0x00000000      0xd8c
 .debug_rnglists
                0x00000000       0x33 ./Core/Src/custom_callbacks.o
 .debug_rnglists
                0x00000033       0x64 ./Core/Src/main.o
 .debug_rnglists
                0x00000097       0x57 ./Core/Src/multiplexer.o
 .debug_rnglists
                0x000000ee       0x4e ./Core/Src/stm32g0xx_hal_msp.o
 .debug_rnglists
                0x0000013c       0x49 ./Core/Src/stm32g0xx_it.o
 .debug_rnglists
                0x00000185       0x1a ./Core/Src/system_stm32g0xx.o
 .debug_rnglists
                0x0000019f       0x19 ./Core/Src/timers.o
 .debug_rnglists
                0x000001b8       0x19 ./Core/Startup/startup_stm32g031k8tx.o
 .debug_rnglists
                0x000001d1       0xda ./Drivers/STM32G0xx_HAL_Driver/Src/stm32g0xx_hal.o
 .debug_rnglists
                0x000002ab       0xaa ./Drivers/STM32G0xx_HAL_Driver/Src/stm32g0xx_hal_cortex.o
 .debug_rnglists
                0x00000355       0x66 ./Drivers/STM32G0xx_HAL_Driver/Src/stm32g0xx_hal_flash.o
 .debug_rnglists
                0x000003bb       0x9c ./Drivers/STM32G0xx_HAL_Driver/Src/stm32g0xx_hal_flash_ex.o
 .debug_rnglists
                0x00000457       0x45 ./Drivers/STM32G0xx_HAL_Driver/Src/stm32g0xx_hal_gpio.o
 .debug_rnglists
                0x0000049c       0x55 ./Drivers/STM32G0xx_HAL_Driver/Src/stm32g0xx_hal_pwr.o
 .debug_rnglists
                0x000004f1       0xb5 ./Drivers/STM32G0xx_HAL_Driver/Src/stm32g0xx_hal_pwr_ex.o
 .debug_rnglists
                0x000005a6       0x79 ./Drivers/STM32G0xx_HAL_Driver/Src/stm32g0xx_hal_rcc.o
 .debug_rnglists
                0x0000061f       0x30 ./Drivers/STM32G0xx_HAL_Driver/Src/stm32g0xx_hal_rcc_ex.o
 .debug_rnglists
                0x0000064f       0xb5 ./Drivers/STM32G0xx_HAL_Driver/Src/stm32g0xx_hal_rtc.o
 .debug_rnglists
                0x00000704      0x33f ./Drivers/STM32G0xx_HAL_Driver/Src/stm32g0xx_hal_tim.o
 .debug_rnglists
                0x00000a43      0x14e ./Drivers/STM32G0xx_HAL_Driver/Src/stm32g0xx_hal_tim_ex.o
 .debug_rnglists
                0x00000b91      0x1fb ./Drivers/STM32G0xx_HAL_Driver/Src/stm32g0xx_hal_uart.o

.debug_macro    0x00000000    0x17618
 .debug_macro   0x00000000      0x230 ./Core/Src/custom_callbacks.o
 .debug_macro   0x00000230      0xaae ./Core/Src/custom_callbacks.o
 .debug_macro   0x00000cde       0x28 ./Core/Src/custom_callbacks.o
 .debug_macro   0x00000d06       0x22 ./Core/Src/custom_callbacks.o
 .debug_macro   0x00000d28       0x8e ./Core/Src/custom_callbacks.o
 .debug_macro   0x00000db6       0x51 ./Core/Src/custom_callbacks.o
 .debug_macro   0x00000e07      0x103 ./Core/Src/custom_callbacks.o
 .debug_macro   0x00000f0a       0x6a ./Core/Src/custom_callbacks.o
 .debug_macro   0x00000f74      0x1df ./Core/Src/custom_callbacks.o
 .debug_macro   0x00001153       0x1c ./Core/Src/custom_callbacks.o
 .debug_macro   0x0000116f       0x22 ./Core/Src/custom_callbacks.o
 .debug_macro   0x00001191       0xd1 ./Core/Src/custom_callbacks.o
 .debug_macro   0x00001262      0x4da ./Core/Src/custom_callbacks.o
 .debug_macro   0x0000173c      0x11f ./Core/Src/custom_callbacks.o
 .debug_macro   0x0000185b     0xac2c ./Core/Src/custom_callbacks.o
 .debug_macro   0x0000c487      0x123 ./Core/Src/custom_callbacks.o
 .debug_macro   0x0000c5aa       0x2e ./Core/Src/custom_callbacks.o
 .debug_macro   0x0000c5d8       0x66 ./Core/Src/custom_callbacks.o
 .debug_macro   0x0000c63e     0x350e ./Core/Src/custom_callbacks.o
 .debug_macro   0x0000fb4c      0x190 ./Core/Src/custom_callbacks.o
 .debug_macro   0x0000fcdc       0x5c ./Core/Src/custom_callbacks.o
 .debug_macro   0x0000fd38      0x518 ./Core/Src/custom_callbacks.o
 .debug_macro   0x00010250      0xf70 ./Core/Src/custom_callbacks.o
 .debug_macro   0x000111c0      0x1d8 ./Core/Src/custom_callbacks.o
 .debug_macro   0x00011398      0x1cf ./Core/Src/custom_callbacks.o
 .debug_macro   0x00011567      0x122 ./Core/Src/custom_callbacks.o
 .debug_macro   0x00011689      0x390 ./Core/Src/custom_callbacks.o
 .debug_macro   0x00011a19      0x202 ./Core/Src/custom_callbacks.o
 .debug_macro   0x00011c1b      0x2ff ./Core/Src/custom_callbacks.o
 .debug_macro   0x00011f1a      0x1b2 ./Core/Src/custom_callbacks.o
 .debug_macro   0x000120cc       0x43 ./Core/Src/custom_callbacks.o
 .debug_macro   0x0001210f      0x1f1 ./Core/Src/custom_callbacks.o
 .debug_macro   0x00012300      0x1d6 ./Core/Src/custom_callbacks.o
 .debug_macro   0x000124d6      0x38a ./Core/Src/custom_callbacks.o
 .debug_macro   0x00012860       0x28 ./Core/Src/custom_callbacks.o
 .debug_macro   0x00012888       0xe4 ./Core/Src/custom_callbacks.o
 .debug_macro   0x0001296c      0x10c ./Core/Src/custom_callbacks.o
 .debug_macro   0x00012a78      0x240 ./Core/Src/custom_callbacks.o
 .debug_macro   0x00012cb8      0x328 ./Core/Src/custom_callbacks.o
 .debug_macro   0x00012fe0      0x432 ./Core/Src/custom_callbacks.o
 .debug_macro   0x00013412       0xf2 ./Core/Src/custom_callbacks.o
 .debug_macro   0x00013504      0xac2 ./Core/Src/custom_callbacks.o
 .debug_macro   0x00013fc6      0x135 ./Core/Src/custom_callbacks.o
 .debug_macro   0x000140fb      0x693 ./Core/Src/custom_callbacks.o
 .debug_macro   0x0001478e       0xa6 ./Core/Src/custom_callbacks.o
 .debug_macro   0x00014834      0x49d ./Core/Src/custom_callbacks.o
 .debug_macro   0x00014cd1       0x64 ./Core/Src/custom_callbacks.o
 .debug_macro   0x00014d35      0x180 ./Core/Src/custom_callbacks.o
 .debug_macro   0x00014eb5      0x22c ./Core/Src/main.o
 .debug_macro   0x000150e1      0x22c ./Core/Src/multiplexer.o
 .debug_macro   0x0001530d      0x22c ./Core/Src/stm32g0xx_hal_msp.o
 .debug_macro   0x00015539      0x236 ./Core/Src/stm32g0xx_it.o
 .debug_macro   0x0001576f      0x1f8 ./Core/Src/system_stm32g0xx.o
 .debug_macro   0x00015967      0x230 ./Core/Src/timers.o
 .debug_macro   0x00015b97      0x21c ./Drivers/STM32G0xx_HAL_Driver/Src/stm32g0xx_hal.o
 .debug_macro   0x00015db3      0x1f8 ./Drivers/STM32G0xx_HAL_Driver/Src/stm32g0xx_hal_cortex.o
 .debug_macro   0x00015fab      0x1f8 ./Drivers/STM32G0xx_HAL_Driver/Src/stm32g0xx_hal_flash.o
 .debug_macro   0x000161a3      0x1f8 ./Drivers/STM32G0xx_HAL_Driver/Src/stm32g0xx_hal_flash_ex.o
 .debug_macro   0x0001639b      0x1ff ./Drivers/STM32G0xx_HAL_Driver/Src/stm32g0xx_hal_gpio.o
 .debug_macro   0x0001659a      0x1f8 ./Drivers/STM32G0xx_HAL_Driver/Src/stm32g0xx_hal_pwr.o
 .debug_macro   0x00016792      0x222 ./Drivers/STM32G0xx_HAL_Driver/Src/stm32g0xx_hal_pwr_ex.o
 .debug_macro   0x000169b4      0x23a ./Drivers/STM32G0xx_HAL_Driver/Src/stm32g0xx_hal_rcc.o
 .debug_macro   0x00016bee      0x210 ./Drivers/STM32G0xx_HAL_Driver/Src/stm32g0xx_hal_rcc_ex.o
 .debug_macro   0x00016dfe      0x1f9 ./Drivers/STM32G0xx_HAL_Driver/Src/stm32g0xx_hal_rtc.o
 .debug_macro   0x00016ff7      0x200 ./Drivers/STM32G0xx_HAL_Driver/Src/stm32g0xx_hal_tim.o
 .debug_macro   0x000171f7      0x1fe ./Drivers/STM32G0xx_HAL_Driver/Src/stm32g0xx_hal_tim_ex.o
 .debug_macro   0x000173f5      0x223 ./Drivers/STM32G0xx_HAL_Driver/Src/stm32g0xx_hal_uart.o

.debug_line     0x00000000    0x15728
 .debug_line    0x00000000      0xb15 ./Core/Src/custom_callbacks.o
 .debug_line    0x00000b15      0xcf8 ./Core/Src/main.o
 .debug_line    0x0000180d      0x9a2 ./Core/Src/multiplexer.o
 .debug_line    0x000021af      0xa1b ./Core/Src/stm32g0xx_hal_msp.o
 .debug_line    0x00002bca      0x8aa ./Core/Src/stm32g0xx_it.o
 .debug_line    0x00003474      0x835 ./Core/Src/system_stm32g0xx.o
 .debug_line    0x00003ca9      0x812 ./Core/Src/timers.o
 .debug_line    0x000044bb       0x7b ./Core/Startup/startup_stm32g031k8tx.o
 .debug_line    0x00004536      0xb85 ./Drivers/STM32G0xx_HAL_Driver/Src/stm32g0xx_hal.o
 .debug_line    0x000050bb      0xc10 ./Drivers/STM32G0xx_HAL_Driver/Src/stm32g0xx_hal_cortex.o
 .debug_line    0x00005ccb      0xae2 ./Drivers/STM32G0xx_HAL_Driver/Src/stm32g0xx_hal_flash.o
 .debug_line    0x000067ad      0xcbd ./Drivers/STM32G0xx_HAL_Driver/Src/stm32g0xx_hal_flash_ex.o
 .debug_line    0x0000746a      0xbcc ./Drivers/STM32G0xx_HAL_Driver/Src/stm32g0xx_hal_gpio.o
 .debug_line    0x00008036      0x921 ./Drivers/STM32G0xx_HAL_Driver/Src/stm32g0xx_hal_pwr.o
 .debug_line    0x00008957      0xb54 ./Drivers/STM32G0xx_HAL_Driver/Src/stm32g0xx_hal_pwr_ex.o
 .debug_line    0x000094ab     0x104c ./Drivers/STM32G0xx_HAL_Driver/Src/stm32g0xx_hal_rcc.o
 .debug_line    0x0000a4f7      0xcd4 ./Drivers/STM32G0xx_HAL_Driver/Src/stm32g0xx_hal_rcc_ex.o
 .debug_line    0x0000b1cb     0x1236 ./Drivers/STM32G0xx_HAL_Driver/Src/stm32g0xx_hal_rtc.o
 .debug_line    0x0000c401     0x4020 ./Drivers/STM32G0xx_HAL_Driver/Src/stm32g0xx_hal_tim.o
 .debug_line    0x00010421     0x1c19 ./Drivers/STM32G0xx_HAL_Driver/Src/stm32g0xx_hal_tim_ex.o
 .debug_line    0x0001203a     0x36ee ./Drivers/STM32G0xx_HAL_Driver/Src/stm32g0xx_hal_uart.o

.debug_str      0x00000000    0x974bf
 .debug_str     0x00000000    0x974bf ./Core/Src/custom_callbacks.o
                              0x92da9 (size before relaxing)
 .debug_str     0x000974bf        0x0 ./Core/Src/main.o
                              0x93dff (size before relaxing)
 .debug_str     0x000974bf        0x0 ./Core/Src/multiplexer.o
                              0x930b1 (size before relaxing)
 .debug_str     0x000974bf        0x0 ./Core/Src/stm32g0xx_hal_msp.o
                              0x932e0 (size before relaxing)
 .debug_str     0x000974bf        0x0 ./Core/Src/stm32g0xx_it.o
                              0x92a8c (size before relaxing)
 .debug_str     0x000974bf        0x0 ./Core/Src/system_stm32g0xx.o
                              0x9181d (size before relaxing)
 .debug_str     0x000974bf        0x0 ./Core/Src/timers.o
                              0x92a05 (size before relaxing)
 .debug_str     0x000974bf        0x0 ./Core/Startup/startup_stm32g031k8tx.o
                                 0x98 (size before relaxing)
 .debug_str     0x000974bf        0x0 ./Drivers/STM32G0xx_HAL_Driver/Src/stm32g0xx_hal.o
                              0x91ff3 (size before relaxing)
 .debug_str     0x000974bf        0x0 ./Drivers/STM32G0xx_HAL_Driver/Src/stm32g0xx_hal_cortex.o
                              0x91ca7 (size before relaxing)
 .debug_str     0x000974bf        0x0 ./Drivers/STM32G0xx_HAL_Driver/Src/stm32g0xx_hal_flash.o
                              0x91a4e (size before relaxing)
 .debug_str     0x000974bf        0x0 ./Drivers/STM32G0xx_HAL_Driver/Src/stm32g0xx_hal_flash_ex.o
                              0x91bf1 (size before relaxing)
 .debug_str     0x000974bf        0x0 ./Drivers/STM32G0xx_HAL_Driver/Src/stm32g0xx_hal_gpio.o
                              0x91952 (size before relaxing)
 .debug_str     0x000974bf        0x0 ./Drivers/STM32G0xx_HAL_Driver/Src/stm32g0xx_hal_pwr.o
                              0x91a12 (size before relaxing)
 .debug_str     0x000974bf        0x0 ./Drivers/STM32G0xx_HAL_Driver/Src/stm32g0xx_hal_pwr_ex.o
                              0x91c96 (size before relaxing)
 .debug_str     0x000974bf        0x0 ./Drivers/STM32G0xx_HAL_Driver/Src/stm32g0xx_hal_rcc.o
                              0x91f73 (size before relaxing)
 .debug_str     0x000974bf        0x0 ./Drivers/STM32G0xx_HAL_Driver/Src/stm32g0xx_hal_rcc_ex.o
                              0x91bac (size before relaxing)
 .debug_str     0x000974bf        0x0 ./Drivers/STM32G0xx_HAL_Driver/Src/stm32g0xx_hal_rtc.o
                              0x91ce7 (size before relaxing)
 .debug_str     0x000974bf        0x0 ./Drivers/STM32G0xx_HAL_Driver/Src/stm32g0xx_hal_tim.o
                              0x933f6 (size before relaxing)
 .debug_str     0x000974bf        0x0 ./Drivers/STM32G0xx_HAL_Driver/Src/stm32g0xx_hal_tim_ex.o
                              0x92958 (size before relaxing)
 .debug_str     0x000974bf        0x0 ./Drivers/STM32G0xx_HAL_Driver/Src/stm32g0xx_hal_uart.o
                              0x927e8 (size before relaxing)

.comment        0x00000000       0x43
 .comment       0x00000000       0x43 ./Core/Src/custom_callbacks.o
                                 0x44 (size before relaxing)
 .comment       0x00000043        0x0 ./Core/Src/main.o
                                 0x44 (size before relaxing)
 .comment       0x00000043        0x0 ./Core/Src/multiplexer.o
                                 0x44 (size before relaxing)
 .comment       0x00000043        0x0 ./Core/Src/stm32g0xx_hal_msp.o
                                 0x44 (size before relaxing)
 .comment       0x00000043        0x0 ./Core/Src/stm32g0xx_it.o
                                 0x44 (size before relaxing)
 .comment       0x00000043        0x0 ./Core/Src/system_stm32g0xx.o
                                 0x44 (size before relaxing)
 .comment       0x00000043        0x0 ./Core/Src/timers.o
                                 0x44 (size before relaxing)
 .comment       0x00000043        0x0 ./Drivers/STM32G0xx_HAL_Driver/Src/stm32g0xx_hal.o
                                 0x44 (size before relaxing)
 .comment       0x00000043        0x0 ./Drivers/STM32G0xx_HAL_Driver/Src/stm32g0xx_hal_cortex.o
                                 0x44 (size before relaxing)
 .comment       0x00000043        0x0 ./Drivers/STM32G0xx_HAL_Driver/Src/stm32g0xx_hal_flash.o
                                 0x44 (size before relaxing)
 .comment       0x00000043        0x0 ./Drivers/STM32G0xx_HAL_Driver/Src/stm32g0xx_hal_flash_ex.o
                                 0x44 (size before relaxing)
 .comment       0x00000043        0x0 ./Drivers/STM32G0xx_HAL_Driver/Src/stm32g0xx_hal_gpio.o
                                 0x44 (size before relaxing)
 .comment       0x00000043        0x0 ./Drivers/STM32G0xx_HAL_Driver/Src/stm32g0xx_hal_pwr.o
                                 0x44 (size before relaxing)
 .comment       0x00000043        0x0 ./Drivers/STM32G0xx_HAL_Driver/Src/stm32g0xx_hal_pwr_ex.o
                                 0x44 (size before relaxing)
 .comment       0x00000043        0x0 ./Drivers/STM32G0xx_HAL_Driver/Src/stm32g0xx_hal_rcc.o
                                 0x44 (size before relaxing)
 .comment       0x00000043        0x0 ./Drivers/STM32G0xx_HAL_Driver/Src/stm32g0xx_hal_rcc_ex.o
                                 0x44 (size before relaxing)
 .comment       0x00000043        0x0 ./Drivers/STM32G0xx_HAL_Driver/Src/stm32g0xx_hal_rtc.o
                                 0x44 (size before relaxing)
 .comment       0x00000043        0x0 ./Drivers/STM32G0xx_HAL_Driver/Src/stm32g0xx_hal_tim.o
                                 0x44 (size before relaxing)
 .comment       0x00000043        0x0 ./Drivers/STM32G0xx_HAL_Driver/Src/stm32g0xx_hal_tim_ex.o
                                 0x44 (size before relaxing)
 .comment       0x00000043        0x0 ./Drivers/STM32G0xx_HAL_Driver/Src/stm32g0xx_hal_uart.o
                                 0x44 (size before relaxing)

.debug_frame    0x00000000     0x3e48
 .debug_frame   0x00000000       0xd0 ./Core/Src/custom_callbacks.o
 .debug_frame   0x000000d0      0x1a0 ./Core/Src/main.o
 .debug_frame   0x00000270      0x194 ./Core/Src/multiplexer.o
 .debug_frame   0x00000404      0x150 ./Core/Src/stm32g0xx_hal_msp.o
 .debug_frame   0x00000554      0x128 ./Core/Src/stm32g0xx_it.o
 .debug_frame   0x0000067c       0x4c ./Core/Src/system_stm32g0xx.o
 .debug_frame   0x000006c8       0x58 ./Core/Src/timers.o
 .debug_frame   0x00000720      0x3fc ./Drivers/STM32G0xx_HAL_Driver/Src/stm32g0xx_hal.o
 .debug_frame   0x00000b1c      0x33c ./Drivers/STM32G0xx_HAL_Driver/Src/stm32g0xx_hal_cortex.o
 .debug_frame   0x00000e58      0x1d4 ./Drivers/STM32G0xx_HAL_Driver/Src/stm32g0xx_hal_flash.o
 .debug_frame   0x0000102c      0x2ec ./Drivers/STM32G0xx_HAL_Driver/Src/stm32g0xx_hal_flash_ex.o
 .debug_frame   0x00001318      0x130 ./Drivers/STM32G0xx_HAL_Driver/Src/stm32g0xx_hal_gpio.o
 .debug_frame   0x00001448      0x170 ./Drivers/STM32G0xx_HAL_Driver/Src/stm32g0xx_hal_pwr.o
 .debug_frame   0x000015b8      0x32c ./Drivers/STM32G0xx_HAL_Driver/Src/stm32g0xx_hal_pwr_ex.o
 .debug_frame   0x000018e4      0x214 ./Drivers/STM32G0xx_HAL_Driver/Src/stm32g0xx_hal_rcc.o
 .debug_frame   0x00001af8       0xb0 ./Drivers/STM32G0xx_HAL_Driver/Src/stm32g0xx_hal_rcc_ex.o
 .debug_frame   0x00001ba8      0x360 ./Drivers/STM32G0xx_HAL_Driver/Src/stm32g0xx_hal_rtc.o
 .debug_frame   0x00001f08      0xfa0 ./Drivers/STM32G0xx_HAL_Driver/Src/stm32g0xx_hal_tim.o
 .debug_frame   0x00002ea8      0x620 ./Drivers/STM32G0xx_HAL_Driver/Src/stm32g0xx_hal_tim_ex.o
 .debug_frame   0x000034c8      0x8d8 ./Drivers/STM32G0xx_HAL_Driver/Src/stm32g0xx_hal_uart.o
 .debug_frame   0x00003da0       0x20 C:/ST/STM32CubeIDE_1.19.0/STM32CubeIDE/plugins/com.st.stm32cube.ide.mcu.externaltools.gnu-tools-for-stm32.13.3.rel1.win32_1.0.100.202509120712/tools/bin/../lib/gcc/arm-none-eabi/13.3.1/../../../../arm-none-eabi/lib/thumb/v6-m/nofp\libc_nano.a(libc_a-memset.o)
 .debug_frame   0x00003dc0       0x2c C:/ST/STM32CubeIDE_1.19.0/STM32CubeIDE/plugins/com.st.stm32cube.ide.mcu.externaltools.gnu-tools-for-stm32.13.3.rel1.win32_1.0.100.202509120712/tools/bin/../lib/gcc/arm-none-eabi/13.3.1/../../../../arm-none-eabi/lib/thumb/v6-m/nofp\libc_nano.a(libc_a-init.o)
 .debug_frame   0x00003dec       0x20 C:/ST/STM32CubeIDE_1.19.0/STM32CubeIDE/plugins/com.st.stm32cube.ide.mcu.externaltools.gnu-tools-for-stm32.13.3.rel1.win32_1.0.100.202509120712/tools/bin/../lib/gcc/arm-none-eabi/13.3.1/thumb/v6-m/nofp\libgcc.a(_udivsi3.o)
 .debug_frame   0x00003e0c       0x3c C:/ST/STM32CubeIDE_1.19.0/STM32CubeIDE/plugins/com.st.stm32cube.ide.mcu.externaltools.gnu-tools-for-stm32.13.3.rel1.win32_1.0.100.202509120712/tools/bin/../lib/gcc/arm-none-eabi/13.3.1/thumb/v6-m/nofp\libgcc.a(_udivmoddi4.o)

.debug_line_str
                0x00000000       0x7c
 .debug_line_str
                0x00000000       0x7c ./Core/Startup/startup_stm32g031k8tx.o
