../Core/Src/config.c:3:9:System_Init	8	static
../Core/Src/config.c:43:6:RTC_Time_Init	32	static
../Core/Src/config.c:81:6:SystemClock_Config	88	static
../Core/Src/config.c:134:6:MX_RTC_Init	8	static
../Core/Src/config.c:161:6:MX_TIM1_Init	120	static
../Core/Src/config.c:249:6:MX_TIM2_Init	64	static
../Core/Src/config.c:289:6:MX_TIM3_Init	64	static
../Core/Src/config.c:349:6:MX_TIM14_Init	40	static
../Core/Src/config.c:385:6:MX_TIM16_Init	88	static
../Core/Src/config.c:440:6:MX_TIM17_Init	88	static
../Core/Src/config.c:496:6:MX_USART2_UART_Init	8	static
../Core/Src/config.c:521:6:MX_GPIO_Init	56	static
../Core/Src/config.c:579:6:MX_LPTIM1_Init	8	static
../Core/Src/config.c:604:6:Error_Handler	8	static,ignoring_inline_asm
