../Core/Src/main.c:95:5:main	24	static
../Core/Src/main.c:293:6:RTC_Time_Init	32	static
../Core/Src/main.c:332:6:SystemClock_Config	88	static
../Core/Src/main.c:386:13:MX_RTC_Init	8	static
../Core/Src/main.c:428:13:MX_TIM1_Init	120	static
../Core/Src/main.c:520:13:MX_TIM2_Init	64	static
../Core/Src/main.c:569:13:MX_TIM3_Init	64	static
../Core/Src/main.c:632:13:MX_TIM14_Init	40	static
../Core/Src/main.c:677:13:MX_TIM16_Init	88	static
../Core/Src/main.c:739:13:MX_TIM17_Init	88	static
../Core/Src/main.c:801:13:MX_USART2_UART_Init	8	static
../Core/Src/main.c:837:13:MX_GPIO_Init	56	static
../Core/Src/main.c:916:6:MX_LPTIM1_Init	8	static
../Core/Src/main.c:951:6:Error_Handler	8	static,ignoring_inline_asm
