../Core/Src/main.c:92:5:main	1
../Core/Src/main.c:169:6:RTC_Time_Init	3
../Core/Src/main.c:208:6:SystemClock_Config	3
../Core/Src/main.c:261:13:MX_RTC_Init	3
../Core/Src/main.c:305:13:MX_TIM1_Init	9
../Core/Src/main.c:397:13:MX_TIM2_Init	3
../Core/Src/main.c:446:13:MX_TIM3_Init	7
../Core/Src/main.c:509:13:MX_TIM14_Init	4
../Core/Src/main.c:554:13:MX_TIM16_Init	5
../Core/Src/main.c:616:13:MX_TIM17_Init	5
../Core/Src/main.c:678:13:MX_USART2_UART_Init	2
../Core/Src/main.c:714:13:MX_GPIO_Init	1
../Core/Src/main.c:791:6:Error_Handler	1
