../Core/Src/main.c:84:5:main	1
../Core/Src/main.c:149:6:RTC_Time_Init	3
../Core/Src/main.c:188:6:SystemClock_Config	3
../Core/Src/main.c:241:13:MX_RTC_Init	2
../Core/Src/main.c:278:13:MX_TIM1_Init	9
../Core/Src/main.c:368:13:MX_TIM2_Init	3
../Core/Src/main.c:417:13:MX_TIM3_Init	7
../Core/Src/main.c:480:13:MX_TIM14_Init	4
../Core/Src/main.c:525:13:MX_TIM16_Init	5
../Core/Src/main.c:587:13:MX_TIM17_Init	5
../Core/Src/main.c:649:13:MX_USART2_UART_Init	2
../Core/Src/main.c:685:13:MX_GPIO_Init	1
../Core/Src/main.c:762:6:Error_Handler	1
