../Core/Src/main.c:95:5:main	8	static
../Core/Src/main.c:181:6:RTC_Time_Init	32	static
../Core/Src/main.c:220:6:SystemClock_Config	88	static
../Core/Src/main.c:275:13:MX_RTC_Init	8	static
../Core/Src/main.c:315:13:MX_TIM1_Init	120	static
../Core/Src/main.c:407:13:MX_TIM2_Init	64	static
../Core/Src/main.c:456:13:MX_TIM3_Init	64	static
../Core/Src/main.c:520:13:MX_TIM14_Init	40	static
../Core/Src/main.c:565:13:MX_TIM16_Init	88	static
../Core/Src/main.c:627:13:MX_TIM17_Init	88	static
../Core/Src/main.c:689:13:MX_USART2_UART_Init	8	static
../Core/Src/main.c:725:13:MX_GPIO_Init	56	static
../Core/Src/main.c:809:6:MX_LPTIM1_Init	8	static
../Core/Src/main.c:844:6:Error_Handler	8	static,ignoring_inline_asm
