../Core/Src/multiplexer.c:9:9:Write_Digit_to_Valve	32	static
../Core/Src/multiplexer.c:33:9:Turn_Valve_Off	16	static
../Core/Src/multiplexer.c:40:9:Turn_All_Valves_Off	16	static
../Core/Src/multiplexer.c:49:9:Start_Multiplexer_Timer	24	static
../Core/Src/multiplexer.c:63:9:Start_Anti_Cathode_Poisoning_Timer	24	static
../Core/Src/multiplexer.c:77:9:Start_Adjust_Mode_Timer	24	static
../Core/Src/multiplexer.c:91:9:Stop_Adjust_Mode_Timer	24	static
../Core/Src/multiplexer.c:103:9:Master_Init	16	static
../Core/Src/multiplexer.c:123:9:Set_System_Mode_and_Store_Previous_Mode	16	static
../Core/Src/multiplexer.c:131:9:Toggle_HV_Power_Supply	16	static
../Core/Src/multiplexer.c:145:9:Get_RTC_Time	8	static
../Core/Src/multiplexer.c:153:9:Write_Time_In_Flash	56	static
../Core/Src/multiplexer.c:172:9:Read_Time_From_Flash	24	static
../Core/Src/multiplexer.c:205:9:Pack_Time_Into_Doubleword	72	static
../Core/Src/multiplexer.c:218:9:Check_Rotary_Encoder_Switch_State	32	static
../Core/Src/multiplexer.c:262:9:Set_Fault_LED_ON	8	static
