../Core/Src/multiplexer.c:9:9:Write_Digit_to_Valve	32	static
../Core/Src/multiplexer.c:33:9:Turn_Valve_Off	16	static
../Core/Src/multiplexer.c:40:9:Turn_All_Valves_Off	16	static
../Core/Src/multiplexer.c:49:9:Start_Multiplexer_Timer	24	static
../Core/Src/multiplexer.c:63:9:Start_Anti_Cathode_Poisoning_Timer	24	static
../Core/Src/multiplexer.c:77:9:Start_Adjust_Time_Slash_Alarm_Set_Mode_Timer	24	static
../Core/Src/multiplexer.c:91:9:Stop_Adjust_Time_Slash_Alarm_Set_Mode_Timer	24	static
../Core/Src/multiplexer.c:103:9:Master_Init	16	static
../Core/Src/multiplexer.c:137:9:Set_System_Mode_and_Store_Previous_Mode	16	static
../Core/Src/multiplexer.c:145:9:Toggle_HV_Power_Supply	16	static
../Core/Src/multiplexer.c:159:9:Get_RTC_Time	8	static
../Core/Src/multiplexer.c:167:9:Write_Time_In_Flash	56	static
../Core/Src/multiplexer.c:186:9:Read_Time_From_Flash	24	static
../Core/Src/multiplexer.c:219:9:Pack_Time_Into_Doubleword	72	static
../Core/Src/multiplexer.c:232:9:Check_Rotary_Encoder_Switch_State	32	static
../Core/Src/multiplexer.c:276:9:Set_Fault_LED_ON	8	static
../Core/Src/multiplexer.c:284:9:Set_Alarm	64	static
../Core/Src/multiplexer.c:308:9:Clear_Alarm	8	static
../Core/Src/multiplexer.c:315:6:HAL_RTC_AlarmAEventCallback	16	static,ignoring_inline_asm
../Core/Src/multiplexer.c:320:9:Set_Adjust_Time_LED_ON	8	static
../Core/Src/multiplexer.c:330:9:Set_Adjust_Time_LED_OFF	8	static
../Core/Src/multiplexer.c:338:9:Set_Alarm_Set_LEDs_ON	8	static
../Core/Src/multiplexer.c:351:9:Set_Alarm_Set_LEDs_OFF	8	static
../Core/Src/multiplexer.c:359:9:Initialise_Rotary_Encoder_LEDs	8	static
../Core/Src/multiplexer.c:370:9:Sound_Alarm	24	static
