../Core/Src/multiplexer.c:44:9:Write_Digit_to_Valve	32	static
../Core/Src/multiplexer.c:68:9:Turn_Valve_Off	16	static
../Core/Src/multiplexer.c:75:9:Turn_All_Valves_Off	16	static
../Core/Src/multiplexer.c:84:9:Start_Multiplexer_Timer	24	static
../Core/Src/multiplexer.c:98:9:Start_Anti_Cathode_Poisoning_Timer	24	static
../Core/Src/multiplexer.c:112:9:Start_Adjust_Time_Slash_Alarm_Set_Mode_Timer	24	static
../Core/Src/multiplexer.c:126:9:Stop_Adjust_Time_Slash_Alarm_Set_Mode_Timer	24	static
../Core/Src/multiplexer.c:138:9:Master_Init	16	static
../Core/Src/multiplexer.c:172:9:Set_System_Mode_and_Store_Previous_Mode	16	static
../Core/Src/multiplexer.c:180:9:Toggle_HV_Power_Supply	16	static
../Core/Src/multiplexer.c:194:9:Get_RTC_Time	8	static
../Core/Src/multiplexer.c:202:9:Write_Time_In_Flash	56	static
../Core/Src/multiplexer.c:221:9:Read_Time_From_Flash	24	static
../Core/Src/multiplexer.c:254:9:Pack_Time_Into_Doubleword	72	static
../Core/Src/multiplexer.c:267:9:Check_Rotary_Encoder_Switch_State	32	static
../Core/Src/multiplexer.c:311:9:Set_Fault_LED_ON	8	static
../Core/Src/multiplexer.c:319:9:Set_Alarm	64	static
../Core/Src/multiplexer.c:343:9:Clear_Alarm	8	static
../Core/Src/multiplexer.c:352:9:Set_Adjust_Time_LED_ON	8	static
../Core/Src/multiplexer.c:362:9:Set_Adjust_Time_LED_OFF	8	static
../Core/Src/multiplexer.c:370:9:Set_Alarm_Set_LEDs_ON	8	static
../Core/Src/multiplexer.c:383:9:Set_Alarm_Set_LEDs_OFF	8	static
../Core/Src/multiplexer.c:391:9:Initialise_Rotary_Encoder_LEDs	8	static
../Core/Src/multiplexer.c:402:9:Initialise_Valve_LEDs	8	static
../Core/Src/multiplexer.c:415:9:Sound_Alarm	24	static
