../Core/Src/multiplexer.c:9:20:Write_Digit_to_Valve	32	static
../Core/Src/multiplexer.c:114:20:Set_System_Mode_and_Store_Previous_Mode	16	static
../Core/Src/multiplexer.c:33:20:Turn_Valve_Off	16	static
../Core/Src/multiplexer.c:136:20:Get_RTC_Time	8	static
../Core/Src/multiplexer.c:144:20:Write_Time_In_Flash	56	static
../Core/Src/multiplexer.c:196:20:Pack_Time_Into_Doubleword	72	static
../Core/Src/multiplexer.c:40:9:Start_Multiplexer_Timer	24	static
../Core/Src/multiplexer.c:54:9:Start_Anti_Cathode_Poisoning_Timer	24	static
../Core/Src/multiplexer.c:68:9:Start_Adjust_Mode_Timer	24	static
../Core/Src/multiplexer.c:82:9:Stop_Adjust_Mode_Timer	24	static
../Core/Src/multiplexer.c:94:9:Master_Init	16	static
../Core/Src/multiplexer.c:122:9:Toggle_HV_Power_Supply	16	static
../Core/Src/multiplexer.c:163:9:Read_Time_From_Flash	24	static
../Core/Src/multiplexer.c:209:9:Check_Rotary_Encoder_Switch_State	32	static
