../Core/Src/multiplexer.c:9:9:Write_Digit_to_Valve	32	static
../Core/Src/multiplexer.c:33:9:Turn_Valve_Off	16	static
../Core/Src/multiplexer.c:40:9:Turn_All_Valves_Off	16	static
../Core/Src/multiplexer.c:49:9:Start_Multiplexer_Timer	24	static
../Core/Src/multiplexer.c:63:9:Start_Anti_Cathode_Poisoning_Timer	24	static
../Core/Src/multiplexer.c:77:9:Start_Adjust_Time_Slash_Alarm_Set_Mode_Timer	24	static
../Core/Src/multiplexer.c:91:9:Stop_Adjust_Time_Slash_Alarm_Set_Mode_Timer	24	static
../Core/Src/multiplexer.c:103:9:Master_Init	16	static
../Core/Src/multiplexer.c:135:9:Set_System_Mode_and_Store_Previous_Mode	16	static
../Core/Src/multiplexer.c:143:9:Toggle_HV_Power_Supply	16	static
../Core/Src/multiplexer.c:157:9:Get_RTC_Time	8	static
../Core/Src/multiplexer.c:165:9:Write_Time_In_Flash	56	static
../Core/Src/multiplexer.c:184:9:Read_Time_From_Flash	24	static
../Core/Src/multiplexer.c:217:9:Pack_Time_Into_Doubleword	72	static
../Core/Src/multiplexer.c:230:9:Check_Rotary_Encoder_Switch_State	32	static
../Core/Src/multiplexer.c:274:9:Set_Fault_LED_ON	8	static
../Core/Src/multiplexer.c:282:9:Set_Alarm	64	static
../Core/Src/multiplexer.c:306:9:Clear_Alarm	8	static
../Core/Src/multiplexer.c:313:6:HAL_RTC_AlarmAEventCallback	16	static,ignoring_inline_asm
../Core/Src/multiplexer.c:318:9:Set_Adjust_Time_LED_ON	8	static
../Core/Src/multiplexer.c:328:9:Set_Adjust_Time_LED_OFF	8	static
../Core/Src/multiplexer.c:335:9:Set_Alarm_Set_LEDs_ON	8	static
../Core/Src/multiplexer.c:348:9:Set_Alarm_Set_LEDs_OFF	8	static
