../Core/Src/multiplexer.c:9:20:Write_Digit_to_Valve	32	static
../Core/Src/multiplexer.c:101:20:Set_System_Mode_and_Store_Previous_Mode	16	static
../Core/Src/multiplexer.c:33:20:Turn_Valve_Off	16	static
../Core/Src/multiplexer.c:123:20:Get_RTC_Time	8	static
../Core/Src/multiplexer.c:131:20:Write_Time_In_Flash	56	static
../Core/Src/multiplexer.c:183:20:Pack_Time_Into_Doubleword	72	static
../Core/Src/multiplexer.c:40:9:Start_Multiplexer_Timer	24	static
../Core/Src/multiplexer.c:54:9:Start_Anti_Cathode_Poisoning_Timer	24	static
../Core/Src/multiplexer.c:68:9:Start_Adjust_Mode_Timer	24	static
../Core/Src/multiplexer.c:82:9:Master_Init	16	static
../Core/Src/multiplexer.c:109:9:Toggle_HV_Power_Supply	16	static
../Core/Src/multiplexer.c:150:9:Read_Time_From_Flash	24	static
