../Core/Src/config.c:43:6:RTC_Time_Init	32	static,ignoring_inline_asm
../Core/Src/config.c:81:6:SystemClock_Config	80	static,ignoring_inline_asm
../Core/Src/config.c:136:6:MX_RTC_Init	8	static,ignoring_inline_asm
../Core/Src/config.c:163:6:MX_TIM1_Init	120	static,ignoring_inline_asm
../Core/Src/config.c:251:6:MX_TIM2_Init	56	static,ignoring_inline_asm
../Core/Src/config.c:291:6:MX_TIM3_Init	64	static,ignoring_inline_asm
../Core/Src/config.c:351:6:MX_TIM14_Init	40	static,ignoring_inline_asm
../Core/Src/config.c:387:6:MX_TIM16_Init	88	static,ignoring_inline_asm
../Core/Src/config.c:442:6:MX_TIM17_Init	88	static,ignoring_inline_asm
../Core/Src/config.c:498:6:MX_USART2_UART_Init	8	static,ignoring_inline_asm
../Core/Src/config.c:523:6:MX_GPIO_Init	64	static
../Core/Src/config.c:581:6:MX_LPTIM1_Init	8	static,ignoring_inline_asm
../Core/Src/config.c:3:9:System_Init	16	static
../Core/Src/config.c:606:6:Error_Handler	0	static,ignoring_inline_asm
