../Core/Src/multiplexer.c:44:9:Write_Digit_to_Valve	16	static
../Core/Src/multiplexer.c:68:9:Turn_Valve_Off	8	static
../Core/Src/multiplexer.c:75:9:Turn_All_Valves_Off	8	static
../Core/Src/multiplexer.c:84:9:Start_Multiplexer_Timer	8	static
../Core/Src/multiplexer.c:98:9:Start_Anti_Cathode_Poisoning_Timer	8	static
../Core/Src/multiplexer.c:112:9:Start_Adjust_Time_Slash_Alarm_Set_Mode_Timer	8	static
../Core/Src/multiplexer.c:126:9:Stop_Adjust_Time_Slash_Alarm_Set_Mode_Timer	8	static
../Core/Src/multiplexer.c:138:9:Master_Init	8	static
../Core/Src/multiplexer.c:180:9:Set_System_Mode_and_Store_Previous_Mode	0	static
../Core/Src/multiplexer.c:188:9:Toggle_HV_Power_Supply	8	static
../Core/Src/multiplexer.c:202:9:Get_RTC_Time	8	static
../Core/Src/multiplexer.c:229:9:Read_Time_From_Flash	0	static
../Core/Src/multiplexer.c:262:9:Pack_Time_Into_Doubleword	0	static
../Core/Src/multiplexer.c:210:9:Write_Time_In_Flash	48	static
../Core/Src/multiplexer.c:275:9:Check_Rotary_Encoder_Switch_State	8	static
../Core/Src/multiplexer.c:319:9:Set_Fault_LED_ON	8	static
../Core/Src/multiplexer.c:327:9:Set_Alarm	56	static
../Core/Src/multiplexer.c:351:9:Clear_Alarm	8	static
../Core/Src/multiplexer.c:361:9:Set_Adjust_Time_LED_ON	8	static
../Core/Src/multiplexer.c:371:9:Set_Adjust_Time_LED_OFF	0	static
../Core/Src/multiplexer.c:379:9:Set_Alarm_Set_LEDs_ON	8	static
../Core/Src/multiplexer.c:392:9:Set_Alarm_Set_LEDs_OFF	8	static
../Core/Src/multiplexer.c:400:9:Initialise_Rotary_Encoder_LEDs	16	static
../Core/Src/multiplexer.c:411:9:Initialise_Valve_LEDs	16	static
../Core/Src/multiplexer.c:424:9:Sound_Alarm	8	static
../Core/Src/multiplexer.c:459:9:Double_Flash_Red_Rotary_Encoder_LED	0	static
