../Core/Src/multiplexer.c:9:9:Write_Digit_to_Valve	16	static
../Core/Src/multiplexer.c:33:9:Turn_Valve_Off	8	static
../Core/Src/multiplexer.c:40:9:Turn_All_Valves_Off	8	static
../Core/Src/multiplexer.c:49:9:Start_Multiplexer_Timer	8	static
../Core/Src/multiplexer.c:63:9:Start_Anti_Cathode_Poisoning_Timer	8	static
../Core/Src/multiplexer.c:77:9:Start_Adjust_Time_Slash_Alarm_Set_Mode_Timer	8	static
../Core/Src/multiplexer.c:91:9:Stop_Adjust_Time_Slash_Alarm_Set_Mode_Timer	8	static
../Core/Src/multiplexer.c:103:9:Master_Init	0	static
../Core/Src/multiplexer.c:137:9:Set_System_Mode_and_Store_Previous_Mode	0	static
../Core/Src/multiplexer.c:145:9:Toggle_HV_Power_Supply	8	static
../Core/Src/multiplexer.c:159:9:Get_RTC_Time	8	static
../Core/Src/multiplexer.c:186:9:Read_Time_From_Flash	0	static
../Core/Src/multiplexer.c:219:9:Pack_Time_Into_Doubleword	0	static
../Core/Src/multiplexer.c:167:9:Write_Time_In_Flash	48	static
../Core/Src/multiplexer.c:232:9:Check_Rotary_Encoder_Switch_State	8	static
../Core/Src/multiplexer.c:276:9:Set_Fault_LED_ON	8	static
../Core/Src/multiplexer.c:284:9:Set_Alarm	56	static
../Core/Src/multiplexer.c:308:9:Clear_Alarm	8	static
../Core/Src/multiplexer.c:317:9:Set_Adjust_Time_LED_ON	8	static
../Core/Src/multiplexer.c:327:9:Set_Adjust_Time_LED_OFF	0	static
../Core/Src/multiplexer.c:335:9:Set_Alarm_Set_LEDs_ON	8	static
../Core/Src/multiplexer.c:348:9:Set_Alarm_Set_LEDs_OFF	8	static
../Core/Src/multiplexer.c:356:9:Initialise_Rotary_Encoder_LEDs	16	static
../Core/Src/multiplexer.c:367:9:Initialise_Valve_LEDs	16	static
../Core/Src/multiplexer.c:380:9:Sound_Alarm	8	static
