../Core/Src/stm32g0xx_hal_msp.c:65:6:HAL_MspInit	8	static
../Core/Src/stm32g0xx_hal_msp.c:88:6:HAL_RTC_MspInit	56	static
../Core/Src/stm32g0xx_hal_msp.c:124:6:HAL_RTC_MspDeInit	0	static
../Core/Src/stm32g0xx_hal_msp.c:147:6:HAL_TIM_Base_MspInit	72	static
../Core/Src/stm32g0xx_hal_msp.c:237:6:HAL_TIM_Encoder_MspInit	40	static
../Core/Src/stm32g0xx_hal_msp.c:269:6:HAL_TIM_MspPostInit	48	static
../Core/Src/stm32g0xx_hal_msp.c:333:6:HAL_TIM_Base_MspDeInit	8	static
../Core/Src/stm32g0xx_hal_msp.c:408:6:HAL_TIM_Encoder_MspDeInit	8	static
../Core/Src/stm32g0xx_hal_msp.c:437:6:HAL_UART_MspInit	40	static
../Core/Src/stm32g0xx_hal_msp.c:474:6:HAL_UART_MspDeInit	8	static
../Core/Src/stm32g0xx_hal_msp.c:507:6:HAL_LPTIM_MspInit	88	static
../Core/Src/stm32g0xx_hal_msp.c:577:6:HAL_LPTIM_MspDeInit	8	static
