../Core/Src/stm32g0xx_hal_msp.c:3:6:HAL_MspInit	8	static
../Core/Src/stm32g0xx_hal_msp.c:9:6:HAL_RTC_MspInit	56	static
../Core/Src/stm32g0xx_hal_msp.c:28:6:HAL_RTC_MspDeInit	0	static
../Core/Src/stm32g0xx_hal_msp.c:37:6:HAL_TIM_Base_MspInit	72	static
../Core/Src/stm32g0xx_hal_msp.c:83:6:HAL_TIM_Encoder_MspInit	40	static
../Core/Src/stm32g0xx_hal_msp.c:103:6:HAL_TIM_MspPostInit	48	static
../Core/Src/stm32g0xx_hal_msp.c:150:6:HAL_TIM_Base_MspDeInit	8	static
../Core/Src/stm32g0xx_hal_msp.c:188:6:HAL_TIM_Encoder_MspDeInit	8	static
../Core/Src/stm32g0xx_hal_msp.c:203:6:HAL_UART_MspInit	40	static
../Core/Src/stm32g0xx_hal_msp.c:229:6:HAL_UART_MspDeInit	8	static
../Core/Src/stm32g0xx_hal_msp.c:244:6:HAL_LPTIM_MspInit	88	static
../Core/Src/stm32g0xx_hal_msp.c:293:6:HAL_LPTIM_MspDeInit	8	static
