../Core/Src/stm32g0xx_it.c:71:6:NMI_Handler	0	static
../Core/Src/stm32g0xx_it.c:86:6:HardFault_Handler	0	static
../Core/Src/stm32g0xx_it.c:101:6:SVC_Handler	0	static
../Core/Src/stm32g0xx_it.c:114:6:PendSV_Handler	0	static
../Core/Src/stm32g0xx_it.c:127:6:SysTick_Handler	8	static
../Core/Src/stm32g0xx_it.c:148:6:EXTI0_1_IRQHandler	8	static
../Core/Src/stm32g0xx_it.c:159:6:USART2_IRQHandler	8	static
../Core/Src/stm32g0xx_it.c:167:6:EXTI4_15_IRQHandler	8	static
../Core/Src/stm32g0xx_it.c:181:6:TIM14_IRQHandler	8	static
../Core/Src/stm32g0xx_it.c:195:6:TIM16_IRQHandler	8	static
../Core/Src/stm32g0xx_it.c:209:6:TIM17_IRQHandler	8	static
../Core/Src/stm32g0xx_it.c:224:6:RTC_TAMP_IRQHandler	8	static
../Core/Src/stm32g0xx_it.c:229:6:LPTIM1_IRQHandler	8	static
